stm32f1xx_it.c:78:6:NMI_Handler	4	static
stm32f1xx_it.c:93:6:HardFault_Handler	4	static
stm32f1xx_it.c:108:6:MemManage_Handler	4	static
stm32f1xx_it.c:123:6:BusFault_Handler	4	static
stm32f1xx_it.c:138:6:UsageFault_Handler	4	static
stm32f1xx_it.c:153:6:DebugMon_Handler	4	static
stm32f1xx_it.c:173:6:DMA1_Channel2_IRQHandler	8	static
stm32f1xx_it.c:187:6:DMA1_Channel3_IRQHandler	8	static
stm32f1xx_it.c:202:6:DMA1_Channel4_IRQHandler	8	static
stm32f1xx_it.c:216:6:DMA1_Channel5_IRQHandler	8	static
stm32f1xx_it.c:230:6:TIM1_UP_IRQHandler	8	static
stm32f1xx_it.c:244:6:USART1_IRQHandler	8	static
stm32f1xx_it.c:258:6:USART3_IRQHandler	16	static
