<html>
<body>
<pre>
<h1>µVision Build Log</h1>
<h2>Tool Versions:</h2>
IDE-Version: µVision V5.27.1.0
Copyright (C) 2019 ARM Ltd and ARM Germany GmbH. All rights reserved.
License Information: Wimansha Wimansha, Wimansha, LIC=8MZCX-H4S3I-YC9J1-CACED-JACNJ-1ZD6J
 
Tool Versions:
Toolchain:       MDK-ARM Professional  Version: 5.27.1.0
Toolchain Path:  C:\Keil_v5\ARM\ARMCC\Bin
C Compiler:      Armcc.exe V5.06 update 6 (build 750)
Assembler:       Armasm.exe V5.06 update 6 (build 750)
Linker/Locator:  ArmLink.exe V5.06 update 6 (build 750)
Library Manager: ArmAr.exe V5.06 update 6 (build 750)
Hex Converter:   FromElf.exe V5.06 update 6 (build 750)
CPU DLL:         SARMCM3.DLL V5.27.1.0
Dialog DLL:      DCM.DLL V1.17.2.0
Target DLL:      STLink\ST-LINKIII-KEIL_SWO.dll V3.0.6.0
Dialog DLL:      TCM.DLL V1.36.1.0
 
<h2>Project:</h2>
C:\Users\Wimansha\Documents\Base_Projects\TEST2\MDK-ARM\TEST2.uvprojx
Project File Date:  06/05/2019

<h2>Output:</h2>
*** Using Compiler 'V5.06 update 6 (build 750)', folder: 'C:\Keil_v5\ARM\ARMCC\Bin'
*** Warning: You are compiling one or more files of source type C++ and have selected 'use MicroLIB'. MicroLIB does not support C++!
  
Build target 'TEST2'
compiling freertos.c...
compiling stm32f7xx_it.c...
compiling main.cpp...
../Core/Src/main.cpp(535): warning:  #177-D: function "MX_TIM5_Init"  was declared but never referenced
  static void MX_TIM5_Init(void)
../Core/Src/main.cpp(594): warning:  #177-D: function "MX_TIM8_Init"  was declared but never referenced
  static void MX_TIM8_Init(void)
../Core/Src/main.cpp: 2 warnings, 0 errors
compiling stm32f7xx_hal_timebase_tim.c...
compiling GPIO.cpp...
compiling BoardConfiguration.cpp...
compiling stm32f7xx_hal_msp.c...
compiling STM32F7DMA.cpp...
compiling STM32F7HAL.cpp...
compiling STM32F7TouchController.cpp...
compiling stm32f7xx_hal_dma2d.c...
compiling STM32F7Instrumentation.cpp...
compiling HW_Init.cpp...
compiling stm32f7xx_hal_sdram.c...
compiling stm32f7xx_ll_fmc.c...
compiling stm32f7xx_hal_ltdc.c...
compiling stm32f7xx_hal_ltdc_ex.c...
compiling stm32f7xx_hal_dsi.c...
compiling stm32f7xx_hal_tim.c...
compiling stm32f7xx_hal_tim_ex.c...
compiling stm32f7xx_hal_adc_ex.c...
compiling stm32f7xx_hal_adc.c...
compiling stm32f7xx_hal_crc_ex.c...
compiling stm32f7xx_hal_cortex.c...
compiling stm32f7xx_hal_crc.c...
compiling stm32f7xx_hal_i2c_ex.c...
compiling stm32f7xx_hal_qspi.c...
compiling stm32f7xx_hal_i2c.c...
compiling stm32f7xx_hal_rtc.c...
compiling stm32f7xx_hal_rtc_ex.c...
compiling stm32f7xx_hal_spi.c...
compiling stm32f7xx_hal_uart_ex.c...
compiling stm32f7xx_hal_spi_ex.c...
compiling stm32f7xx_hal_uart.c...
compiling stm32f7xx_hal_flash.c...
compiling stm32f7xx_hal_rcc_ex.c...
compiling stm32f7xx_hal_rcc.c...
compiling stm32f7xx_hal_dma.c...
compiling stm32f7xx_hal_flash_ex.c...
compiling stm32f7xx_hal_gpio.c...
compiling stm32f7xx_hal_pwr.c...
compiling stm32f7xx_hal_pwr_ex.c...
compiling stm32f7xx_hal_dma_ex.c...
compiling system_stm32f7xx.c...
compiling stm32f7xx_hal_exti.c...
compiling stm32f7xx_hal.c...
compiling croutine.c...
compiling list.c...
compiling event_groups.c...
compiling stream_buffer.c...
compiling queue.c...
compiling timers.c...
compiling tasks.c...
compiling heap_4.c...
compiling cmsis_os.c...
compiling port.c...
compiling OSWrappers.cpp...
compiling Model.cpp...
compiling FrontendApplication.cpp...
compiling Screen1Presenter.cpp...
compiling Screen1View.cpp...
compiling Screen2Presenter.cpp...
compiling BitmapDatabase.cpp...
compiling ApplicationFontProvider.cpp...
compiling Screen2View.cpp...
compiling blue_togglebars_toggle_round_large_button_off.cpp...
compiling blue_togglebars_toggle_round_large_button_on.cpp...
compiling Font_verdana_10_4bpp.cpp...
compiling Font_verdana_20_4bpp.cpp...
compiling Font_verdana_40_4bpp.cpp...
compiling FontGetters.cpp...
compiling face_1.cpp...
compiling Kerning_verdana_10_4bpp.cpp...
compiling Kerning_verdana_20_4bpp.cpp...
compiling Kerning_verdana_40_4bpp.cpp...
compiling LanguageGb.cpp...
compiling FrontendApplicationBase.cpp...
compiling Table_verdana_10_4bpp.cpp...
compiling Screen1ViewBase.cpp...
compiling Table_verdana_20_4bpp.cpp...
compiling Table_verdana_40_4bpp.cpp...
compiling Screen2ViewBase.cpp...
compiling TypedTextDatabase.cpp...
compiling Texts.cpp...
compiling stm32746g_discovery_ts.c...
compiling stm32746g_discovery_qspi.c...
compiling ft5336.c...
compiling stm32746g_discovery.c...
linking...
Program Size: Code=62024 RO-data=302728 RW-data=420 ZI-data=46860  
FromELF: creating hex file...
"TEST2\TEST2.axf" - 0 Error(s), 2 Warning(s).

<h2>Software Packages used:</h2>

Package Vendor: ARM
                http://www.keil.com/pack/ARM.CMSIS.5.5.1.pack
                ARM.CMSIS.5.5.1
                CMSIS (Cortex Microcontroller Software Interface Standard)
   * Component: CORE Version: 5.2.0

Package Vendor: Keil
                http://www.keil.com/pack/Keil.STM32F7xx_DFP.2.11.0.pack
                Keil.STM32F7xx_DFP.2.11.0
                STMicroelectronics STM32F7 Series Device Support, Drivers and Examples

<h2>Collection of Component include folders:</h2>
  .\RTE\_TEST2
  C:\Users\Wimansha\AppData\Local\Arm\Packs\ARM\CMSIS\5.5.1\CMSIS\Core\Include
  C:\Users\Wimansha\AppData\Local\Arm\Packs\Keil\STM32F7xx_DFP\2.11.0\Drivers\CMSIS\Device\ST\STM32F7xx\Include

<h2>Collection of Component Files used:</h2>

   * Component: ARM::CMSIS:CORE:5.2.0
Build Time Elapsed:  00:01:52
</pre>
</body>
</html>
