Component: ARM Compiler 5.06 update 6 (build 750) Tool: armlink [4d35ed]

==============================================================================

Section Cross References

    startup_stm32f746xx.o(RESET) refers to startup_stm32f746xx.o(STACK) for __initial_sp
    startup_stm32f746xx.o(RESET) refers to startup_stm32f746xx.o(.text) for Reset_Handler
    startup_stm32f746xx.o(RESET) refers to port.o(.emb_text) for SVC_Handler
    startup_stm32f746xx.o(RESET) refers to port.o(i.SysTick_Handler) for SysTick_Handler
    startup_stm32f746xx.o(RESET) refers to stm32f7xx_it.o(i.DMA1_Stream1_IRQHandler) for DMA1_Stream1_IRQHandler
    startup_stm32f746xx.o(RESET) refers to stm32f7xx_it.o(i.DMA1_Stream2_IRQHandler) for DMA1_Stream2_IRQHandler
    startup_stm32f746xx.o(RESET) refers to stm32f7xx_it.o(i.DMA1_Stream4_IRQHandler) for DMA1_Stream4_IRQHandler
    startup_stm32f746xx.o(RESET) refers to stm32f7xx_it.o(i.CAN1_RX0_IRQHandler) for CAN1_RX0_IRQHandler
    startup_stm32f746xx.o(RESET) refers to stm32f7xx_it.o(i.TIM2_IRQHandler) for TIM2_IRQHandler
    startup_stm32f746xx.o(RESET) refers to stm32f7xx_it.o(i.TIM6_DAC_IRQHandler) for TIM6_DAC_IRQHandler
    startup_stm32f746xx.o(RESET) refers to stm32f7xx_it.o(i.DMA2_Stream1_IRQHandler) for DMA2_Stream1_IRQHandler
    startup_stm32f746xx.o(RESET) refers to stm32f7xx_it.o(i.OTG_FS_IRQHandler) for OTG_FS_IRQHandler
    startup_stm32f746xx.o(RESET) refers to stm32f7xx_it.o(i.DMA2_Stream6_IRQHandler) for DMA2_Stream6_IRQHandler
    startup_stm32f746xx.o(RESET) refers to stm32f7xx_it.o(i.LTDC_IRQHandler) for LTDC_IRQHandler
    startup_stm32f746xx.o(.text) refers to system_stm32f7xx.o(i.SystemInit) for SystemInit
    startup_stm32f746xx.o(.text) refers to entry.o(.ARM.Collect$$$$00000000) for __main
    vtask_list.o(i.vTaskCAN) refers to rand.o(.text) for rand
    vtask_list.o(i.vTaskCAN) refers to stm32f7xx_hal_can.o(i.HAL_CAN_AddTxMessage) for HAL_CAN_AddTxMessage
    vtask_list.o(i.vTaskCAN) refers to main.o(i.Error_Handler) for Error_Handler
    vtask_list.o(i.vTaskCAN) refers to stm32f7xx_hal_can.o(i.HAL_CAN_GetTxMailboxesFreeLevel) for HAL_CAN_GetTxMailboxesFreeLevel
    vtask_list.o(i.vTaskCAN) refers to main.o(.bss) for TxHeader
    vtask_list.o(i.vTaskCAN) refers to main.o(.data) for TxData
    vtask_list.o(i.vTaskCAN) refers to main.o(.data) for TxMailbox
    vtask_list.o(i.vTaskCAN) refers to main.o(.bss) for hcan1
    vtask_list.o(i.vTaskLCDT) refers to stm32746g_discovery_lcd.o(i.BSP_LCD_Init) for BSP_LCD_Init
    vtask_list.o(i.vTaskLCDT) refers to stm32746g_discovery_lcd.o(i.BSP_LCD_LayerDefaultInit) for BSP_LCD_LayerDefaultInit
    vtask_list.o(i.vTaskLCDT) refers to stm32746g_discovery_lcd.o(i.BSP_LCD_DisplayOn) for BSP_LCD_DisplayOn
    vtask_list.o(i.vTaskLCDT) refers to stm32746g_discovery_lcd.o(i.BSP_LCD_SelectLayer) for BSP_LCD_SelectLayer
    vtask_list.o(i.vTaskLCDT) refers to stm32746g_discovery_lcd.o(i.BSP_LCD_Clear) for BSP_LCD_Clear
    vtask_list.o(i.vTaskLCDT) refers to stm32746g_discovery_lcd.o(i.BSP_LCD_SetTextColor) for BSP_LCD_SetTextColor
    vtask_list.o(i.vTaskLCDT) refers to stm32746g_discovery_lcd.o(i.BSP_LCD_SetFont) for BSP_LCD_SetFont
    vtask_list.o(i.vTaskLCDT) refers to queue.o(i.xQueueReceive) for xQueueReceive
    vtask_list.o(i.vTaskLCDT) refers to printf5.o(i.__0sprintf$5) for __2sprintf
    vtask_list.o(i.vTaskLCDT) refers to stm32746g_discovery_lcd.o(i.BSP_LCD_ClearStringLine) for BSP_LCD_ClearStringLine
    vtask_list.o(i.vTaskLCDT) refers to stm32746g_discovery_lcd.o(i.BSP_LCD_DisplayStringAt) for BSP_LCD_DisplayStringAt
    vtask_list.o(i.vTaskLCDT) refers to stm32746g_discovery_lcd.o(.data) for Font12
    vtask_list.o(i.vTaskLCDT) refers to main.o(.data) for xQueue2
    vtask_list.o(i.vTaskLCDT) refers to main.o(.bss) for packetToDisplay
    vtask_list.o(i.vTaskLCDT) refers to main.o(.bss) for lcdText
    vtask_list.o(i.vTaskLIST) refers to queue.o(i.xQueueReceive) for xQueueReceive
    vtask_list.o(i.vTaskLIST) refers to main.o(.data) for xQueue2
    vtask_list.o(i.vTaskLIST) refers to main.o(.bss) for packetToDisplay
    vtask_list.o(i.vTaskLIST) refers to main.o(.bss) for dataStr
    vtask_list.o(i.vTaskUSB) refers to tasks.o(i.uxTaskGetStackHighWaterMark) for uxTaskGetStackHighWaterMark
    vtask_list.o(i.vTaskUSB) refers to printf5.o(i.__0sprintf$5) for __2sprintf
    vtask_list.o(i.vTaskUSB) refers to queue.o(i.xQueueReceive) for xQueueReceive
    vtask_list.o(i.vTaskUSB) refers to stm32f7xx_hal_gpio.o(i.HAL_GPIO_WritePin) for HAL_GPIO_WritePin
    vtask_list.o(i.vTaskUSB) refers to ff.o(i.f_mount) for f_mount
    vtask_list.o(i.vTaskUSB) refers to ff.o(i.f_open) for f_open
    vtask_list.o(i.vTaskUSB) refers to ff.o(i.f_printf) for f_printf
    vtask_list.o(i.vTaskUSB) refers to ff.o(i.f_close) for f_close
    vtask_list.o(i.vTaskUSB) refers to main.o(.data) for uxHighWaterMark
    vtask_list.o(i.vTaskUSB) refers to main.o(.bss) for fileName
[...]
    HAL_GetTick                              0x08001f0d   Thumb Code     6  stm32f7xx_hal.o(i.HAL_GetTick)
    HAL_HCD_Connect_Callback                 0x08001f19   Thumb Code     8  usbh_conf.o(i.HAL_HCD_Connect_Callback)
    HAL_HCD_Disconnect_Callback              0x08001f21   Thumb Code     8  usbh_conf.o(i.HAL_HCD_Disconnect_Callback)
    HAL_HCD_GetCurrentFrame                  0x08001f29   Thumb Code     6  stm32f7xx_hal_hcd.o(i.HAL_HCD_GetCurrentFrame)
    HAL_HCD_GetCurrentSpeed                  0x08001f2f   Thumb Code     6  stm32f7xx_hal_hcd.o(i.HAL_HCD_GetCurrentSpeed)
    HAL_HCD_HC_GetURBState                   0x08001f35   Thumb Code    14  stm32f7xx_hal_hcd.o(i.HAL_HCD_HC_GetURBState)
    HAL_HCD_HC_GetXferCount                  0x08001f43   Thumb Code    12  stm32f7xx_hal_hcd.o(i.HAL_HCD_HC_GetXferCount)
    HAL_HCD_HC_Halt                          0x08001f4f   Thumb Code    36  stm32f7xx_hal_hcd.o(i.HAL_HCD_HC_Halt)
    HAL_HCD_HC_Init                          0x08001f73   Thumb Code   118  stm32f7xx_hal_hcd.o(i.HAL_HCD_HC_Init)
    HAL_HCD_HC_NotifyURBChange_Callback      0x08001fe9   Thumb Code     8  usbh_conf.o(i.HAL_HCD_HC_NotifyURBChange_Callback)
    HAL_HCD_HC_SubmitRequest                 0x08001ff1   Thumb Code   148  stm32f7xx_hal_hcd.o(i.HAL_HCD_HC_SubmitRequest)
    HAL_HCD_IRQHandler                       0x08002085   Thumb Code   306  stm32f7xx_hal_hcd.o(i.HAL_HCD_IRQHandler)
    HAL_HCD_Init                             0x080021b7   Thumb Code   104  stm32f7xx_hal_hcd.o(i.HAL_HCD_Init)
    HAL_HCD_MspInit                          0x08002221   Thumb Code   146  usbh_conf.o(i.HAL_HCD_MspInit)
    HAL_HCD_PortDisabled_Callback            0x080022bd   Thumb Code     8  usbh_conf.o(i.HAL_HCD_PortDisabled_Callback)
    HAL_HCD_PortEnabled_Callback             0x080022c5   Thumb Code     8  usbh_conf.o(i.HAL_HCD_PortEnabled_Callback)
    HAL_HCD_ResetPort                        0x080022cd   Thumb Code     6  stm32f7xx_hal_hcd.o(i.HAL_HCD_ResetPort)
    HAL_HCD_SOF_Callback                     0x080022d3   Thumb Code     8  usbh_conf.o(i.HAL_HCD_SOF_Callback)
    HAL_HCD_Start                            0x080022db   Thumb Code    44  stm32f7xx_hal_hcd.o(i.HAL_HCD_Start)
    HAL_HCD_Stop                             0x08002307   Thumb Code    36  stm32f7xx_hal_hcd.o(i.HAL_HCD_Stop)
    HAL_I2CEx_ConfigAnalogFilter             0x0800232b   Thumb Code    88  stm32f7xx_hal_i2c_ex.o(i.HAL_I2CEx_ConfigAnalogFilter)
    HAL_I2CEx_ConfigDigitalFilter            0x08002383   Thumb Code    84  stm32f7xx_hal_i2c_ex.o(i.HAL_I2CEx_ConfigDigitalFilter)
    HAL_I2C_Init                             0x080023d9   Thumb Code   180  stm32f7xx_hal_i2c.o(i.HAL_I2C_Init)
    HAL_I2C_MspInit                          0x08002491   Thumb Code   188  stm32f7xx_hal_msp.o(i.HAL_I2C_MspInit)
    HAL_IncTick                              0x08002565   Thumb Code    12  stm32f7xx_hal.o(i.HAL_IncTick)
    HAL_Init                                 0x08002575   Thumb Code    40  stm32f7xx_hal.o(i.HAL_Init)
    HAL_InitTick                             0x080025a1   Thumb Code   102  stm32f7xx_hal_timebase_tim.o(i.HAL_InitTick)
    HAL_LTDC_ConfigLayer                     0x08002615   Thumb Code    82  stm32f7xx_hal_ltdc.o(i.HAL_LTDC_ConfigLayer)
    HAL_LTDC_ErrorCallback                   0x08002667   Thumb Code     2  stm32f7xx_hal_ltdc.o(i.HAL_LTDC_ErrorCallback)
    HAL_LTDC_GetState                        0x08002669   Thumb Code     6  stm32f7xx_hal_ltdc.o(i.HAL_LTDC_GetState)
    HAL_LTDC_IRQHandler                      0x0800266f   Thumb Code   200  stm32f7xx_hal_ltdc.o(i.HAL_LTDC_IRQHandler)
    HAL_LTDC_Init                            0x08002739   Thumb Code   242  stm32f7xx_hal_ltdc.o(i.HAL_LTDC_Init)
    HAL_LTDC_LineEventCallback               0x08002831   Thumb Code     2  stm32f7xx_hal_ltdc.o(i.HAL_LTDC_LineEventCallback)
    HAL_LTDC_MspInit                         0x08002835   Thumb Code   256  stm32f7xx_hal_msp.o(i.HAL_LTDC_MspInit)
    HAL_LTDC_ReloadEventCallback             0x08002951   Thumb Code     2  stm32f7xx_hal_ltdc.o(i.HAL_LTDC_ReloadEventCallback)
    HAL_MspInit                              0x08002955   Thumb Code    52  stm32f7xx_hal_msp.o(i.HAL_MspInit)
    HAL_NVIC_EnableIRQ                       0x0800298d   Thumb Code    26  stm32f7xx_hal_cortex.o(i.HAL_NVIC_EnableIRQ)
    HAL_NVIC_SetPriority                     0x080029a9   Thumb Code    60  stm32f7xx_hal_cortex.o(i.HAL_NVIC_SetPriority)
    HAL_NVIC_SetPriorityGrouping             0x080029e9   Thumb Code    28  stm32f7xx_hal_cortex.o(i.HAL_NVIC_SetPriorityGrouping)
    HAL_PWREx_EnableOverDrive                0x08002a0d   Thumb Code   100  stm32f7xx_hal_pwr_ex.o(i.HAL_PWREx_EnableOverDrive)
    HAL_PWR_EnableBkUpAccess                 0x08002a79   Thumb Code    12  stm32f7xx_hal_pwr.o(i.HAL_PWR_EnableBkUpAccess)
    HAL_RCCEx_PeriphCLKConfig                0x08002a89   Thumb Code  1276  stm32f7xx_hal_rcc_ex.o(i.HAL_RCCEx_PeriphCLKConfig)
    HAL_RCC_ClockConfig                      0x08002f85   Thumb Code   282  stm32f7xx_hal_rcc.o(i.HAL_RCC_ClockConfig)
    HAL_RCC_GetClockConfig                   0x080030b1   Thumb Code    56  stm32f7xx_hal_rcc.o(i.HAL_RCC_GetClockConfig)
    HAL_RCC_GetPCLK1Freq                     0x080030f1   Thumb Code    20  stm32f7xx_hal_rcc.o(i.HAL_RCC_GetPCLK1Freq)
    HAL_RCC_GetPCLK2Freq                     0x08003111   Thumb Code    20  stm32f7xx_hal_rcc.o(i.HAL_RCC_GetPCLK2Freq)
    HAL_RCC_GetSysClockFreq                  0x08003131   Thumb Code    88  stm32f7xx_hal_rcc.o(i.HAL_RCC_GetSysClockFreq)
    HAL_RCC_OscConfig                        0x08003195   Thumb Code   810  stm32f7xx_hal_rcc.o(i.HAL_RCC_OscConfig)
    HAL_SDRAM_Init                           0x080034cd   Thumb Code    66  stm32f7xx_hal_sdram.o(i.HAL_SDRAM_Init)
    HAL_SDRAM_MspInit                        0x0800350f   Thumb Code     4  stm32f7xx_hal_msp.o(i.HAL_SDRAM_MspInit)
    HAL_SDRAM_ProgramRefreshRate             0x08003513   Thumb Code    34  stm32f7xx_hal_sdram.o(i.HAL_SDRAM_ProgramRefreshRate)
    HAL_SDRAM_SendCommand                    0x08003535   Thumb Code    48  stm32f7xx_hal_sdram.o(i.HAL_SDRAM_SendCommand)
    HAL_TIMEx_Break2Callback                 0x08003565   Thumb Code     2  stm32f7xx_hal_tim_ex.o(i.HAL_TIMEx_Break2Callback)
    HAL_TIMEx_BreakCallback                  0x08003567   Thumb Code     2  stm32f7xx_hal_tim_ex.o(i.HAL_TIMEx_BreakCallback)
    HAL_TIMEx_CommutCallback                 0x08003569   Thumb Code     2  stm32f7xx_hal_tim_ex.o(i.HAL_TIMEx_CommutCallback)
    HAL_TIMEx_MasterConfigSynchronization    0x0800356d   Thumb Code    88  stm32f7xx_hal_tim_ex.o(i.HAL_TIMEx_MasterConfigSynchronization)
    HAL_TIM_Base_Init                        0x080035cd   Thumb Code    54  stm32f7xx_hal_tim.o(i.HAL_TIM_Base_Init)
    HAL_TIM_Base_MspInit                     0x08003605   Thumb Code   104  stm32f7xx_hal_msp.o(i.HAL_TIM_Base_MspInit)
    HAL_TIM_Base_Start_IT                    0x0800367d   Thumb Code    40  stm32f7xx_hal_tim.o(i.HAL_TIM_Base_Start_IT)
    HAL_TIM_IC_CaptureCallback               0x080036a9   Thumb Code     2  stm32f7xx_hal_tim.o(i.HAL_TIM_IC_CaptureCallback)
    HAL_TIM_IRQHandler                       0x080036ab   Thumb Code   386  stm32f7xx_hal_tim.o(i.HAL_TIM_IRQHandler)
    HAL_TIM_OC_DelayElapsedCallback          0x0800382d   Thumb Code     2  stm32f7xx_hal_tim.o(i.HAL_TIM_OC_DelayElapsedCallback)
    HAL_TIM_PWM_PulseFinishedCallback        0x0800382f   Thumb Code     2  stm32f7xx_hal_tim.o(i.HAL_TIM_PWM_PulseFinishedCallback)
    HAL_TIM_PeriodElapsedCallback            0x08003831   Thumb Code    14  main.o(i.HAL_TIM_PeriodElapsedCallback)
    HAL_TIM_TriggerCallback                  0x0800383f   Thumb Code     2  stm32f7xx_hal_tim.o(i.HAL_TIM_TriggerCallback)
    HAL_UART_Init                            0x08003841   Thumb Code   102  stm32f7xx_hal_uart.o(i.HAL_UART_Init)
    HAL_UART_MspInit                         0x080038a9   Thumb Code   188  stm32f7xx_hal_msp.o(i.HAL_UART_MspInit)
    LTDC_IRQHandler                          0x08003f9d   Thumb Code     6  stm32f7xx_it.o(i.LTDC_IRQHandler)
    MX_DriverVbusFS                          0x0800429d   Thumb Code    16  usbh_platform.o(i.MX_DriverVbusFS)
    MX_FATFS_Init                            0x080042b1   Thumb Code    18  fatfs.o(i.MX_FATFS_Init)
    MX_USB_HOST_Init                         0x0800467d   Thumb Code    52  usb_host.o(i.MX_USB_HOST_Init)
    OTG_FS_IRQHandler                        0x080046bd   Thumb Code     6  stm32f7xx_it.o(i.OTG_FS_IRQHandler)
    StartDefaultTask                         0x080046c9   Thumb Code    16  main.o(i.StartDefaultTask)
    SysTick_Handler                          0x080046d9   Thumb Code    42  port.o(i.SysTick_Handler)
    SystemClock_Config                       0x08004709   Thumb Code   176  main.o(i.SystemClock_Config)
    SystemInit                               0x080047c5   Thumb Code    68  system_stm32f7xx.o(i.SystemInit)
    TIM2_IRQHandler                          0x08004819   Thumb Code     6  stm32f7xx_it.o(i.TIM2_IRQHandler)
    TIM6_DAC_IRQHandler                      0x08004825   Thumb Code     6  stm32f7xx_it.o(i.TIM6_DAC_IRQHandler)
    TIM_Base_SetConfig                       0x08004831   Thumb Code   158  stm32f7xx_hal_tim.o(i.TIM_Base_SetConfig)
    UART_AdvFeatureConfig                    0x080048fd   Thumb Code   200  stm32f7xx_hal_uart.o(i.UART_AdvFeatureConfig)
    UART_CheckIdleState                      0x080049c5   Thumb Code    60  stm32f7xx_hal_uart.o(i.UART_CheckIdleState)
    UART_SetConfig                           0x08004a01   Thumb Code   546  stm32f7xx_hal_uart.o(i.UART_SetConfig)
    UART_WaitOnFlagUntilTimeout              0x08004c55   Thumb Code    96  stm32f7xx_hal_uart.o(i.UART_WaitOnFlagUntilTimeout)
    USBH_AllocPipe                           0x08004cb5   Thumb Code    52  usbh_pipes.o(i.USBH_AllocPipe)
    USBH_BulkReceiveData                     0x08004ce9   Thumb Code    32  usbh_ioreq.o(i.USBH_BulkReceiveData)
    USBH_BulkSendData                        0x08004d09   Thumb Code    40  usbh_ioreq.o(i.USBH_BulkSendData)
    USBH_ClosePipe                           0x08004d31   Thumb Code    10  usbh_pipes.o(i.USBH_ClosePipe)
    USBH_ClrFeature                          0x08004d3b   Thumb Code    34  usbh_ctlreq.o(i.USBH_ClrFeature)
    USBH_CtlReceiveData                      0x08004d5d   Thumb Code    30  usbh_ioreq.o(i.USBH_CtlReceiveData)
    USBH_CtlReq                              0x08004d7b   Thumb Code    86  usbh_ctlreq.o(i.USBH_CtlReq)
    USBH_CtlSendData                         0x08004dd1   Thumb Code    40  usbh_ioreq.o(i.USBH_CtlSendData)
    USBH_CtlSendSetup                        0x08004df9   Thumb Code    30  usbh_ioreq.o(i.USBH_CtlSendSetup)
    USBH_Delay                               0x08004e17   Thumb Code     4  usbh_conf.o(i.USBH_Delay)
    USBH_FindInterface                       0x08004e1b   Thumb Code    64  usbh_core.o(i.USBH_FindInterface)
    USBH_FreePipe                            0x08004e5b   Thumb Code    24  usbh_pipes.o(i.USBH_FreePipe)
    USBH_GetDescriptor                       0x08004e73   Thumb Code    52  usbh_ctlreq.o(i.USBH_GetDescriptor)
    USBH_GetNextDesc                         0x08004ea7   Thumb Code    14  usbh_ctlreq.o(i.USBH_GetNextDesc)
    USBH_Get_CfgDesc                         0x08004eb5   Thumb Code    44  usbh_ctlreq.o(i.USBH_Get_CfgDesc)
    USBH_Get_DevDesc                         0x08004ee1   Thumb Code   144  usbh_ctlreq.o(i.USBH_Get_DevDesc)
    USBH_Get_StringDesc                      0x08004f71   Thumb Code    72  usbh_ctlreq.o(i.USBH_Get_StringDesc)
    USBH_Get_USB_Status                      0x08004fb9   Thumb Code    24  usbh_conf.o(i.USBH_Get_USB_Status)
    USBH_Init                                0x080052ad   Thumb Code    98  usbh_core.o(i.USBH_Init)
    USBH_LL_ClosePipe                        0x08005315   Thumb Code    18  usbh_conf.o(i.USBH_LL_ClosePipe)
    USBH_LL_Connect                          0x08005327   Thumb Code    62  usbh_core.o(i.USBH_LL_Connect)
    USBH_LL_Disconnect                       0x08005365   Thumb Code    72  usbh_core.o(i.USBH_LL_Disconnect)
    USBH_LL_DriverVBUS                       0x080053ad   Thumb Code    26  usbh_conf.o(i.USBH_LL_DriverVBUS)
    USBH_LL_GetLastXferSize                  0x080053c7   Thumb Code     8  usbh_conf.o(i.USBH_LL_GetLastXferSize)
    USBH_LL_GetSpeed                         0x080053cf   Thumb Code    34  usbh_conf.o(i.USBH_LL_GetSpeed)
    USBH_LL_GetToggle                        0x080053f1   Thumb Code    30  usbh_conf.o(i.USBH_LL_GetToggle)
    USBH_LL_GetURBState                      0x0800540f   Thumb Code     8  usbh_conf.o(i.USBH_LL_GetURBState)
    USBH_LL_IncTimer                         0x08005417   Thumb Code    30  usbh_core.o(i.USBH_LL_IncTimer)
    USBH_LL_Init                             0x08005435   Thumb Code    74  usbh_conf.o(i.USBH_LL_Init)
    USBH_LL_NotifyURBChange                  0x08005485   Thumb Code    22  usbh_core.o(i.USBH_LL_NotifyURBChange)
    USBH_LL_OpenPipe                         0x0800549b   Thumb Code    28  usbh_conf.o(i.USBH_LL_OpenPipe)
    USBH_LL_PortDisabled                     0x080054b7   Thumb Code     8  usbh_core.o(i.USBH_LL_PortDisabled)
    USBH_LL_PortEnabled                      0x080054bf   Thumb Code     8  usbh_core.o(i.USBH_LL_PortEnabled)
    USBH_LL_ResetPort                        0x080054c7   Thumb Code    18  usbh_conf.o(i.USBH_LL_ResetPort)
    USBH_LL_SetTimer                         0x080054d9   Thumb Code     6  usbh_core.o(i.USBH_LL_SetTimer)
    USBH_LL_SetToggle                        0x080054df   Thumb Code    32  usbh_conf.o(i.USBH_LL_SetToggle)
    USBH_LL_Start                            0x080054ff   Thumb Code    18  usbh_conf.o(i.USBH_LL_Start)
    USBH_LL_Stop                             0x08005511   Thumb Code    18  usbh_conf.o(i.USBH_LL_Stop)
    USBH_LL_SubmitURB                        0x08005523   Thumb Code    34  usbh_conf.o(i.USBH_LL_SubmitURB)
    USBH_MSC_BOT_Init                        0x08005565   Thumb Code    28  usbh_msc_bot.o(i.USBH_MSC_BOT_Init)
    USBH_MSC_BOT_Process                     0x08005589   Thumb Code   540  usbh_msc_bot.o(i.USBH_MSC_BOT_Process)
    USBH_MSC_BOT_REQ_GetMaxLUN               0x080057a9   Thumb Code    28  usbh_msc_bot.o(i.USBH_MSC_BOT_REQ_GetMaxLUN)
    USBH_MSC_BOT_REQ_Reset                   0x080057c5   Thumb Code    22  usbh_msc_bot.o(i.USBH_MSC_BOT_REQ_Reset)
    USBH_MSC_GetLUNInfo                      0x08005853   Thumb Code    46  usbh_msc.o(i.USBH_MSC_GetLUNInfo)
    USBH_MSC_Read                            0x08005d5f   Thumb Code   138  usbh_msc.o(i.USBH_MSC_Read)
    USBH_MSC_SCSI_Inquiry                    0x08005de9   Thumb Code   212  usbh_msc_scsi.o(i.USBH_MSC_SCSI_Inquiry)
    USBH_MSC_SCSI_Read                       0x08005ebd   Thumb Code   136  usbh_msc_scsi.o(i.USBH_MSC_SCSI_Read)
    USBH_MSC_SCSI_ReadCapacity               0x08005f45   Thumb Code   122  usbh_msc_scsi.o(i.USBH_MSC_SCSI_ReadCapacity)
    USBH_MSC_SCSI_RequestSense               0x08005fbf   Thumb Code   150  usbh_msc_scsi.o(i.USBH_MSC_SCSI_RequestSense)
    USBH_MSC_SCSI_TestUnitReady              0x08006055   Thumb Code    78  usbh_msc_scsi.o(i.USBH_MSC_SCSI_TestUnitReady)
    USBH_MSC_SCSI_Write                      0x080060a3   Thumb Code   136  usbh_msc_scsi.o(i.USBH_MSC_SCSI_Write)
    USBH_MSC_UnitIsReady                     0x0800612f   Thumb Code    38  usbh_msc.o(i.USBH_MSC_UnitIsReady)
    USBH_MSC_Write                           0x08006155   Thumb Code   138  usbh_msc.o(i.USBH_MSC_Write)
    USBH_OpenPipe                            0x080061df   Thumb Code    20  usbh_pipes.o(i.USBH_OpenPipe)
    USBH_Process                             0x080062d1   Thumb Code   472  usbh_core.o(i.USBH_Process)
    USBH_RegisterClass                       0x080064cb   Thumb Code    30  usbh_core.o(i.USBH_RegisterClass)
    USBH_SelectInterface                     0x080064e9   Thumb Code    22  usbh_core.o(i.USBH_SelectInterface)
    USBH_SetAddress                          0x080064ff   Thumb Code    28  usbh_ctlreq.o(i.USBH_SetAddress)
    USBH_SetCfg                              0x0800651b   Thumb Code    28  usbh_ctlreq.o(i.USBH_SetCfg)
    USBH_SetFeature                          0x08006537   Thumb Code    28  usbh_ctlreq.o(i.USBH_SetFeature)
    USBH_Start                               0x08006553   Thumb Code    20  usbh_core.o(i.USBH_Start)
    USBH_initialize                          0x08006589   Thumb Code     4  usbh_diskio.o(i.USBH_initialize)
    USBH_ioctl                               0x0800658d   Thumb Code   102  usbh_diskio.o(i.USBH_ioctl)
    USBH_read                                0x080065f9   Thumb Code    62  usbh_diskio.o(i.USBH_read)
    USBH_status                              0x0800663d   Thumb Code    20  usbh_diskio.o(i.USBH_status)
    USBH_write                               0x08006655   Thumb Code    70  usbh_diskio.o(i.USBH_write)
    USB_CoreInit                             0x080066a1   Thumb Code   104  stm32f7xx_ll_usb.o(i.USB_CoreInit)
    USB_DisableGlobalInt                     0x08006745   Thumb Code    12  stm32f7xx_ll_usb.o(i.USB_DisableGlobalInt)
    USB_DoPing                               0x08006751   Thumb Code    30  stm32f7xx_ll_usb.o(i.USB_DoPing)
    USB_DriveVbus                            0x08006775   Thumb Code    44  stm32f7xx_ll_usb.o(i.USB_DriveVbus)
    USB_EnableGlobalInt                      0x080067a1   Thumb Code    12  stm32f7xx_ll_usb.o(i.USB_EnableGlobalInt)
    USB_FlushRxFifo                          0x080067ad   Thumb Code    28  stm32f7xx_ll_usb.o(i.USB_FlushRxFifo)
    USB_FlushTxFifo                          0x080067cd   Thumb Code    32  stm32f7xx_ll_usb.o(i.USB_FlushTxFifo)
    USB_GetCurrentFrame                      0x080067f1   Thumb Code     8  stm32f7xx_ll_usb.o(i.USB_GetCurrentFrame)
    USB_GetHostSpeed                         0x080067f9   Thumb Code    14  stm32f7xx_ll_usb.o(i.USB_GetHostSpeed)
    USB_GetMode                              0x08006807   Thumb Code     8  stm32f7xx_ll_usb.o(i.USB_GetMode)
    USB_HC_Halt                              0x0800680f   Thumb Code   194  stm32f7xx_ll_usb.o(i.USB_HC_Halt)
    USB_HC_Init                              0x080068d1   Thumb Code   252  stm32f7xx_ll_usb.o(i.USB_HC_Init)
    USB_HC_ReadInterrupt                     0x080069cd   Thumb Code     8  stm32f7xx_ll_usb.o(i.USB_HC_ReadInterrupt)
    USB_HC_StartXfer                         0x080069d5   Thumb Code   330  stm32f7xx_ll_usb.o(i.USB_HC_StartXfer)
    USB_HostInit                             0x08006b25   Thumb Code   174  stm32f7xx_ll_usb.o(i.USB_HostInit)
    USB_InitFSLSPClkSel                      0x08006be9   Thumb Code    56  stm32f7xx_ll_usb.o(i.USB_InitFSLSPClkSel)
    USB_ReadInterrupts                       0x08006c21   Thumb Code     8  stm32f7xx_ll_usb.o(i.USB_ReadInterrupts)
    USB_ReadPacket                           0x08006c29   Thumb Code    28  stm32f7xx_ll_usb.o(i.USB_ReadPacket)
    USB_ResetPort                            0x08006c45   Thumb Code    50  stm32f7xx_ll_usb.o(i.USB_ResetPort)
    USB_SetCurrentMode                       0x08006c77   Thumb Code    46  stm32f7xx_ll_usb.o(i.USB_SetCurrentMode)
    USB_StopHost                             0x08006ca5   Thumb Code   126  stm32f7xx_ll_usb.o(i.USB_StopHost)
    USB_WritePacket                          0x08006d23   Thumb Code    36  stm32f7xx_ll_usb.o(i.USB_WritePacket)
    __0sprintf$5                             0x08006d49   Thumb Code    34  printf5.o(i.__0sprintf$5)
    __1sprintf$5                             0x08006d49   Thumb Code     0  printf5.o(i.__0sprintf$5)
    __2sprintf                               0x08006d49   Thumb Code     0  printf5.o(i.__0sprintf$5)
    __scatterload_copy                       0x08006d93   Thumb Code    14  handlers.o(i.__scatterload_copy)
    __scatterload_null                       0x08006da1   Thumb Code     2  handlers.o(i.__scatterload_null)
    __scatterload_zeroinit                   0x08006da3   Thumb Code    14  handlers.o(i.__scatterload_zeroinit)
    disk_initialize                          0x0800759d   Thumb Code    34  diskio.o(i.disk_initialize)
    disk_ioctl                               0x080075c5   Thumb Code    20  diskio.o(i.disk_ioctl)
    disk_read                                0x080075dd   Thumb Code    22  diskio.o(i.disk_read)
    disk_status                              0x080075f9   Thumb Code    16  diskio.o(i.disk_status)
    disk_write                               0x0800760d   Thumb Code    22  diskio.o(i.disk_write)
    f_close                                  0x08007629   Thumb Code    48  ff.o(i.f_close)
    f_mount                                  0x08007659   Thumb Code   118  ff.o(i.f_mount)
    f_open                                   0x080076d5   Thumb Code   542  ff.o(i.f_open)
    f_printf                                 0x080078f9   Thumb Code   464  ff.o(i.f_printf)
    f_sync                                   0x08007ac9   Thumb Code   162  ff.o(i.f_sync)
    f_write                                  0x08007b6b   Thumb Code   476  ff.o(i.f_write)
    ff_cre_syncobj                           0x08007d47   Thumb Code    28  syscall.o(i.ff_cre_syncobj)
    ff_del_syncobj                           0x08007d63   Thumb Code    10  syscall.o(i.ff_del_syncobj)
    ff_rel_grant                             0x08007d6d   Thumb Code     4  syscall.o(i.ff_rel_grant)
    ff_req_grant                             0x08007d71   Thumb Code    20  syscall.o(i.ff_req_grant)
    free                                     0x08008099   Thumb Code    76  malloc.o(i.free)
    get_fattime                              0x080081d3   Thumb Code     4  fatfs.o(i.get_fattime)
    main                                     0x080082fd   Thumb Code   356  main.o(i.main)
    malloc                                   0x080084b5   Thumb Code    92  malloc.o(i.malloc)
    osDelay                                  0x08008575   Thumb Code    14  cmsis_os.o(i.osDelay)
    osKernelStart                            0x08008583   Thumb Code    10  cmsis_os.o(i.osKernelStart)
    osMessageCreate                          0x0800858d   Thumb Code    38  cmsis_os.o(i.osMessageCreate)
    osMessageGet                             0x080085b5   Thumb Code   144  cmsis_os.o(i.osMessageGet)
    osMessagePut                             0x08008649   Thumb Code    88  cmsis_os.o(i.osMessagePut)
    osSemaphoreCreate                        0x080086a5   Thumb Code    62  cmsis_os.o(i.osSemaphoreCreate)
    osSemaphoreDelete                        0x080086e3   Thumb Code    24  cmsis_os.o(i.osSemaphoreDelete)
    osSemaphoreRelease                       0x080086fd   Thumb Code    74  cmsis_os.o(i.osSemaphoreRelease)
    osSemaphoreWait                          0x0800874d   Thumb Code    98  cmsis_os.o(i.osSemaphoreWait)
    osThreadCreate                           0x080087b5   Thumb Code    84  cmsis_os.o(i.osThreadCreate)
    pvPortMalloc                             0x08008e3d   Thumb Code   222  heap_4.o(i.pvPortMalloc)
    pvTaskIncrementMutexHeldCount            0x08008f21   Thumb Code    18  tasks.o(i.pvTaskIncrementMutexHeldCount)
    pxPortInitialiseStack                    0x08008f39   Thumb Code    42  port.o(i.pxPortInitialiseStack)
    uxListRemove                             0x0800910f   Thumb Code    38  list.o(i.uxListRemove)
    uxTaskGetStackHighWaterMark              0x08009135   Thumb Code    28  tasks.o(i.uxTaskGetStackHighWaterMark)
    vApplicationGetIdleTaskMemory            0x08009155   Thumb Code    18  freertos.o(i.vApplicationGetIdleTaskMemory)
    vListInitialise                          0x0800916d   Thumb Code    22  list.o(i.vListInitialise)
    vListInitialiseItem                      0x08009183   Thumb Code     6  list.o(i.vListInitialiseItem)
    vListInsert                              0x08009189   Thumb Code    48  list.o(i.vListInsert)
    vListInsertEnd                           0x080091b9   Thumb Code    24  list.o(i.vListInsertEnd)
    vPortEnterCritical                       0x080091d1   Thumb Code    62  port.o(i.vPortEnterCritical)
    vPortExitCritical                        0x08009219   Thumb Code    38  port.o(i.vPortExitCritical)
    vPortFree                                0x08009245   Thumb Code    96  heap_4.o(i.vPortFree)
    vPortSetupTimerInterrupt                 0x080092a9   Thumb Code    32  port.o(i.vPortSetupTimerInterrupt)
    vPortValidateInterruptPriority           0x080092cd   Thumb Code    82  port.o(i.vPortValidateInterruptPriority)
    vQueueDelete                             0x08009329   Thumb Code    50  queue.o(i.vQueueDelete)
    vQueueUnregisterQueue                    0x0800935d   Thumb Code    36  queue.o(i.vQueueUnregisterQueue)
    vTaskDelay                               0x08009385   Thumb Code    70  tasks.o(i.vTaskDelay)
    vTaskInternalSetTimeOutState             0x080093d5   Thumb Code    12  tasks.o(i.vTaskInternalSetTimeOutState)
    vTaskLCDT                                0x080093e5   Thumb Code   162  vtask_list.o(i.vTaskLCDT)
    vTaskMissedYield                         0x080094a1   Thumb Code     8  tasks.o(i.vTaskMissedYield)
    vTaskPlaceOnEventList                    0x080094ad   Thumb Code    48  tasks.o(i.vTaskPlaceOnEventList)
    vTaskPriorityDisinheritAfterTimeout      0x080094e1   Thumb Code   174  tasks.o(i.vTaskPriorityDisinheritAfterTimeout)
    vTaskStartScheduler                      0x08009599   Thumb Code    94  tasks.o(i.vTaskStartScheduler)
    vTaskSuspendAll                          0x08009609   Thumb Code    10  tasks.o(i.vTaskSuspendAll)
    vTaskSwitchContext                       0x08009619   Thumb Code    86  tasks.o(i.vTaskSwitchContext)
    vTaskUSB                                 0x08009679   Thumb Code   186  vtask_list.o(i.vTaskUSB)
    xPortStartScheduler                      0x080097c1   Thumb Code   176  port.o(i.xPortStartScheduler)
    xQueueGenericCreate                      0x08009881   Thumb Code    76  queue.o(i.xQueueGenericCreate)
    xQueueGenericCreateStatic                0x080098cd   Thumb Code   118  queue.o(i.xQueueGenericCreateStatic)
    xQueueGenericReset                       0x08009945   Thumb Code   148  queue.o(i.xQueueGenericReset)
    xQueueGenericSend                        0x080099dd   Thumb Code   362  queue.o(i.xQueueGenericSend)
    xQueueGenericSendFromISR                 0x08009b4d   Thumb Code   204  queue.o(i.xQueueGenericSendFromISR)
    xQueueGiveFromISR                        0x08009c19   Thumb Code   172  queue.o(i.xQueueGiveFromISR)
    xQueueReceive                            0x08009cc5   Thumb Code   322  queue.o(i.xQueueReceive)
    xQueueReceiveFromISR                     0x08009e0d   Thumb Code   168  queue.o(i.xQueueReceiveFromISR)
    xQueueSemaphoreTake                      0x08009eb5   Thumb Code   392  queue.o(i.xQueueSemaphoreTake)
    xTaskCheckForTimeOut                     0x0800a041   Thumb Code   124  tasks.o(i.xTaskCheckForTimeOut)
    xTaskCreate                              0x0800a0c1   Thumb Code    90  tasks.o(i.xTaskCreate)
    xTaskCreateStatic                        0x0800a11b   Thumb Code    94  tasks.o(i.xTaskCreateStatic)
    xTaskGetSchedulerState                   0x0800a179   Thumb Code    22  tasks.o(i.xTaskGetSchedulerState)
    xTaskIncrementTick                       0x0800a195   Thumb Code   196  tasks.o(i.xTaskIncrementTick)
    xTaskPriorityDisinherit                  0x0800a261   Thumb Code   158  tasks.o(i.xTaskPriorityDisinherit)
    xTaskPriorityInherit                     0x0800a309   Thumb Code   144  tasks.o(i.xTaskPriorityInherit)
    xTaskRemoveFromEventList                 0x0800a3a1   Thumb Code   112  tasks.o(i.xTaskRemoveFromEventList)
    xTaskResumeAll                           0x0800a419   Thumb Code   188  tasks.o(i.xTaskResumeAll)
    USBH_Driver                              0x0800a4fc   Data          20  usbh_diskio.o(.constdata)
    AHBPrescTable                            0x0800a518   Data          16  system_stm32f7xx.o(.constdata)
    APBPrescTable                            0x0800a528   Data           8  system_stm32f7xx.o(.constdata)
    Font24_Table                             0x0800a530   Data        6840  stm32746g_discovery_lcd.o(.constdata)
    Font12_Table                             0x0800bfe8   Data        1140  stm32746g_discovery_lcd.o(.constdata)
    Region$$Table$$Base                      0x0800c540   Number         0  anon$$obj.o(Region$$Table)
    Region$$Table$$Limit                     0x0800c560   Number         0  anon$$obj.o(Region$$Table)
    defaultTaskHandle                        0x20000000   Data           4  main.o(.data)
    xQueue1                                  0x20000004   Data           4  main.o(.data)
    xQueue2                                  0x20000008   Data           4  main.o(.data)
    uxHighWaterMark                          0x2000000c   Data           4  main.o(.data)
    retUSBH                                  0x20000010   Data           1  fatfs.o(.data)
    USBHPath                                 0x20000011   Data           4  fatfs.o(.data)
    Appli_state                              0x20000015   Data           1  usb_host.o(.data)
    uwTickFreq                               0x20000024   Data           1  stm32f7xx_hal.o(.data)
    uwTickPrio                               0x20000028   Data           4  stm32f7xx_hal.o(.data)
    uwTick                                   0x2000002c   Data           4  stm32f7xx_hal.o(.data)
    SystemCoreClock                          0x20000030   Data           4  system_stm32f7xx.o(.data)
    Font24                                   0x20000038   Data           8  stm32746g_discovery_lcd.o(.data)
    Font12                                   0x20000040   Data           8  stm32746g_discovery_lcd.o(.data)
    pxCurrentTCB                             0x20000054   Data           4  tasks.o(.data)
    USBH_msc                                 0x200000b4   Data          32  usbh_msc.o(.data)
    __microlib_freelist                      0x200000d4   Data           4  mvars.o(.data)
    __microlib_freelist_initialised          0x200000d8   Data           4  mvars.o(.data)
    hcan1                                    0x200000dc   Data          40  main.o(.bss)
    hcrc                                     0x20000104   Data          36  main.o(.bss)
    hdma2d                                   0x20000128   Data          64  main.o(.bss)
    hi2c3                                    0x20000168   Data          76  main.o(.bss)
    hltdc                                    0x200001b4   Data         168  main.o(.bss)
    htim6                                    0x2000025c   Data          64  main.o(.bss)
    huart6                                   0x2000029c   Data         128  main.o(.bss)
    hdma_memtomem_dma2_stream0               0x2000031c   Data          96  main.o(.bss)
    hsdram1                                  0x2000037c   Data          52  main.o(.bss)
    sFilterConfig                            0x200003b0   Data          40  main.o(.bss)
    hdma_i2c3_rx                             0x200003d8   Data          96  main.o(.bss)
    hdma_i2c3_tx                             0x20000438   Data          96  main.o(.bss)
    hdma_tim6_up                             0x20000498   Data          96  main.o(.bss)
    hdma_usart6_rx                           0x200004f8   Data          96  main.o(.bss)
    hdma_usart6_tx                           0x20000558   Data          96  main.o(.bss)
    myFile                                   0x200005b8   Data        4144  main.o(.bss)
    rwtext                                   0x200015e8   Data         100  main.o(.bss)
    fileName                                 0x2000164c   Data          10  main.o(.bss)
    USBfatFs                                 0x20001658   Data        4152  main.o(.bss)
    packet                                   0x20002690   Data          36  main.o(.bss)
    packetToWrite                            0x200026b4   Data          36  main.o(.bss)
    packetToDisplay                          0x200026d8   Data          36  main.o(.bss)
    lcdText                                  0x200026fc   Data          50  main.o(.bss)
    hUsbHostFS                               0x20002984   Data         984  usb_host.o(.bss)
    hhcd_USB_OTG_FS                          0x20002d5c   Data         708  usbh_conf.o(.bss)
    htim2                                    0x20003020   Data          64  stm32f7xx_hal_timebase_tim.o(.bss)
    hLtdcHandler                             0x200030e4   Data         168  stm32746g_discovery_lcd.o(.bss)
    sdramHandle                              0x200032a4   Data          52  stm32746g_discovery_sdram.o(.bss)
    disk                                     0x20003324   Data          12  ff_gen_drv.o(.bss)
    xQueueRegistry                           0x20003330   Data          64  queue.o(.bss)
    __heap_base                              0x20007060   Data           0  startup_stm32f746xx.o(HEAP)
    __heap_limit                             0x20007260   Data           0  startup_stm32f746xx.o(HEAP)
    __initial_sp                             0x20007660   Data           0  startup_stm32f746xx.o(STACK)



==============================================================================

Memory Map of the image

  Image Entry point : 0x080001c9

  Load Region LR_IROM1 (Base: 0x08000000, Size: 0x0000c63c, Max: 0x00100000, ABSOLUTE)

    Execution Region ER_IROM1 (Exec base: 0x08000000, Load base: 0x08000000, Size: 0x0000c560, Max: 0x00100000, ABSOLUTE)

    Exec Addr    Load Addr    Size         Type   Attr      Idx    E Section Name        Object

    0x08000000   0x08000000   0x000001c8   Data   RO            3    RESET               startup_stm32f746xx.o
    0x080001c8   0x080001c8   0x00000000   Code   RO         8946  * .ARM.Collect$$$$00000000  mc_w.l(entry.o)
    0x080001c8   0x080001c8   0x00000004   Code   RO         9251    .ARM.Collect$$$$00000001  mc_w.l(entry2.o)
    0x080001cc   0x080001cc   0x00000004   Code   RO         9254    .ARM.Collect$$$$00000004  mc_w.l(entry5.o)
    0x080001d0   0x080001d0   0x00000000   Code   RO         9256    .ARM.Collect$$$$00000008  mc_w.l(entry7b.o)
    0x080001d0   0x080001d0   0x00000000   Code   RO         9258    .ARM.Collect$$$$0000000A  mc_w.l(entry8b.o)
    0x080001d0   0x080001d0   0x00000008   Code   RO         9259    .ARM.Collect$$$$0000000B  mc_w.l(entry9a.o)
    0x080001d8   0x080001d8   0x00000000   Code   RO         9261    .ARM.Collect$$$$0000000D  mc_w.l(entry10a.o)
    0x080001d8   0x080001d8   0x00000000   Code   RO         9263    .ARM.Collect$$$$0000000F  mc_w.l(entry11a.o)
    0x080001d8   0x080001d8   0x00000004   Code   RO         9252    .ARM.Collect$$$$00002712  mc_w.l(entry2.o)
    0x080001dc   0x080001dc   0x000000c2   Code   RO         8318    .emb_text           port.o
    0x0800029e   0x0800029e   0x00000002   PAD
    0x080002a0   0x080002a0   0x00000024   Code   RO            4    .text               startup_stm32f746xx.o
    0x080002c4   0x080002c4   0x00000062   Code   RO         8949    .text               mc_w.l(uldiv.o)
    0x08000326   0x08000326   0x00000024   Code   RO         8954    .text               mc_w.l(memcpya.o)
    0x0800034a   0x0800034a   0x00000024   Code   RO         8958    .text               mc_w.l(memseta.o)
    0x0800036e   0x0800036e   0x0000001e   Code   RO         9270    .text               mc_w.l(llshl.o)
    0x0800038c   0x0800038c   0x00000020   Code   RO         9272    .text               mc_w.l(llushr.o)
    0x080003ac   0x080003ac   0x00000024   Code   RO         9287    .text               mc_w.l(init.o)
    0x080003d0   0x080003d0   0x00000038   Code   RO         6002    i.BSP_LCD_Clear     stm32746g_discovery_lcd.o
    0x08000408   0x08000408   0x0000005c   Code   RO         6003    i.BSP_LCD_ClearStringLine  stm32746g_discovery_lcd.o
    0x08000464   0x08000464   0x00000020   Code   RO         6004    i.BSP_LCD_ClockConfig  stm32746g_discovery_lcd.o
    0x08000484   0x08000484   0x00000034   Code   RO         6006    i.BSP_LCD_DisplayChar  stm32746g_discovery_lcd.o
    0x080004b8   0x080004b8   0x00000034   Code   RO         6008    i.BSP_LCD_DisplayOn  stm32746g_discovery_lcd.o
    0x080004ec   0x080004ec   0x000000c8   Code   RO         6009    i.BSP_LCD_DisplayStringAt  stm32746g_discovery_lcd.o
    0x080005b4   0x080005b4   0x00000064   Code   RO         6016    i.BSP_LCD_DrawPixel  stm32746g_discovery_lcd.o
    0x08000618   0x08000618   0x0000009c   Code   RO         6023    i.BSP_LCD_FillRect  stm32746g_discovery_lcd.o
    0x080006b4   0x080006b4   0x00000020   Code   RO         6027    i.BSP_LCD_GetXSize  stm32746g_discovery_lcd.o
    0x080006d4   0x080006d4   0x00000020   Code   RO         6028    i.BSP_LCD_GetYSize  stm32746g_discovery_lcd.o
    0x080006f4   0x080006f4   0x000000a4   Code   RO         6029    i.BSP_LCD_Init      stm32746g_discovery_lcd.o
    0x08000798   0x08000798   0x00000078   Code   RO         6030    i.BSP_LCD_LayerDefaultInit  stm32746g_discovery_lcd.o
    0x08000810   0x08000810   0x00000138   Code   RO         6033    i.BSP_LCD_MspInit   stm32746g_discovery_lcd.o
    0x08000948   0x08000948   0x0000000c   Code   RO         6038    i.BSP_LCD_SelectLayer  stm32746g_discovery_lcd.o
    0x08000954   0x08000954   0x0000001c   Code   RO         6042    i.BSP_LCD_SetFont   stm32746g_discovery_lcd.o
    0x08000970   0x08000970   0x00000018   Code   RO         6049    i.BSP_LCD_SetTextColor  stm32746g_discovery_lcd.o
    0x08000988   0x08000988   0x00000078   Code   RO         6383    i.BSP_SDRAM_Init    stm32746g_discovery_sdram.o
    0x08000a00   0x08000a00   0x0000008c   Code   RO         6384    i.BSP_SDRAM_Initialization_sequence  stm32746g_discovery_sdram.o
    0x08000a8c   0x08000a8c   0x00000168   Code   RO         6386    i.BSP_SDRAM_MspInit  stm32746g_discovery_sdram.o
    0x08000bf4   0x08000bf4   0x00000054   Code   RO          856    i.CAN1_RX0_IRQHandler  stm32f7xx_it.o
    0x08000c48   0x08000c48   0x0000000c   Code   RO          857    i.DMA1_Stream1_IRQHandler  stm32f7xx_it.o
    0x08000c54   0x08000c54   0x0000000c   Code   RO          858    i.DMA1_Stream2_IRQHandler  stm32f7xx_it.o
    0x08000c60   0x08000c60   0x0000000c   Code   RO          859    i.DMA1_Stream4_IRQHandler  stm32f7xx_it.o
    0x08000c6c   0x08000c6c   0x00000092   Code   RO         3616    i.DMA2D_SetConfig   stm32f7xx_hal_dma2d.o
    0x08000cfe   0x08000cfe   0x00000002   PAD
    0x08000d00   0x08000d00   0x0000000c   Code   RO          860    i.DMA2_Stream1_IRQHandler  stm32f7xx_it.o
    0x08000d0c   0x08000d0c   0x0000000c   Code   RO          861    i.DMA2_Stream6_IRQHandler  stm32f7xx_it.o
    0x08000d18   0x08000d18   0x00000028   Code   RO         2021    i.DMA_CalcBaseAndBitshift  stm32f7xx_hal_dma.o
    0x08000d40   0x08000d40   0x00000054   Code   RO         2022    i.DMA_CheckFifoParam  stm32f7xx_hal_dma.o
    0x08000d94   0x08000d94   0x00000048   Code   RO         8398    i.DeInitStateMachine  usbh_core.o
    0x08000ddc   0x08000ddc   0x000000b0   Code   RO         6054    i.DrawChar          stm32746g_discovery_lcd.o
    0x08000e8c   0x08000e8c   0x00000002   Code   RO          321    i.Error_Handler     main.o
    0x08000e8e   0x08000e8e   0x00000006   Code   RO         7027    i.FATFS_LinkDriver  ff_gen_drv.o
    0x08000e94   0x08000e94   0x00000040   Code   RO         7028    i.FATFS_LinkDriverEx  ff_gen_drv.o
    0x08000ed4   0x08000ed4   0x0000005e   Code   RO         3828    i.FMC_SDRAM_Init    stm32f7xx_ll_fmc.o
    0x08000f32   0x08000f32   0x0000000c   Code   RO         3829    i.FMC_SDRAM_ProgramRefreshRate  stm32f7xx_ll_fmc.o
    0x08000f3e   0x08000f3e   0x00000020   Code   RO         3830    i.FMC_SDRAM_SendCommand  stm32f7xx_ll_fmc.o
    0x08000f5e   0x08000f5e   0x00000002   PAD
    0x08000f60   0x08000f60   0x0000008c   Code   RO         3832    i.FMC_SDRAM_Timing_Init  stm32f7xx_ll_fmc.o
    0x08000fec   0x08000fec   0x00000024   Code   RO         3277    i.HAL_CAN_ActivateNotification  stm32f7xx_hal_can.o
    0x08001010   0x08001010   0x0000010c   Code   RO         3279    i.HAL_CAN_ConfigFilter  stm32f7xx_hal_can.o
    0x0800111c   0x0800111c   0x00000002   Code   RO         3282    i.HAL_CAN_ErrorCallback  stm32f7xx_hal_can.o
    0x0800111e   0x0800111e   0x00000002   PAD
    0x08001120   0x08001120   0x000000fa   Code   RO         3285    i.HAL_CAN_GetRxMessage  stm32f7xx_hal_can.o
    0x0800121a   0x0800121a   0x000001fc   Code   RO         3289    i.HAL_CAN_IRQHandler  stm32f7xx_hal_can.o
    0x08001416   0x08001416   0x0000011a   Code   RO         3290    i.HAL_CAN_Init      stm32f7xx_hal_can.o
    0x08001530   0x08001530   0x00000074   Code   RO          939    i.HAL_CAN_MspInit   stm32f7xx_hal_msp.o
    0x080015a4   0x080015a4   0x00000002   Code   RO         3297    i.HAL_CAN_RxFifo0FullCallback  stm32f7xx_hal_can.o
    0x080015a6   0x080015a6   0x00000002   Code   RO         3298    i.HAL_CAN_RxFifo0MsgPendingCallback  stm32f7xx_hal_can.o
    0x080015a8   0x080015a8   0x00000002   Code   RO         3299    i.HAL_CAN_RxFifo1FullCallback  stm32f7xx_hal_can.o
    0x080015aa   0x080015aa   0x00000002   Code   RO         3300    i.HAL_CAN_RxFifo1MsgPendingCallback  stm32f7xx_hal_can.o
    0x080015ac   0x080015ac   0x00000002   Code   RO         3301    i.HAL_CAN_SleepCallback  stm32f7xx_hal_can.o
    0x080015ae   0x080015ae   0x00000002   PAD
    0x080015b0   0x080015b0   0x00000058   Code   RO         3302    i.HAL_CAN_Start     stm32f7xx_hal_can.o
    0x08001608   0x08001608   0x00000002   Code   RO         3304    i.HAL_CAN_TxMailbox0AbortCallback  stm32f7xx_hal_can.o
    0x0800160a   0x0800160a   0x00000002   Code   RO         3305    i.HAL_CAN_TxMailbox0CompleteCallback  stm32f7xx_hal_can.o
    0x0800160c   0x0800160c   0x00000002   Code   RO         3306    i.HAL_CAN_TxMailbox1AbortCallback  stm32f7xx_hal_can.o
    0x0800160e   0x0800160e   0x00000002   Code   RO         3307    i.HAL_CAN_TxMailbox1CompleteCallback  stm32f7xx_hal_can.o
    0x08001610   0x08001610   0x00000002   Code   RO         3308    i.HAL_CAN_TxMailbox2AbortCallback  stm32f7xx_hal_can.o
    0x08001612   0x08001612   0x00000002   Code   RO         3309    i.HAL_CAN_TxMailbox2CompleteCallback  stm32f7xx_hal_can.o
    0x08001614   0x08001614   0x00000002   Code   RO         3311    i.HAL_CAN_WakeUpFromRxMsgCallback  stm32f7xx_hal_can.o
    0x08001616   0x08001616   0x0000004e   Code   RO         3582    i.HAL_CRCEx_Polynomial_Set  stm32f7xx_hal_crc_ex.o
    0x08001664   0x08001664   0x00000078   Code   RO         3516    i.HAL_CRC_Init      stm32f7xx_hal_crc.o
    0x080016dc   0x080016dc   0x00000028   Code   RO          941    i.HAL_CRC_MspInit   stm32f7xx_hal_msp.o
    0x08001704   0x08001704   0x000000a0   Code   RO         3628    i.HAL_DMA2D_ConfigLayer  stm32f7xx_hal_dma2d.o
    0x080017a4   0x080017a4   0x0000005a   Code   RO         3636    i.HAL_DMA2D_Init    stm32f7xx_hal_dma2d.o
    0x080017fe   0x080017fe   0x00000002   PAD
    0x08001800   0x08001800   0x00000028   Code   RO          943    i.HAL_DMA2D_MspInit  stm32f7xx_hal_msp.o
    0x08001828   0x08001828   0x0000010e   Code   RO         3640    i.HAL_DMA2D_PollForTransfer  stm32f7xx_hal_dma2d.o
    0x08001936   0x08001936   0x00000034   Code   RO         3643    i.HAL_DMA2D_Start   stm32f7xx_hal_dma2d.o
    0x0800196a   0x0800196a   0x00000062   Code   RO         2026    i.HAL_DMA_DeInit    stm32f7xx_hal_dma.o
    0x080019cc   0x080019cc   0x000001a0   Code   RO         2029    i.HAL_DMA_IRQHandler  stm32f7xx_hal_dma.o
    0x08001b6c   0x08001b6c   0x000000e4   Code   RO         2030    i.HAL_DMA_Init      stm32f7xx_hal_dma.o
    0x08001c50   0x08001c50   0x00000024   Code   RO         2526    i.HAL_Delay         stm32f7xx_hal.o
    0x08001c74   0x08001c74   0x000000b4   Code   RO          944    i.HAL_FMC_MspInit   stm32f7xx_hal_msp.o
    0x08001d28   0x08001d28   0x000001d8   Code   RO         1958    i.HAL_GPIO_Init     stm32f7xx_hal_gpio.o
    0x08001f00   0x08001f00   0x0000000a   Code   RO         1962    i.HAL_GPIO_WritePin  stm32f7xx_hal_gpio.o
    0x08001f0a   0x08001f0a   0x00000002   PAD
    0x08001f0c   0x08001f0c   0x0000000c   Code   RO         2534    i.HAL_GetTick       stm32f7xx_hal.o
    0x08001f18   0x08001f18   0x00000008   Code   RO          639    i.HAL_HCD_Connect_Callback  usbh_conf.o
    0x08001f20   0x08001f20   0x00000008   Code   RO          640    i.HAL_HCD_Disconnect_Callback  usbh_conf.o
    0x08001f28   0x08001f28   0x00000006   Code   RO         1138    i.HAL_HCD_GetCurrentFrame  stm32f7xx_hal_hcd.o
    0x08001f2e   0x08001f2e   0x00000006   Code   RO         1139    i.HAL_HCD_GetCurrentSpeed  stm32f7xx_hal_hcd.o
    0x08001f34   0x08001f34   0x0000000e   Code   RO         1142    i.HAL_HCD_HC_GetURBState  stm32f7xx_hal_hcd.o
    0x08001f42   0x08001f42   0x0000000c   Code   RO         1143    i.HAL_HCD_HC_GetXferCount  stm32f7xx_hal_hcd.o
    0x08001f4e   0x08001f4e   0x00000024   Code   RO         1144    i.HAL_HCD_HC_Halt   stm32f7xx_hal_hcd.o
    0x08001f72   0x08001f72   0x00000076   Code   RO         1145    i.HAL_HCD_HC_Init   stm32f7xx_hal_hcd.o
    0x08001fe8   0x08001fe8   0x00000008   Code   RO          641    i.HAL_HCD_HC_NotifyURBChange_Callback  usbh_conf.o
    0x08001ff0   0x08001ff0   0x00000094   Code   RO         1147    i.HAL_HCD_HC_SubmitRequest  stm32f7xx_hal_hcd.o
    0x08002084   0x08002084   0x00000132   Code   RO         1148    i.HAL_HCD_IRQHandler  stm32f7xx_hal_hcd.o
    0x080021b6   0x080021b6   0x00000068   Code   RO         1149    i.HAL_HCD_Init      stm32f7xx_hal_hcd.o
    0x0800221e   0x0800221e   0x00000002   PAD
    0x08002220   0x08002220   0x0000009c   Code   RO          643    i.HAL_HCD_MspInit   usbh_conf.o
    0x080022bc   0x080022bc   0x00000008   Code   RO          644    i.HAL_HCD_PortDisabled_Callback  usbh_conf.o
    0x080022c4   0x080022c4   0x00000008   Code   RO          645    i.HAL_HCD_PortEnabled_Callback  usbh_conf.o
    0x080022cc   0x080022cc   0x00000006   Code   RO         1154    i.HAL_HCD_ResetPort  stm32f7xx_hal_hcd.o
    0x080022d2   0x080022d2   0x00000008   Code   RO          646    i.HAL_HCD_SOF_Callback  usbh_conf.o
    0x080022da   0x080022da   0x0000002c   Code   RO         1156    i.HAL_HCD_Start     stm32f7xx_hal_hcd.o
    0x08002306   0x08002306   0x00000024   Code   RO         1157    i.HAL_HCD_Stop      stm32f7xx_hal_hcd.o
    0x0800232a   0x0800232a   0x00000058   Code   RO         3174    i.HAL_I2CEx_ConfigAnalogFilter  stm32f7xx_hal_i2c_ex.o
    0x08002382   0x08002382   0x00000054   Code   RO         3175    i.HAL_I2CEx_ConfigDigitalFilter  stm32f7xx_hal_i2c_ex.o
    0x080023d6   0x080023d6   0x00000002   PAD
    0x080023d8   0x080023d8   0x000000b8   Code   RO         2728    i.HAL_I2C_Init      stm32f7xx_hal_i2c.o
    0x08002490   0x08002490   0x000000d4   Code   RO          946    i.HAL_I2C_MspInit   stm32f7xx_hal_msp.o
    0x08002564   0x08002564   0x00000010   Code   RO         2540    i.HAL_IncTick       stm32f7xx_hal.o
    0x08002574   0x08002574   0x0000002c   Code   RO         2541    i.HAL_Init          stm32f7xx_hal.o
    0x080025a0   0x080025a0   0x00000074   Code   RO         1066    i.HAL_InitTick      stm32f7xx_hal_timebase_tim.o
    0x08002614   0x08002614   0x00000052   Code   RO         4122    i.HAL_LTDC_ConfigLayer  stm32f7xx_hal_ltdc.o
    0x08002666   0x08002666   0x00000002   Code   RO         4135    i.HAL_LTDC_ErrorCallback  stm32f7xx_hal_ltdc.o
    0x08002668   0x08002668   0x00000006   Code   RO         4137    i.HAL_LTDC_GetState  stm32f7xx_hal_ltdc.o
    0x0800266e   0x0800266e   0x000000c8   Code   RO         4138    i.HAL_LTDC_IRQHandler  stm32f7xx_hal_ltdc.o
    0x08002736   0x08002736   0x00000002   PAD
    0x08002738   0x08002738   0x000000f8   Code   RO         4139    i.HAL_LTDC_Init     stm32f7xx_hal_ltdc.o
    0x08002830   0x08002830   0x00000002   Code   RO         4140    i.HAL_LTDC_LineEventCallback  stm32f7xx_hal_ltdc.o
    0x08002832   0x08002832   0x00000002   PAD
    0x08002834   0x08002834   0x0000011c   Code   RO          948    i.HAL_LTDC_MspInit  stm32f7xx_hal_msp.o
    0x08002950   0x08002950   0x00000002   Code   RO         4145    i.HAL_LTDC_ReloadEventCallback  stm32f7xx_hal_ltdc.o
    0x08002952   0x08002952   0x00000002   PAD
    0x08002954   0x08002954   0x00000038   Code   RO          949    i.HAL_MspInit       stm32f7xx_hal_msp.o
    0x0800298c   0x0800298c   0x0000001a   Code   RO         2389    i.HAL_NVIC_EnableIRQ  stm32f7xx_hal_cortex.o
    0x080029a6   0x080029a6   0x00000002   PAD
    0x080029a8   0x080029a8   0x00000040   Code   RO         2395    i.HAL_NVIC_SetPriority  stm32f7xx_hal_cortex.o
    0x080029e8   0x080029e8   0x00000024   Code   RO         2396    i.HAL_NVIC_SetPriorityGrouping  stm32f7xx_hal_cortex.o
    0x08002a0c   0x08002a0c   0x0000006c   Code   RO         2298    i.HAL_PWREx_EnableOverDrive  stm32f7xx_hal_pwr_ex.o
    0x08002a78   0x08002a78   0x00000010   Code   RO         2175    i.HAL_PWR_EnableBkUpAccess  stm32f7xx_hal_pwr.o
    0x08002a88   0x08002a88   0x000004fc   Code   RO         1719    i.HAL_RCCEx_PeriphCLKConfig  stm32f7xx_hal_rcc_ex.o
    0x08002f84   0x08002f84   0x0000012c   Code   RO         1612    i.HAL_RCC_ClockConfig  stm32f7xx_hal_rcc.o
    0x080030b0   0x080030b0   0x00000040   Code   RO         1616    i.HAL_RCC_GetClockConfig  stm32f7xx_hal_rcc.o
    0x080030f0   0x080030f0   0x00000020   Code   RO         1619    i.HAL_RCC_GetPCLK1Freq  stm32f7xx_hal_rcc.o
    0x08003110   0x08003110   0x00000020   Code   RO         1620    i.HAL_RCC_GetPCLK2Freq  stm32f7xx_hal_rcc.o
    0x08003130   0x08003130   0x00000064   Code   RO         1621    i.HAL_RCC_GetSysClockFreq  stm32f7xx_hal_rcc.o
    0x08003194   0x08003194   0x00000338   Code   RO         1624    i.HAL_RCC_OscConfig  stm32f7xx_hal_rcc.o
    0x080034cc   0x080034cc   0x00000042   Code   RO         3969    i.HAL_SDRAM_Init    stm32f7xx_hal_sdram.o
    0x0800350e   0x0800350e   0x00000004   Code   RO          951    i.HAL_SDRAM_MspInit  stm32f7xx_hal_msp.o
    0x08003512   0x08003512   0x00000022   Code   RO         3972    i.HAL_SDRAM_ProgramRefreshRate  stm32f7xx_hal_sdram.o
    0x08003534   0x08003534   0x00000030   Code   RO         3978    i.HAL_SDRAM_SendCommand  stm32f7xx_hal_sdram.o
    0x08003564   0x08003564   0x00000002   Code   RO         5099    i.HAL_TIMEx_Break2Callback  stm32f7xx_hal_tim_ex.o
    0x08003566   0x08003566   0x00000002   Code   RO         5100    i.HAL_TIMEx_BreakCallback  stm32f7xx_hal_tim_ex.o
    0x08003568   0x08003568   0x00000002   Code   RO         5101    i.HAL_TIMEx_CommutCallback  stm32f7xx_hal_tim_ex.o
    0x0800356a   0x0800356a   0x00000002   PAD
    0x0800356c   0x0800356c   0x00000060   Code   RO         5119    i.HAL_TIMEx_MasterConfigSynchronization  stm32f7xx_hal_tim_ex.o
    0x080035cc   0x080035cc   0x00000036   Code   RO         4414    i.HAL_TIM_Base_Init  stm32f7xx_hal_tim.o
    0x08003602   0x08003602   0x00000002   PAD
    0x08003604   0x08003604   0x00000078   Code   RO          953    i.HAL_TIM_Base_MspInit  stm32f7xx_hal_msp.o
    0x0800367c   0x0800367c   0x0000002c   Code   RO         4419    i.HAL_TIM_Base_Start_IT  stm32f7xx_hal_tim.o
    0x080036a8   0x080036a8   0x00000002   Code   RO         4443    i.HAL_TIM_IC_CaptureCallback  stm32f7xx_hal_tim.o
    0x080036aa   0x080036aa   0x00000182   Code   RO         4457    i.HAL_TIM_IRQHandler  stm32f7xx_hal_tim.o
    0x0800382c   0x0800382c   0x00000002   Code   RO         4460    i.HAL_TIM_OC_DelayElapsedCallback  stm32f7xx_hal_tim.o
    0x0800382e   0x0800382e   0x00000002   Code   RO         4487    i.HAL_TIM_PWM_PulseFinishedCallback  stm32f7xx_hal_tim.o
    0x08003830   0x08003830   0x0000000e   Code   RO          322    i.HAL_TIM_PeriodElapsedCallback  main.o
    0x0800383e   0x0800383e   0x00000002   Code   RO         4500    i.HAL_TIM_TriggerCallback  stm32f7xx_hal_tim.o
    0x08003840   0x08003840   0x00000066   Code   RO         5388    i.HAL_UART_Init     stm32f7xx_hal_uart.o
    0x080038a6   0x080038a6   0x00000002   PAD
    0x080038a8   0x080038a8   0x000000d4   Code   RO          955    i.HAL_UART_MspInit  stm32f7xx_hal_msp.o
    0x0800397c   0x0800397c   0x00000234   Code   RO         1158    i.HCD_HC_IN_IRQHandler  stm32f7xx_hal_hcd.o
    0x08003bb0   0x08003bb0   0x0000023e   Code   RO         1159    i.HCD_HC_OUT_IRQHandler  stm32f7xx_hal_hcd.o
    0x08003dee   0x08003dee   0x000000b8   Code   RO         1160    i.HCD_Port_IRQHandler  stm32f7xx_hal_hcd.o
    0x08003ea6   0x08003ea6   0x00000002   PAD
    0x08003ea8   0x08003ea8   0x00000074   Code   RO         1161    i.HCD_RXQLVL_IRQHandler  stm32f7xx_hal_hcd.o
    0x08003f1c   0x08003f1c   0x00000080   Code   RO         6057    i.LL_FillBuffer     stm32746g_discovery_lcd.o
    0x08003f9c   0x08003f9c   0x0000000c   Code   RO          862    i.LTDC_IRQHandler   stm32f7xx_it.o
    0x08003fa8   0x08003fa8   0x000001d0   Code   RO         4158    i.LTDC_SetConfig    stm32f7xx_hal_ltdc.o
    0x08004178   0x08004178   0x00000070   Code   RO          323    i.MX_CAN1_Init      main.o
    0x080041e8   0x080041e8   0x000000b4   Code   RO          324    i.MX_DMA_Init       main.o
    0x0800429c   0x0800429c   0x00000014   Code   RO          832    i.MX_DriverVbusFS   usbh_platform.o
    0x080042b0   0x080042b0   0x0000001c   Code   RO          521    i.MX_FATFS_Init     fatfs.o
    0x080042cc   0x080042cc   0x0000005c   Code   RO          325    i.MX_FMC_Init       main.o
    0x08004328   0x08004328   0x0000021c   Code   RO          326    i.MX_GPIO_Init      main.o
    0x08004544   0x08004544   0x00000044   Code   RO          327    i.MX_I2C3_Init      main.o
    0x08004588   0x08004588   0x000000c4   Code   RO          328    i.MX_LTDC_Init      main.o
    0x0800464c   0x0800464c   0x00000030   Code   RO          329    i.MX_USART6_UART_Init  main.o
    0x0800467c   0x0800467c   0x00000040   Code   RO          596    i.MX_USB_HOST_Init  usb_host.o
    0x080046bc   0x080046bc   0x0000000c   Code   RO          863    i.OTG_FS_IRQHandler  stm32f7xx_it.o
    0x080046c8   0x080046c8   0x00000010   Code   RO          330    i.StartDefaultTask  main.o
    0x080046d8   0x080046d8   0x00000030   Code   RO         8319    i.SysTick_Handler   port.o
    0x08004708   0x08004708   0x000000bc   Code   RO          331    i.SystemClock_Config  main.o
    0x080047c4   0x080047c4   0x00000054   Code   RO         5749    i.SystemInit        system_stm32f7xx.o
    0x08004818   0x08004818   0x0000000c   Code   RO          864    i.TIM2_IRQHandler   stm32f7xx_it.o
    0x08004824   0x08004824   0x0000000c   Code   RO          865    i.TIM6_DAC_IRQHandler  stm32f7xx_it.o
    0x08004830   0x08004830   0x000000cc   Code   RO         4502    i.TIM_Base_SetConfig  stm32f7xx_hal_tim.o
    0x080048fc   0x080048fc   0x000000c8   Code   RO         5401    i.UART_AdvFeatureConfig  stm32f7xx_hal_uart.o
    0x080049c4   0x080049c4   0x0000003c   Code   RO         5402    i.UART_CheckIdleState  stm32f7xx_hal_uart.o
    0x08004a00   0x08004a00   0x00000254   Code   RO         5417    i.UART_SetConfig    stm32f7xx_hal_uart.o
    0x08004c54   0x08004c54   0x00000060   Code   RO         5420    i.UART_WaitOnFlagUntilTimeout  stm32f7xx_hal_uart.o
    0x08004cb4   0x08004cb4   0x00000034   Code   RO         8711    i.USBH_AllocPipe    usbh_pipes.o
    0x08004ce8   0x08004ce8   0x00000020   Code   RO         8639    i.USBH_BulkReceiveData  usbh_ioreq.o
    0x08004d08   0x08004d08   0x00000028   Code   RO         8640    i.USBH_BulkSendData  usbh_ioreq.o
    0x08004d30   0x08004d30   0x0000000a   Code   RO         8712    i.USBH_ClosePipe    usbh_pipes.o
    0x08004d3a   0x08004d3a   0x00000022   Code   RO         8545    i.USBH_ClrFeature   usbh_ctlreq.o
    0x08004d5c   0x08004d5c   0x0000001e   Code   RO         8641    i.USBH_CtlReceiveData  usbh_ioreq.o
    0x08004d7a   0x08004d7a   0x00000056   Code   RO         8546    i.USBH_CtlReq       usbh_ctlreq.o
    0x08004dd0   0x08004dd0   0x00000028   Code   RO         8642    i.USBH_CtlSendData  usbh_ioreq.o
    0x08004df8   0x08004df8   0x0000001e   Code   RO         8643    i.USBH_CtlSendSetup  usbh_ioreq.o
    0x08004e16   0x08004e16   0x00000004   Code   RO          647    i.USBH_Delay        usbh_conf.o
    0x08004e1a   0x08004e1a   0x00000040   Code   RO         8400    i.USBH_FindInterface  usbh_core.o
    0x08004e5a   0x08004e5a   0x00000018   Code   RO         8713    i.USBH_FreePipe     usbh_pipes.o
    0x08004e72   0x08004e72   0x00000034   Code   RO         8547    i.USBH_GetDescriptor  usbh_ctlreq.o
    0x08004ea6   0x08004ea6   0x0000000e   Code   RO         8548    i.USBH_GetNextDesc  usbh_ctlreq.o
    0x08004eb4   0x08004eb4   0x0000002c   Code   RO         8549    i.USBH_Get_CfgDesc  usbh_ctlreq.o
    0x08004ee0   0x08004ee0   0x00000090   Code   RO         8550    i.USBH_Get_DevDesc  usbh_ctlreq.o
    0x08004f70   0x08004f70   0x00000048   Code   RO         8551    i.USBH_Get_StringDesc  usbh_ctlreq.o
    0x08004fb8   0x08004fb8   0x00000018   Code   RO          648    i.USBH_Get_USB_Status  usbh_conf.o
    0x08004fd0   0x08004fd0   0x000001b6   Code   RO         8552    i.USBH_HandleControl  usbh_ctlreq.o
    0x08005186   0x08005186   0x00000126   Code   RO         8403    i.USBH_HandleEnum   usbh_core.o
    0x080052ac   0x080052ac   0x00000068   Code   RO         8404    i.USBH_Init         usbh_core.o
    0x08005314   0x08005314   0x00000012   Code   RO          649    i.USBH_LL_ClosePipe  usbh_conf.o
    0x08005326   0x08005326   0x0000003e   Code   RO         8406    i.USBH_LL_Connect   usbh_core.o
    0x08005364   0x08005364   0x00000048   Code   RO         8407    i.USBH_LL_Disconnect  usbh_core.o
    0x080053ac   0x080053ac   0x0000001a   Code   RO          651    i.USBH_LL_DriverVBUS  usbh_conf.o
    0x080053c6   0x080053c6   0x00000008   Code   RO          652    i.USBH_LL_GetLastXferSize  usbh_conf.o
    0x080053ce   0x080053ce   0x00000022   Code   RO          653    i.USBH_LL_GetSpeed  usbh_conf.o
    0x080053f0   0x080053f0   0x0000001e   Code   RO          654    i.USBH_LL_GetToggle  usbh_conf.o
    0x0800540e   0x0800540e   0x00000008   Code   RO          655    i.USBH_LL_GetURBState  usbh_conf.o
    0x08005416   0x08005416   0x0000001e   Code   RO         8408    i.USBH_LL_IncTimer  usbh_core.o
    0x08005434   0x08005434   0x00000050   Code   RO          656    i.USBH_LL_Init      usbh_conf.o
    0x08005484   0x08005484   0x00000016   Code   RO         8409    i.USBH_LL_NotifyURBChange  usbh_core.o
    0x0800549a   0x0800549a   0x0000001c   Code   RO          657    i.USBH_LL_OpenPipe  usbh_conf.o
    0x080054b6   0x080054b6   0x00000008   Code   RO         8410    i.USBH_LL_PortDisabled  usbh_core.o
    0x080054be   0x080054be   0x00000008   Code   RO         8411    i.USBH_LL_PortEnabled  usbh_core.o
    0x080054c6   0x080054c6   0x00000012   Code   RO          658    i.USBH_LL_ResetPort  usbh_conf.o
    0x080054d8   0x080054d8   0x00000006   Code   RO         8412    i.USBH_LL_SetTimer  usbh_core.o
    0x080054de   0x080054de   0x00000020   Code   RO          659    i.USBH_LL_SetToggle  usbh_conf.o
    0x080054fe   0x080054fe   0x00000012   Code   RO          660    i.USBH_LL_Start     usbh_conf.o
    0x08005510   0x08005510   0x00000012   Code   RO          661    i.USBH_LL_Stop      usbh_conf.o
    0x08005522   0x08005522   0x00000022   Code   RO          662    i.USBH_LL_SubmitURB  usbh_conf.o
    0x08005544   0x08005544   0x00000020   Code   RO         8844    i.USBH_MSC_BOT_Abort  usbh_msc_bot.o
    0x08005564   0x08005564   0x00000024   Code   RO         8845    i.USBH_MSC_BOT_Init  usbh_msc_bot.o
    0x08005588   0x08005588   0x00000220   Code   RO         8846    i.USBH_MSC_BOT_Process  usbh_msc_bot.o
    0x080057a8   0x080057a8   0x0000001c   Code   RO         8847    i.USBH_MSC_BOT_REQ_GetMaxLUN  usbh_msc_bot.o
    0x080057c4   0x080057c4   0x00000016   Code   RO         8848    i.USBH_MSC_BOT_REQ_Reset  usbh_msc_bot.o
    0x080057da   0x080057da   0x00000078   Code   RO         8753    i.USBH_MSC_ClassRequest  usbh_msc.o
    0x08005852   0x08005852   0x0000002e   Code   RO         8754    i.USBH_MSC_GetLUNInfo  usbh_msc.o
    0x08005880   0x08005880   0x0000004a   Code   RO         8756    i.USBH_MSC_InterfaceDeInit  usbh_msc.o
    0x080058ca   0x080058ca   0x0000014c   Code   RO         8757    i.USBH_MSC_InterfaceInit  usbh_msc.o
    0x08005a16   0x08005a16   0x0000029a   Code   RO         8759    i.USBH_MSC_Process  usbh_msc.o
    0x08005cb0   0x08005cb0   0x000000ae   Code   RO         8760    i.USBH_MSC_RdWrProcess  usbh_msc.o
    0x08005d5e   0x08005d5e   0x0000008a   Code   RO         8761    i.USBH_MSC_Read     usbh_msc.o
    0x08005de8   0x08005de8   0x000000d4   Code   RO         8895    i.USBH_MSC_SCSI_Inquiry  usbh_msc_scsi.o
    0x08005ebc   0x08005ebc   0x00000088   Code   RO         8896    i.USBH_MSC_SCSI_Read  usbh_msc_scsi.o
    0x08005f44   0x08005f44   0x0000007a   Code   RO         8897    i.USBH_MSC_SCSI_ReadCapacity  usbh_msc_scsi.o
    0x08005fbe   0x08005fbe   0x00000096   Code   RO         8898    i.USBH_MSC_SCSI_RequestSense  usbh_msc_scsi.o
    0x08006054   0x08006054   0x0000004e   Code   RO         8899    i.USBH_MSC_SCSI_TestUnitReady  usbh_msc_scsi.o
    0x080060a2   0x080060a2   0x00000088   Code   RO         8900    i.USBH_MSC_SCSI_Write  usbh_msc_scsi.o
    0x0800612a   0x0800612a   0x00000004   Code   RO         8762    i.USBH_MSC_SOFProcess  usbh_msc.o
    0x0800612e   0x0800612e   0x00000026   Code   RO         8763    i.USBH_MSC_UnitIsReady  usbh_msc.o
    0x08006154   0x08006154   0x0000008a   Code   RO         8764    i.USBH_MSC_Write    usbh_msc.o
    0x080061de   0x080061de   0x00000014   Code   RO         8714    i.USBH_OpenPipe     usbh_pipes.o
    0x080061f2   0x080061f2   0x000000de   Code   RO         8553    i.USBH_ParseCfgDesc  usbh_ctlreq.o
    0x080062d0   0x080062d0   0x000001d8   Code   RO         8413    i.USBH_Process      usbh_core.o
    0x080064a8   0x080064a8   0x00000022   Code   RO         8414    i.USBH_Process_OS   usbh_core.o
    0x080064ca   0x080064ca   0x0000001e   Code   RO         8416    i.USBH_RegisterClass  usbh_core.o
    0x080064e8   0x080064e8   0x00000016   Code   RO         8417    i.USBH_SelectInterface  usbh_core.o
    0x080064fe   0x080064fe   0x0000001c   Code   RO         8554    i.USBH_SetAddress   usbh_ctlreq.o
    0x0800651a   0x0800651a   0x0000001c   Code   RO         8555    i.USBH_SetCfg       usbh_ctlreq.o
    0x08006536   0x08006536   0x0000001c   Code   RO         8556    i.USBH_SetFeature   usbh_ctlreq.o
    0x08006552   0x08006552   0x00000014   Code   RO         8418    i.USBH_Start        usbh_core.o
    0x08006566   0x08006566   0x00000002   PAD
    0x08006568   0x08006568   0x00000020   Code   RO          597    i.USBH_UserProcess  usb_host.o
    0x08006588   0x08006588   0x00000004   Code   RO          466    i.USBH_initialize   usbh_diskio.o
    0x0800658c   0x0800658c   0x0000006c   Code   RO          467    i.USBH_ioctl        usbh_diskio.o
    0x080065f8   0x080065f8   0x00000044   Code   RO          468    i.USBH_read         usbh_diskio.o
    0x0800663c   0x0800663c   0x00000018   Code   RO          469    i.USBH_status       usbh_diskio.o
    0x08006654   0x08006654   0x0000004c   Code   RO          470    i.USBH_write        usbh_diskio.o
    0x080066a0   0x080066a0   0x0000006c   Code   RO         1316    i.USB_CoreInit      stm32f7xx_ll_usb.o
    0x0800670c   0x0800670c   0x00000038   Code   RO         1317    i.USB_CoreReset     stm32f7xx_ll_usb.o
    0x08006744   0x08006744   0x0000000c   Code   RO         1324    i.USB_DisableGlobalInt  stm32f7xx_ll_usb.o
    0x08006750   0x08006750   0x00000024   Code   RO         1325    i.USB_DoPing        stm32f7xx_ll_usb.o
    0x08006774   0x08006774   0x0000002c   Code   RO         1326    i.USB_DriveVbus     stm32f7xx_ll_usb.o
    0x080067a0   0x080067a0   0x0000000c   Code   RO         1332    i.USB_EnableGlobalInt  stm32f7xx_ll_usb.o
    0x080067ac   0x080067ac   0x00000020   Code   RO         1333    i.USB_FlushRxFifo   stm32f7xx_ll_usb.o
    0x080067cc   0x080067cc   0x00000024   Code   RO         1334    i.USB_FlushTxFifo   stm32f7xx_ll_usb.o
    0x080067f0   0x080067f0   0x00000008   Code   RO         1335    i.USB_GetCurrentFrame  stm32f7xx_ll_usb.o
    0x080067f8   0x080067f8   0x0000000e   Code   RO         1337    i.USB_GetHostSpeed  stm32f7xx_ll_usb.o
    0x08006806   0x08006806   0x00000008   Code   RO         1338    i.USB_GetMode       stm32f7xx_ll_usb.o
    0x0800680e   0x0800680e   0x000000c2   Code   RO         1339    i.USB_HC_Halt       stm32f7xx_ll_usb.o
    0x080068d0   0x080068d0   0x000000fc   Code   RO         1340    i.USB_HC_Init       stm32f7xx_ll_usb.o
    0x080069cc   0x080069cc   0x00000008   Code   RO         1341    i.USB_HC_ReadInterrupt  stm32f7xx_ll_usb.o
    0x080069d4   0x080069d4   0x00000150   Code   RO         1342    i.USB_HC_StartXfer  stm32f7xx_ll_usb.o
    0x08006b24   0x08006b24   0x000000c4   Code   RO         1343    i.USB_HostInit      stm32f7xx_ll_usb.o
    0x08006be8   0x08006be8   0x00000038   Code   RO         1344    i.USB_InitFSLSPClkSel  stm32f7xx_ll_usb.o
    0x08006c20   0x08006c20   0x00000008   Code   RO         1349    i.USB_ReadInterrupts  stm32f7xx_ll_usb.o
    0x08006c28   0x08006c28   0x0000001c   Code   RO         1350    i.USB_ReadPacket    stm32f7xx_ll_usb.o
    0x08006c44   0x08006c44   0x00000032   Code   RO         1351    i.USB_ResetPort     stm32f7xx_ll_usb.o
    0x08006c76   0x08006c76   0x0000002e   Code   RO         1352    i.USB_SetCurrentMode  stm32f7xx_ll_usb.o
    0x08006ca4   0x08006ca4   0x0000007e   Code   RO         1357    i.USB_StopHost      stm32f7xx_ll_usb.o
    0x08006d22   0x08006d22   0x00000024   Code   RO         1358    i.USB_WritePacket   stm32f7xx_ll_usb.o
    0x08006d46   0x08006d46   0x00000002   PAD
    0x08006d48   0x08006d48   0x00000028   Code   RO         9097    i.__0sprintf$5      mc_w.l(printf5.o)
    0x08006d70   0x08006d70   0x00000022   Code   RO         2402    i.__NVIC_SetPriority  stm32f7xx_hal_cortex.o
    0x08006d92   0x08006d92   0x0000000e   Code   RO         9297    i.__scatterload_copy  mc_w.l(handlers.o)
    0x08006da0   0x08006da0   0x00000002   Code   RO         9298    i.__scatterload_null  mc_w.l(handlers.o)
    0x08006da2   0x08006da2   0x0000000e   Code   RO         9299    i.__scatterload_zeroinit  mc_w.l(handlers.o)
    0x08006db0   0x08006db0   0x000002c0   Code   RO         9102    i._printf_core      mc_w.l(printf5.o)
    0x08007070   0x08007070   0x0000000a   Code   RO         9104    i._sputc            mc_w.l(printf5.o)
    0x0800707a   0x0800707a   0x00000002   PAD
    0x0800707c   0x0800707c   0x00000070   Code   RO         6681    i.check_fs          ff.o
    0x080070ec   0x080070ec   0x0000005c   Code   RO         6682    i.chk_lock          ff.o
    0x08007148   0x08007148   0x00000020   Code   RO         6683    i.clear_lock        ff.o
    0x08007168   0x08007168   0x00000026   Code   RO         6684    i.clmt_clust        ff.o
    0x0800718e   0x0800718e   0x00000018   Code   RO         6685    i.clust2sect        ff.o
    0x080071a6   0x080071a6   0x000000a6   Code   RO         6686    i.create_chain      ff.o
    0x0800724c   0x0800724c   0x000000bc   Code   RO         6687    i.create_name       ff.o
    0x08007308   0x08007308   0x00000034   Code   RO         6688    i.dec_lock          ff.o
    0x0800733c   0x0800733c   0x00000066   Code   RO         6689    i.dir_find          ff.o
    0x080073a2   0x080073a2   0x00000002   PAD
    0x080073a4   0x080073a4   0x00000102   Code   RO         6690    i.dir_next          ff.o
    0x080074a6   0x080074a6   0x00000066   Code   RO         6692    i.dir_register      ff.o
    0x0800750c   0x0800750c   0x0000008e   Code   RO         6694    i.dir_sdi           ff.o
    0x0800759a   0x0800759a   0x00000002   PAD
    0x0800759c   0x0800759c   0x00000028   Code   RO         6626    i.disk_initialize   diskio.o
    0x080075c4   0x080075c4   0x00000018   Code   RO         6627    i.disk_ioctl        diskio.o
    0x080075dc   0x080075dc   0x0000001c   Code   RO         6628    i.disk_read         diskio.o
    0x080075f8   0x080075f8   0x00000014   Code   RO         6629    i.disk_status       diskio.o
    0x0800760c   0x0800760c   0x0000001c   Code   RO         6630    i.disk_write        diskio.o
    0x08007628   0x08007628   0x00000030   Code   RO         6695    i.f_close           ff.o
    0x08007658   0x08007658   0x0000007c   Code   RO         6702    i.f_mount           ff.o
    0x080076d4   0x080076d4   0x00000224   Code   RO         6703    i.f_open            ff.o
    0x080078f8   0x080078f8   0x000001d0   Code   RO         6705    i.f_printf          ff.o
    0x08007ac8   0x08007ac8   0x000000a2   Code   RO         6712    i.f_sync            ff.o
    0x08007b6a   0x08007b6a   0x000001dc   Code   RO         6715    i.f_write           ff.o
    0x08007d46   0x08007d46   0x0000001c   Code   RO         7077    i.ff_cre_syncobj    syscall.o
    0x08007d62   0x08007d62   0x0000000a   Code   RO         7078    i.ff_del_syncobj    syscall.o
    0x08007d6c   0x08007d6c   0x00000004   Code   RO         7079    i.ff_rel_grant      syscall.o
    0x08007d70   0x08007d70   0x00000014   Code   RO         7080    i.ff_req_grant      syscall.o
    0x08007d84   0x08007d84   0x00000298   Code   RO         6716    i.find_volume       ff.o
    0x0800801c   0x0800801c   0x0000007a   Code   RO         6717    i.follow_path       ff.o
    0x08008096   0x08008096   0x00000002   PAD
    0x08008098   0x08008098   0x00000050   Code   RO         9223    i.free              mc_w.l(malloc.o)
    0x080080e8   0x080080e8   0x000000ea   Code   RO         6718    i.get_fat           ff.o
    0x080081d2   0x080081d2   0x00000004   Code   RO          522    i.get_fattime       fatfs.o
    0x080081d6   0x080081d6   0x0000003c   Code   RO         6720    i.get_ldnumber      ff.o
    0x08008212   0x08008212   0x0000000c   Code   RO         7888    i.inHandlerMode     cmsis_os.o
    0x0800821e   0x0800821e   0x00000002   PAD
    0x08008220   0x08008220   0x00000080   Code   RO         6721    i.inc_lock          ff.o
    0x080082a0   0x080082a0   0x00000026   Code   RO         6722    i.ld_clust          ff.o
    0x080082c6   0x080082c6   0x00000016   Code   RO         6723    i.ld_dword          ff.o
    0x080082dc   0x080082dc   0x0000000a   Code   RO         6724    i.ld_word           ff.o
    0x080082e6   0x080082e6   0x00000014   Code   RO         6725    i.lock_fs           ff.o
    0x080082fa   0x080082fa   0x00000002   PAD
    0x080082fc   0x080082fc   0x000001a8   Code   RO          332    i.main              main.o
    0x080084a4   0x080084a4   0x0000000e   Code   RO         7890    i.makeFreeRtosPriority  cmsis_os.o
    0x080084b2   0x080084b2   0x00000002   PAD
    0x080084b4   0x080084b4   0x0000006c   Code   RO         9224    i.malloc            mc_w.l(malloc.o)
    0x08008520   0x08008520   0x00000012   Code   RO         6726    i.mem_cpy           ff.o
    0x08008532   0x08008532   0x00000002   PAD
    0x08008534   0x08008534   0x0000000e   Code   RO         6727    i.mem_set           ff.o
    0x08008542   0x08008542   0x00000032   Code   RO         6728    i.move_window       ff.o
    0x08008574   0x08008574   0x0000000e   Code   RO         7892    i.osDelay           cmsis_os.o
    0x08008582   0x08008582   0x0000000a   Code   RO         7895    i.osKernelStart     cmsis_os.o
    0x0800858c   0x0800858c   0x00000026   Code   RO         7904    i.osMessageCreate   cmsis_os.o
    0x080085b2   0x080085b2   0x00000002   PAD
    0x080085b4   0x080085b4   0x00000094   Code   RO         7906    i.osMessageGet      cmsis_os.o
    0x08008648   0x08008648   0x0000005c   Code   RO         7908    i.osMessagePut      cmsis_os.o
    0x080086a4   0x080086a4   0x0000003e   Code   RO         7921    i.osSemaphoreCreate  cmsis_os.o
    0x080086e2   0x080086e2   0x00000018   Code   RO         7922    i.osSemaphoreDelete  cmsis_os.o
    0x080086fa   0x080086fa   0x00000002   PAD
    0x080086fc   0x080086fc   0x00000050   Code   RO         7924    i.osSemaphoreRelease  cmsis_os.o
    0x0800874c   0x0800874c   0x00000068   Code   RO         7925    i.osSemaphoreWait   cmsis_os.o
    0x080087b4   0x080087b4   0x00000054   Code   RO         7929    i.osThreadCreate    cmsis_os.o
    0x08008808   0x08008808   0x00000070   Code   RO         7581    i.prvAddCurrentTaskToDelayedList  tasks.o
    0x08008878   0x08008878   0x000000d0   Code   RO         7582    i.prvAddNewTaskToReadyList  tasks.o
    0x08008948   0x08008948   0x00000026   Code   RO         7266    i.prvCopyDataFromQueue  queue.o
    0x0800896e   0x0800896e   0x0000006c   Code   RO         7267    i.prvCopyDataToQueue  queue.o
    0x080089da   0x080089da   0x00000038   Code   RO         7583    i.prvDeleteTCB      tasks.o
    0x08008a12   0x08008a12   0x00000002   PAD
    0x08008a14   0x08008a14   0x00000050   Code   RO         8257    i.prvHeapInit       heap_4.o
    0x08008a64   0x08008a64   0x00000060   Code   RO         7584    i.prvIdleTask       tasks.o
    0x08008ac4   0x08008ac4   0x00000016   Code   RO         7269    i.prvInitialiseNewQueue  queue.o
    0x08008ada   0x08008ada   0x000000a0   Code   RO         7585    i.prvInitialiseNewTask  tasks.o
    0x08008b7a   0x08008b7a   0x00000002   PAD
    0x08008b7c   0x08008b7c   0x0000004c   Code   RO         8258    i.prvInsertBlockIntoFreeList  heap_4.o
    0x08008bc8   0x08008bc8   0x0000001c   Code   RO         7270    i.prvIsQueueEmpty   queue.o
    0x08008be4   0x08008be4   0x00000020   Code   RO         7586    i.prvResetNextTaskUnblockTime  tasks.o
    0x08008c04   0x08008c04   0x00000030   Code   RO         8320    i.prvTaskExitError  port.o
    0x08008c34   0x08008c34   0x0000006a   Code   RO         7271    i.prvUnlockQueue    queue.o
    0x08008c9e   0x08008c9e   0x0000012c   Code   RO         6729    i.put_fat           ff.o
    0x08008dca   0x08008dca   0x00000046   Code   RO         6730    i.putc_bfd          ff.o
    0x08008e10   0x08008e10   0x0000002a   Code   RO         6731    i.putc_flush        ff.o
    0x08008e3a   0x08008e3a   0x00000002   PAD
    0x08008e3c   0x08008e3c   0x000000e4   Code   RO         8259    i.pvPortMalloc      heap_4.o
    0x08008f20   0x08008f20   0x00000018   Code   RO         7588    i.pvTaskIncrementMutexHeldCount  tasks.o
    0x08008f38   0x08008f38   0x00000030   Code   RO         8321    i.pxPortInitialiseStack  port.o
    0x08008f68   0x08008f68   0x00000074   Code   RO         6732    i.remove_chain      ff.o
    0x08008fdc   0x08008fdc   0x00000028   Code   RO         6733    i.st_clust          ff.o
    0x08009004   0x08009004   0x00000010   Code   RO         6734    i.st_dword          ff.o
    0x08009014   0x08009014   0x00000008   Code   RO         6735    i.st_word           ff.o
    0x0800901c   0x0800901c   0x00000088   Code   RO         6736    i.sync_fs           ff.o
    0x080090a4   0x080090a4   0x00000052   Code   RO         6737    i.sync_window       ff.o
    0x080090f6   0x080090f6   0x00000018   Code   RO         6738    i.unlock_fs         ff.o
    0x0800910e   0x0800910e   0x00000026   Code   RO         7226    i.uxListRemove      list.o
    0x08009134   0x08009134   0x00000020   Code   RO         7591    i.uxTaskGetStackHighWaterMark  tasks.o
    0x08009154   0x08009154   0x00000018   Code   RO          559    i.vApplicationGetIdleTaskMemory  freertos.o
    0x0800916c   0x0800916c   0x00000016   Code   RO         7227    i.vListInitialise   list.o
    0x08009182   0x08009182   0x00000006   Code   RO         7228    i.vListInitialiseItem  list.o
    0x08009188   0x08009188   0x00000030   Code   RO         7229    i.vListInsert       list.o
    0x080091b8   0x080091b8   0x00000018   Code   RO         7230    i.vListInsertEnd    list.o
    0x080091d0   0x080091d0   0x00000048   Code   RO         8323    i.vPortEnterCritical  port.o
    0x08009218   0x08009218   0x0000002c   Code   RO         8324    i.vPortExitCritical  port.o
    0x08009244   0x08009244   0x00000064   Code   RO         8260    i.vPortFree         heap_4.o
    0x080092a8   0x080092a8   0x00000024   Code   RO         8325    i.vPortSetupTimerInterrupt  port.o
    0x080092cc   0x080092cc   0x0000005c   Code   RO         8326    i.vPortValidateInterruptPriority  port.o
    0x08009328   0x08009328   0x00000032   Code   RO         7276    i.vQueueDelete      queue.o
    0x0800935a   0x0800935a   0x00000002   PAD
    0x0800935c   0x0800935c   0x00000028   Code   RO         7277    i.vQueueUnregisterQueue  queue.o
    0x08009384   0x08009384   0x00000050   Code   RO         7595    i.vTaskDelay        tasks.o
    0x080093d4   0x080093d4   0x00000010   Code   RO         7598    i.vTaskInternalSetTimeOutState  tasks.o
    0x080093e4   0x080093e4   0x000000bc   Code   RO           14    i.vTaskLCDT         vtask_list.o
    0x080094a0   0x080094a0   0x0000000c   Code   RO         7599    i.vTaskMissedYield  tasks.o
    0x080094ac   0x080094ac   0x00000034   Code   RO         7601    i.vTaskPlaceOnEventList  tasks.o
    0x080094e0   0x080094e0   0x000000b8   Code   RO         7603    i.vTaskPriorityDisinheritAfterTimeout  tasks.o
    0x08009598   0x08009598   0x00000070   Code   RO         7608    i.vTaskStartScheduler  tasks.o
    0x08009608   0x08009608   0x00000010   Code   RO         7610    i.vTaskSuspendAll   tasks.o
    0x08009618   0x08009618   0x00000060   Code   RO         7611    i.vTaskSwitchContext  tasks.o
    0x08009678   0x08009678   0x00000100   Code   RO           17    i.vTaskUSB          vtask_list.o
    0x08009778   0x08009778   0x00000046   Code   RO         6739    i.validate          ff.o
    0x080097be   0x080097be   0x00000002   PAD
    0x080097c0   0x080097c0   0x000000c0   Code   RO         8327    i.xPortStartScheduler  port.o
    0x08009880   0x08009880   0x0000004c   Code   RO         7280    i.xQueueGenericCreate  queue.o
    0x080098cc   0x080098cc   0x00000076   Code   RO         7281    i.xQueueGenericCreateStatic  queue.o
    0x08009942   0x08009942   0x00000002   PAD
    0x08009944   0x08009944   0x00000098   Code   RO         7282    i.xQueueGenericReset  queue.o
    0x080099dc   0x080099dc   0x00000170   Code   RO         7283    i.xQueueGenericSend  queue.o
    0x08009b4c   0x08009b4c   0x000000cc   Code   RO         7284    i.xQueueGenericSendFromISR  queue.o
    0x08009c18   0x08009c18   0x000000ac   Code   RO         7285    i.xQueueGiveFromISR  queue.o
    0x08009cc4   0x08009cc4   0x00000148   Code   RO         7290    i.xQueueReceive     queue.o
    0x08009e0c   0x08009e0c   0x000000a8   Code   RO         7291    i.xQueueReceiveFromISR  queue.o
    0x08009eb4   0x08009eb4   0x0000018c   Code   RO         7292    i.xQueueSemaphoreTake  queue.o
    0x0800a040   0x0800a040   0x00000080   Code   RO         7612    i.xTaskCheckForTimeOut  tasks.o
    0x0800a0c0   0x0800a0c0   0x0000005a   Code   RO         7613    i.xTaskCreate       tasks.o
    0x0800a11a   0x0800a11a   0x0000005e   Code   RO         7614    i.xTaskCreateStatic  tasks.o
    0x0800a178   0x0800a178   0x0000001c   Code   RO         7618    i.xTaskGetSchedulerState  tasks.o
    0x0800a194   0x0800a194   0x000000cc   Code   RO         7621    i.xTaskIncrementTick  tasks.o
    0x0800a260   0x0800a260   0x000000a8   Code   RO         7624    i.xTaskPriorityDisinherit  tasks.o
    0x0800a308   0x0800a308   0x00000098   Code   RO         7625    i.xTaskPriorityInherit  tasks.o
    0x0800a3a0   0x0800a3a0   0x00000078   Code   RO         7626    i.xTaskRemoveFromEventList  tasks.o
    0x0800a418   0x0800a418   0x000000c8   Code   RO         7627    i.xTaskResumeAll    tasks.o
    0x0800a4e0   0x0800a4e0   0x0000001c   Data   RO          349    .constdata          main.o
    0x0800a4fc   0x0800a4fc   0x00000014   Data   RO          471    .constdata          usbh_diskio.o
    0x0800a510   0x0800a510   0x00000008   Data   RO         2036    .constdata          stm32f7xx_hal_dma.o
    0x0800a518   0x0800a518   0x00000010   Data   RO         5750    .constdata          system_stm32f7xx.o
    0x0800a528   0x0800a528   0x00000008   Data   RO         5751    .constdata          system_stm32f7xx.o
    0x0800a530   0x0800a530   0x00001ab8   Data   RO         6059    .constdata          stm32746g_discovery_lcd.o
    0x0800bfe8   0x0800bfe8   0x00000474   Data   RO         6062    .constdata          stm32746g_discovery_lcd.o
    0x0800c45c   0x0800c45c   0x0000009c   Data   RO         6741    .constdata          ff.o
    0x0800c4f8   0x0800c4f8   0x0000002c   Data   RO         8420    .constdata          usbh_core.o
    0x0800c524   0x0800c524   0x0000000c   Data   RO          350    .conststring        main.o
    0x0800c530   0x0800c530   0x0000000c   Data   RO         8421    .conststring        usbh_core.o
    0x0800c53c   0x0800c53c   0x00000004   Data   RO         8765    .conststring        usbh_msc.o
    0x0800c540   0x0800c540   0x00000020   Data   RO         9295    Region$$Table       anon$$obj.o


    Execution Region RW_IRAM1 (Exec base: 0x20000000, Load base: 0x0800c560, Size: 0x00007660, Max: 0x00050000, ABSOLUTE)

    Exec Addr    Load Addr    Size         Type   Attr      Idx    E Section Name        Object

    0x20000000   0x0800c560   0x0000000c   Data   RW          352    .data               main.o
    0x2000000c   0x0800c56c   0x00000004   Data   RW          354    .data               main.o
    0x20000010   0x0800c570   0x00000005   Data   RW          525    .data               fatfs.o
    0x20000015   0x0800c575   0x00000001   Data   RW          599    .data               usb_host.o
    0x20000016   0x0800c576   0x00000002   PAD
    0x20000018   0x0800c578   0x00000008   Data   RW          956    .data               stm32f7xx_hal_msp.o
    0x20000020   0x0800c580   0x00000004   Data   RW         1359    .data               stm32f7xx_ll_usb.o
    0x20000024   0x0800c584   0x0000000c   Data   RW         2548    .data               stm32f7xx_hal.o
    0x20000030   0x0800c590   0x00000004   Data   RW         5752    .data               system_stm32f7xx.o
    0x20000034   0x0800c594   0x0000000c   Data   RW         6064    .data               stm32746g_discovery_lcd.o
    0x20000040   0x0800c5a0   0x00000008   Data   RW         6067    .data               stm32746g_discovery_lcd.o
    0x20000048   0x0800c5a8   0x00000002   Data   RW         6393    .data               stm32746g_discovery_sdram.o
    0x2000004a   0x0800c5aa   0x00000002   PAD
    0x2000004c   0x0800c5ac   0x00000008   Data   RW         6742    .data               ff.o
    0x20000054   0x0800c5b4   0x0000003c   Data   RW         7630    .data               tasks.o
    0x20000090   0x0800c5f0   0x00000018   Data   RW         8265    .data               heap_4.o
    0x200000a8   0x0800c608   0x0000000c   Data   RW         8328    .data               port.o
    0x200000b4   0x0800c614   0x00000020   Data   RW         8766    .data               usbh_msc.o
    0x200000d4   0x0800c634   0x00000004   Data   RW         9274    .data               mc_w.l(mvars.o)
    0x200000d8   0x0800c638   0x00000004   Data   RW         9275    .data               mc_w.l(mvars.o)
    0x200000dc        -       0x000002fc   Zero   RW          334    .bss                main.o
    0x200003d8        -       0x00000060   Zero   RW          335    .bss                main.o
    0x20000438        -       0x00000060   Zero   RW          336    .bss                main.o
    0x20000498        -       0x00000060   Zero   RW          337    .bss                main.o
    0x200004f8        -       0x00000060   Zero   RW          338    .bss                main.o
    0x20000558        -       0x00000060   Zero   RW          339    .bss                main.o
    0x200005b8        -       0x00001030   Zero   RW          340    .bss                main.o
    0x200015e8        -       0x00000064   Zero   RW          341    .bss                main.o
    0x2000164c        -       0x0000000a   Zero   RW          342    .bss                main.o
    0x20001656   0x0800c63c   0x00000002   PAD
    0x20001658        -       0x00001038   Zero   RW          343    .bss                main.o
    0x20002690        -       0x00000024   Zero   RW          345    .bss                main.o
    0x200026b4        -       0x00000024   Zero   RW          346    .bss                main.o
    0x200026d8        -       0x00000024   Zero   RW          347    .bss                main.o
    0x200026fc        -       0x00000032   Zero   RW          348    .bss                main.o
    0x2000272e   0x0800c63c   0x00000002   PAD
    0x20002730        -       0x00000254   Zero   RW          560    .bss                freertos.o
    0x20002984        -       0x000003d8   Zero   RW          598    .bss                usb_host.o
    0x20002d5c        -       0x000002c4   Zero   RW          663    .bss                usbh_conf.o
    0x20003020        -       0x00000040   Zero   RW         1069    .bss                stm32f7xx_hal_timebase_tim.o
    0x20003060        -       0x00000184   Zero   RW         6058    .bss                stm32746g_discovery_lcd.o
    0x200031e4        -       0x00000120   Zero   RW         6392    .bss                stm32746g_discovery_sdram.o
    0x20003304        -       0x00000020   Zero   RW         6740    .bss                ff.o
    0x20003324        -       0x0000000c   Zero   RW         7031    .bss                ff_gen_drv.o
    0x20003330        -       0x00000040   Zero   RW         7293    .bss                queue.o
    0x20003370        -       0x000000f0   Zero   RW         7629    .bss                tasks.o
    0x20003460        -       0x00003c00   Zero   RW         8264    .bss                heap_4.o
    0x20007060        -       0x00000200   Zero   RW            2    HEAP                startup_stm32f746xx.o
    0x20007260        -       0x00000400   Zero   RW            1    STACK               startup_stm32f746xx.o


==============================================================================

Image component sizes


      Code (inc. data)   RO Data    RW Data    ZI Data      Debug   Object Name

       682         20          0          0          0      34268   cmsis_os.o
       140         26          0          0          0       3865   diskio.o
         0          0          0          0          0      18172   event_groups.o
        32         10          0          5          0       1572   fatfs.o
      5414         82        156          8         32      43816   ff.o
        70          6          0          0         12       1743   ff_gen_drv.o
        24          6          0          0        596       1292   freertos.o
       484         24          0         24      15360       7539   heap_4.o
       138          0          0          0          0       3678   list.o
      1880        186         40         16       9808      52107   main.o
       774         80          0         12          0      12177   port.o
      2374         24          0          0         64      21003   queue.o
        36          8        456          0       1536        856   startup_stm32f746xx.o
      1768        192       7980         20        388      20563   stm32746g_discovery_lcd.o
       620         56          0          2        288       4524   stm32746g_discovery_sdram.o
       108         18          0         12          0       8502   stm32f7xx_hal.o
      1458          6          0          0          0      14184   stm32f7xx_hal_can.o
       160         12          0          0          0      38298   stm32f7xx_hal_cortex.o
       120          6          0          0          0       1203   stm32f7xx_hal_crc.o
        78          0          0          0          0       1315   stm32f7xx_hal_crc_ex.o
       866         16          8          0          0       5017   stm32f7xx_hal_dma.o
       718          4          0          0          0       5263   stm32f7xx_hal_dma2d.o
       482         54          0          0          0       2628   stm32f7xx_hal_gpio.o
      2274          6          0          0          0      14041   stm32f7xx_hal_hcd.o
       184          4          0          0          0       2863   stm32f7xx_hal_i2c.o
       172          0          0          0          0       2023   stm32f7xx_hal_i2c_ex.o
      1006          6          0          0          0       6394   stm32f7xx_hal_ltdc.o
      1264        162          0          8          0       7792   stm32f7xx_hal_msp.o
        16          4          0          0          0        567   stm32f7xx_hal_pwr.o
       108          8          0          0          0       1308   stm32f7xx_hal_pwr_ex.o
      1352         76          0          0          0       5945   stm32f7xx_hal_rcc.o
      1276         16          0          0          0       2324   stm32f7xx_hal_rcc_ex.o
       148          0          0          0          0       2800   stm32f7xx_hal_sdram.o
       696         50          0          0          0       6937   stm32f7xx_hal_tim.o
       102          8          0          0          0       3148   stm32f7xx_hal_tim_ex.o
       116         14          0          0         64       1463   stm32f7xx_hal_timebase_tim.o
      1054         70          0          0          0       5137   stm32f7xx_hal_uart.o
       192         70          0          0          0       4926   stm32f7xx_it.o
       278          6          0          0          0       3488   stm32f7xx_ll_fmc.o
      1702         52          0          4          0      18633   stm32f7xx_ll_usb.o
         0          0          0          0          0        392   stream_buffer.o
        62          0          0          0          0       3488   syscall.o
        84         16         24          4          0       1287   system_stm32f7xx.o
      2472        176          0         60        240      26441   tasks.o
        96         16          0          1        984      14036   usb_host.o
       584         16          0          0        708      36041   usbh_conf.o
      1320         26         56          0          0      12906   usbh_core.o
      1190         12          0          0          0      10966   usbh_ctlreq.o
       280         22         20          0          0       4221   usbh_diskio.o
       172          0          0          0          0       4484   usbh_ioreq.o
      1730         10          4         32          0      11137   usbh_msc.o
       662         24          0          0          0       6600   usbh_msc_bot.o
       834          0          0          0          0       6563   usbh_msc_scsi.o
       106          0          0          0          0       3470   usbh_pipes.o
        20          4          0          0          0        542   usbh_platform.o
       444         96          0          0          0     919818   vtask_list.o

    ----------------------------------------------------------------------
     40490       1806       8776        212      30084    1455766   Object Totals
         0          0         32          0          0          0   (incl. Generated)
        68          0          0          4          4          0   (incl. Padding)

    ----------------------------------------------------------------------

      Code (inc. data)   RO Data    RW Data    ZI Data      Debug   Library Member Name

         0          0          0          0          0          0   entry.o
         0          0          0          0          0          0   entry10a.o
         0          0          0          0          0          0   entry11a.o
         8          4          0          0          0          0   entry2.o
         4          0          0          0          0          0   entry5.o
         0          0          0          0          0          0   entry7b.o
         0          0          0          0          0          0   entry8b.o
         8          4          0          0          0          0   entry9a.o
        30          0          0          0          0          0   handlers.o
        36          8          0          0          0         68   init.o
        30          0          0          0          0         68   llshl.o
        32          0          0          0          0         68   llushr.o
       188         20          0          0          0        160   malloc.o
        36          0          0          0          0         68   memcpya.o
        36          0          0          0          0        108   memseta.o
         0          0          0          8          0          0   mvars.o
       754         52          0          0          0        252   printf5.o
        98          0          0          0          0         92   uldiv.o

    ----------------------------------------------------------------------
      1262         88          0          8          0        884   Library Totals
         2          0          0          0          0          0   (incl. Padding)

    ----------------------------------------------------------------------

      Code (inc. data)   RO Data    RW Data    ZI Data      Debug   Library Name

      1260         88          0          8          0        884   mc_w.l

    ----------------------------------------------------------------------
      1262         88          0          8          0        884   Library Totals

    ----------------------------------------------------------------------

==============================================================================


      Code (inc. data)   RO Data    RW Data    ZI Data      Debug   

     41752       1894       8776        220      30084    1417838   Grand Totals
     41752       1894       8776        220      30084    1417838   ELF Image Totals
     41752       1894       8776        220          0          0   ROM Totals

==============================================================================

    Total RO  Size (Code + RO Data)                50528 (  49.34kB)
    Total RW  Size (RW Data + ZI Data)             30304 (  29.59kB)
    Total ROM Size (Code + RO Data + RW Data)      50748 (  49.56kB)

==============================================================================

