<html>
<body>
<pre>
<h1>µVision Build Log</h1>
<h2>Tool Versions:</h2>
IDE-Version: µVision V5.27.1.0
Copyright (C) 2019 ARM Ltd and ARM Germany GmbH. All rights reserved.
License Information: Wimansha Wimansha, Wimansha, LIC=8MZCX-H4S3I-YC9J1-CACED-JACNJ-1ZD6J
 
Tool Versions:
Toolchain:       MDK-ARM Professional  Version: 5.27.1.0
Toolchain Path:  C:\Keil_v5\ARM\ARMCC\Bin
C Compiler:      Armcc.exe V5.06 update 6 (build 750)
Assembler:       Armasm.exe V5.06 update 6 (build 750)
Linker/Locator:  ArmLink.exe V5.06 update 6 (build 750)
Library Manager: ArmAr.exe V5.06 update 6 (build 750)
Hex Converter:   FromElf.exe V5.06 update 6 (build 750)
CPU DLL:         SARMCM3.DLL V5.27.1.0
Dialog DLL:      DCM.DLL V1.17.2.0
Target DLL:      STLink\ST-LINKIII-KEIL_SWO.dll V3.0.6.0
Dialog DLL:      TCM.DLL V1.36.1.0
 
<h2>Project:</h2>
C:\Users\Wimansha\Documents\Base_Projects\F7_canSnifer_v0\MDK-ARM\F7_canSnifer_v0.uvprojx
Project File Date:  01/04/2020

<h2>Output:</h2>
*** Using Compiler 'V5.06 update 6 (build 750)', folder: 'C:\Keil_v5\ARM\ARMCC\Bin'
Rebuild target 'F7_canSnifer_v0'
assembling startup_stm32f746xx.s...
compiling usbh_diskio.c...
compiling fatfs.c...
compiling vTask_List.c...
..\Src\vTask_List.c(182): warning:  #177-D: variable "start"  was declared but never referenced
  	struct Node *start = NULL;
..\Src\vTask_List.c: 1 warning, 0 errors
compiling main.c...
compiling usbh_platform.c...
compiling freertos.c...
compiling usb_host.c...
compiling usbh_conf.c...
compiling stm32f7xx_hal_timebase_tim.c...
compiling stm32f7xx_it.c...
compiling linkedList.c...
compiling stm32f7xx_hal_msp.c...
compiling stm32f7xx_hal_hcd.c...
compiling stm32f7xx_ll_usb.c...
compiling stm32f7xx_hal_rcc_ex.c...
compiling stm32f7xx_hal_rcc.c...
compiling stm32f7xx_hal_flash_ex.c...
compiling stm32f7xx_hal_gpio.c...
compiling stm32f7xx_hal_dma.c...
compiling stm32f7xx_hal_flash.c...
compiling stm32f7xx_hal_pwr.c...
compiling stm32f7xx_hal_cortex.c...
compiling stm32f7xx_hal_pwr_ex.c...
compiling stm32f7xx_hal_dma_ex.c...
compiling stm32f7xx_hal_i2c_ex.c...
compiling stm32f7xx_hal.c...
compiling stm32f7xx_hal_exti.c...
compiling stm32f7xx_hal_i2c.c...
compiling stm32f7xx_hal_crc_ex.c...
compiling stm32f7xx_hal_crc.c...
compiling stm32f7xx_hal_can.c...
compiling stm32f7xx_hal_dma2d.c...
compiling stm32f7xx_hal_ltdc.c...
compiling stm32f7xx_hal_ltdc_ex.c...
compiling stm32f7xx_hal_sdram.c...
compiling stm32f7xx_ll_fmc.c...
compiling stm32f7xx_hal_dsi.c...
compiling stm32f7xx_hal_uart.c...
compiling stm32f7xx_hal_tim_ex.c...
compiling stm32f7xx_hal_tim.c...
compiling stm32f7xx_hal_uart_ex.c...
compiling system_stm32f7xx.c...
compiling stm32746g_discovery.c...
compiling ft5336.c...
compiling stm32746g_discovery_lcd.c...
compiling stm32746g_discovery_sdram.c...
compiling stm32746g_discovery_ts.c...
compiling diskio.c...
compiling ff.c...
compiling croutine.c...
compiling list.c...
compiling event_groups.c...
compiling queue.c...
compiling stream_buffer.c...
compiling timers.c...
compiling tasks.c...
compiling heap_4.c...
compiling cmsis_os.c...
compiling port.c...
compiling syscall.c...
compiling ff_gen_drv.c...
compiling usbh_core.c...
compiling usbh_ctlreq.c...
compiling usbh_pipes.c...
compiling usbh_ioreq.c...
compiling usbh_msc_bot.c...
compiling usbh_msc.c...
compiling usbh_msc_scsi.c...
linking...
Program Size: Code=41752 RO-data=8776 RW-data=220 ZI-data=30084  
FromELF: creating hex file...
"F7_canSnifer_v0\F7_canSnifer_v0.axf" - 0 Error(s), 1 Warning(s).

<h2>Software Packages used:</h2>

Package Vendor: ARM
                http://www.keil.com/pack/ARM.CMSIS.5.5.1.pack
                ARM.CMSIS.5.5.1
                CMSIS (Cortex Microcontroller Software Interface Standard)
   * Component: CORE Version: 5.2.0

Package Vendor: Keil
                http://www.keil.com/pack/Keil.STM32F7xx_DFP.2.11.0.pack
                Keil.STM32F7xx_DFP.2.11.0
                STMicroelectronics STM32F7 Series Device Support, Drivers and Examples

<h2>Collection of Component include folders:</h2>
  .\RTE\_F7_canSnifer_v0
  C:\Users\Wimansha\AppData\Local\Arm\Packs\ARM\CMSIS\5.5.1\CMSIS\Core\Include
  C:\Users\Wimansha\AppData\Local\Arm\Packs\Keil\STM32F7xx_DFP\2.11.0\Drivers\CMSIS\Device\ST\STM32F7xx\Include

<h2>Collection of Component Files used:</h2>

   * Component: ARM::CMSIS:CORE:5.2.0
Build Time Elapsed:  00:02:16
</pre>
</body>
</html>
