Archive member included to satisfy reference by file (symbol)

c:/st/stm32cubeide_1.3.0/stm32cubeide/plugins/com.st.stm32cube.ide.mcu.externaltools.gnu-tools-for-stm32.7-2018-q2-update.win32_1.5.0.202011040924/tools/bin/../lib/gcc/arm-none-eabi/7.3.1/../../../../arm-none-eabi/lib/thumb/v7-m\libstdc++_nano.a(pure.o)
                              Core/Src/maincpp.o (__cxa_pure_virtual)
c:/st/stm32cubeide_1.3.0/stm32cubeide/plugins/com.st.stm32cube.ide.mcu.externaltools.gnu-tools-for-stm32.7-2018-q2-update.win32_1.5.0.202011040924/tools/bin/../lib/gcc/arm-none-eabi/7.3.1/../../../../arm-none-eabi/lib/thumb/v7-m\libstdc++_nano.a(eh_terminate.o)
                              c:/st/stm32cubeide_1.3.0/stm32cubeide/plugins/com.st.stm32cube.ide.mcu.externaltools.gnu-tools-for-stm32.7-2018-q2-update.win32_1.5.0.202011040924/tools/bin/../lib/gcc/arm-none-eabi/7.3.1/../../../../arm-none-eabi/lib/thumb/v7-m\libstdc++_nano.a(pure.o) (std::terminate())
c:/st/stm32cubeide_1.3.0/stm32cubeide/plugins/com.st.stm32cube.ide.mcu.externaltools.gnu-tools-for-stm32.7-2018-q2-update.win32_1.5.0.202011040924/tools/bin/../lib/gcc/arm-none-eabi/7.3.1/../../../../arm-none-eabi/lib/thumb/v7-m\libstdc++_nano.a(eh_unex_handler.o)
                              c:/st/stm32cubeide_1.3.0/stm32cubeide/plugins/com.st.stm32cube.ide.mcu.externaltools.gnu-tools-for-stm32.7-2018-q2-update.win32_1.5.0.202011040924/tools/bin/../lib/gcc/arm-none-eabi/7.3.1/../../../../arm-none-eabi/lib/thumb/v7-m\libstdc++_nano.a(eh_terminate.o) (__cxxabiv1::__unexpected_handler)
c:/st/stm32cubeide_1.3.0/stm32cubeide/plugins/com.st.stm32cube.ide.mcu.externaltools.gnu-tools-for-stm32.7-2018-q2-update.win32_1.5.0.202011040924/tools/bin/../lib/gcc/arm-none-eabi/7.3.1/../../../../arm-none-eabi/lib/thumb/v7-m\libstdc++_nano.a(eh_term_handler.o)
                              c:/st/stm32cubeide_1.3.0/stm32cubeide/plugins/com.st.stm32cube.ide.mcu.externaltools.gnu-tools-for-stm32.7-2018-q2-update.win32_1.5.0.202011040924/tools/bin/../lib/gcc/arm-none-eabi/7.3.1/../../../../arm-none-eabi/lib/thumb/v7-m\libstdc++_nano.a(eh_terminate.o) (__cxxabiv1::__terminate_handler)
c:/st/stm32cubeide_1.3.0/stm32cubeide/plugins/com.st.stm32cube.ide.mcu.externaltools.gnu-tools-for-stm32.7-2018-q2-update.win32_1.5.0.202011040924/tools/bin/../lib/gcc/arm-none-eabi/7.3.1/../../../../arm-none-eabi/lib/thumb/v7-m\libc_nano.a(lib_a-abort.o)
                              c:/st/stm32cubeide_1.3.0/stm32cubeide/plugins/com.st.stm32cube.ide.mcu.externaltools.gnu-tools-for-stm32.7-2018-q2-update.win32_1.5.0.202011040924/tools/bin/../lib/gcc/arm-none-eabi/7.3.1/../../../../arm-none-eabi/lib/thumb/v7-m\libstdc++_nano.a(eh_terminate.o) (abort)
c:/st/stm32cubeide_1.3.0/stm32cubeide/plugins/com.st.stm32cube.ide.mcu.externaltools.gnu-tools-for-stm32.7-2018-q2-update.win32_1.5.0.202011040924/tools/bin/../lib/gcc/arm-none-eabi/7.3.1/../../../../arm-none-eabi/lib/thumb/v7-m\libc_nano.a(lib_a-errno.o)
                              Core/Src/syscalls.o (__errno)
c:/st/stm32cubeide_1.3.0/stm32cubeide/plugins/com.st.stm32cube.ide.mcu.externaltools.gnu-tools-for-stm32.7-2018-q2-update.win32_1.5.0.202011040924/tools/bin/../lib/gcc/arm-none-eabi/7.3.1/../../../../arm-none-eabi/lib/thumb/v7-m\libc_nano.a(lib_a-exit.o)
                              c:/st/stm32cubeide_1.3.0/stm32cubeide/plugins/com.st.stm32cube.ide.mcu.externaltools.gnu-tools-for-stm32.7-2018-q2-update.win32_1.5.0.202011040924/tools/bin/../lib/gcc/arm-none-eabi/7.3.1/../../../../arm-none-eabi/lib/thumb/v7-m/crt0.o (exit)
c:/st/stm32cubeide_1.3.0/stm32cubeide/plugins/com.st.stm32cube.ide.mcu.externaltools.gnu-tools-for-stm32.7-2018-q2-update.win32_1.5.0.202011040924/tools/bin/../lib/gcc/arm-none-eabi/7.3.1/../../../../arm-none-eabi/lib/thumb/v7-m\libc_nano.a(lib_a-impure.o)
                              c:/st/stm32cubeide_1.3.0/stm32cubeide/plugins/com.st.stm32cube.ide.mcu.externaltools.gnu-tools-for-stm32.7-2018-q2-update.win32_1.5.0.202011040924/tools/bin/../lib/gcc/arm-none-eabi/7.3.1/../../../../arm-none-eabi/lib/thumb/v7-m\libc_nano.a(lib_a-exit.o) (_global_impure_ptr)
c:/st/stm32cubeide_1.3.0/stm32cubeide/plugins/com.st.stm32cube.ide.mcu.externaltools.gnu-tools-for-stm32.7-2018-q2-update.win32_1.5.0.202011040924/tools/bin/../lib/gcc/arm-none-eabi/7.3.1/../../../../arm-none-eabi/lib/thumb/v7-m\libc_nano.a(lib_a-init.o)
                              c:/st/stm32cubeide_1.3.0/stm32cubeide/plugins/com.st.stm32cube.ide.mcu.externaltools.gnu-tools-for-stm32.7-2018-q2-update.win32_1.5.0.202011040924/tools/bin/../lib/gcc/arm-none-eabi/7.3.1/../../../../arm-none-eabi/lib/thumb/v7-m/crt0.o (__libc_init_array)
c:/st/stm32cubeide_1.3.0/stm32cubeide/plugins/com.st.stm32cube.ide.mcu.externaltools.gnu-tools-for-stm32.7-2018-q2-update.win32_1.5.0.202011040924/tools/bin/../lib/gcc/arm-none-eabi/7.3.1/../../../../arm-none-eabi/lib/thumb/v7-m\libc_nano.a(lib_a-memcpy-stub.o)
                              Core/Src/maincpp.o (memcpy)
[...]
Memory Configuration

Name             Origin             Length             Attributes
RAM              0x0000000020000000 0x0000000000005000 xrw
FLASH            0x0000000008000000 0x0000000000010000 xr
*default*        0x0000000000000000 0xffffffffffffffff

Linker script and memory map

LOAD c:/st/stm32cubeide_1.3.0/stm32cubeide/plugins/com.st.stm32cube.ide.mcu.externaltools.gnu-tools-for-stm32.7-2018-q2-update.win32_1.5.0.202011040924/tools/bin/../lib/gcc/arm-none-eabi/7.3.1/thumb/v7-m/crti.o
LOAD c:/st/stm32cubeide_1.3.0/stm32cubeide/plugins/com.st.stm32cube.ide.mcu.externaltools.gnu-tools-for-stm32.7-2018-q2-update.win32_1.5.0.202011040924/tools/bin/../lib/gcc/arm-none-eabi/7.3.1/thumb/v7-m/crtbegin.o
LOAD c:/st/stm32cubeide_1.3.0/stm32cubeide/plugins/com.st.stm32cube.ide.mcu.externaltools.gnu-tools-for-stm32.7-2018-q2-update.win32_1.5.0.202011040924/tools/bin/../lib/gcc/arm-none-eabi/7.3.1/../../../../arm-none-eabi/lib/thumb/v7-m/crt0.o
LOAD Core/Src/duration.o
LOAD Core/Src/freertos.o
LOAD Core/Src/main.o
LOAD Core/Src/maincpp.o
LOAD Core/Src/stm32f1xx_hal_msp.o
LOAD Core/Src/stm32f1xx_hal_timebase_tim.o
LOAD Core/Src/stm32f1xx_it.o
LOAD Core/Src/syscalls.o
LOAD Core/Src/sysmem.o
LOAD Core/Src/system_stm32f1xx.o
LOAD Core/Src/time.o
LOAD Core/Src/xl480.o
LOAD Core/Startup/startup_stm32f103c8tx.o
LOAD Drivers/STM32F1xx_HAL_Driver/Src/stm32f1xx_hal.o
LOAD Drivers/STM32F1xx_HAL_Driver/Src/stm32f1xx_hal_cortex.o
LOAD Drivers/STM32F1xx_HAL_Driver/Src/stm32f1xx_hal_dma.o
LOAD Drivers/STM32F1xx_HAL_Driver/Src/stm32f1xx_hal_exti.o
LOAD Drivers/STM32F1xx_HAL_Driver/Src/stm32f1xx_hal_flash.o
LOAD Drivers/STM32F1xx_HAL_Driver/Src/stm32f1xx_hal_flash_ex.o
LOAD Drivers/STM32F1xx_HAL_Driver/Src/stm32f1xx_hal_gpio.o
LOAD Drivers/STM32F1xx_HAL_Driver/Src/stm32f1xx_hal_gpio_ex.o
LOAD Drivers/STM32F1xx_HAL_Driver/Src/stm32f1xx_hal_pwr.o
LOAD Drivers/STM32F1xx_HAL_Driver/Src/stm32f1xx_hal_rcc.o
LOAD Drivers/STM32F1xx_HAL_Driver/Src/stm32f1xx_hal_rcc_ex.o
LOAD Drivers/STM32F1xx_HAL_Driver/Src/stm32f1xx_hal_tim.o
LOAD Drivers/STM32F1xx_HAL_Driver/Src/stm32f1xx_hal_tim_ex.o
LOAD Drivers/STM32F1xx_HAL_Driver/Src/stm32f1xx_hal_uart.o
LOAD Middlewares/Third_Party/FreeRTOS/Source/CMSIS_RTOS_V2/cmsis_os2.o
LOAD Middlewares/Third_Party/FreeRTOS/Source/croutine.o
LOAD Middlewares/Third_Party/FreeRTOS/Source/event_groups.o
LOAD Middlewares/Third_Party/FreeRTOS/Source/list.o
LOAD Middlewares/Third_Party/FreeRTOS/Source/queue.o
LOAD Middlewares/Third_Party/FreeRTOS/Source/stream_buffer.o
LOAD Middlewares/Third_Party/FreeRTOS/Source/tasks.o
LOAD Middlewares/Third_Party/FreeRTOS/Source/timers.o
LOAD Middlewares/Third_Party/FreeRTOS/Source/portable/GCC/ARM_CM3/port.o
LOAD Middlewares/Third_Party/FreeRTOS/Source/portable/MemMang/heap_4.o
START GROUP
LOAD c:/st/stm32cubeide_1.3.0/stm32cubeide/plugins/com.st.stm32cube.ide.mcu.externaltools.gnu-tools-for-stm32.7-2018-q2-update.win32_1.5.0.202011040924/tools/bin/../lib/gcc/arm-none-eabi/7.3.1/../../../../arm-none-eabi/lib/thumb/v7-m\libstdc++_nano.a
LOAD c:/st/stm32cubeide_1.3.0/stm32cubeide/plugins/com.st.stm32cube.ide.mcu.externaltools.gnu-tools-for-stm32.7-2018-q2-update.win32_1.5.0.202011040924/tools/bin/../lib/gcc/arm-none-eabi/7.3.1/../../../../arm-none-eabi/lib/thumb/v7-m\libsupc++_nano.a
END GROUP
LOAD c:/st/stm32cubeide_1.3.0/stm32cubeide/plugins/com.st.stm32cube.ide.mcu.externaltools.gnu-tools-for-stm32.7-2018-q2-update.win32_1.5.0.202011040924/tools/bin/../lib/gcc/arm-none-eabi/7.3.1/../../../../arm-none-eabi/lib/thumb/v7-m\libstdc++_nano.a
LOAD c:/st/stm32cubeide_1.3.0/stm32cubeide/plugins/com.st.stm32cube.ide.mcu.externaltools.gnu-tools-for-stm32.7-2018-q2-update.win32_1.5.0.202011040924/tools/bin/../lib/gcc/arm-none-eabi/7.3.1/../../../../arm-none-eabi/lib/thumb/v7-m\libm.a
LOAD c:/st/stm32cubeide_1.3.0/stm32cubeide/plugins/com.st.stm32cube.ide.mcu.externaltools.gnu-tools-for-stm32.7-2018-q2-update.win32_1.5.0.202011040924/tools/bin/../lib/gcc/arm-none-eabi/7.3.1/../../../../arm-none-eabi/lib/thumb/v7-m\libc_nano.a
START GROUP
LOAD c:/st/stm32cubeide_1.3.0/stm32cubeide/plugins/com.st.stm32cube.ide.mcu.externaltools.gnu-tools-for-stm32.7-2018-q2-update.win32_1.5.0.202011040924/tools/bin/../lib/gcc/arm-none-eabi/7.3.1/thumb/v7-m\libgcc.a
LOAD c:/st/stm32cubeide_1.3.0/stm32cubeide/plugins/com.st.stm32cube.ide.mcu.externaltools.gnu-tools-for-stm32.7-2018-q2-update.win32_1.5.0.202011040924/tools/bin/../lib/gcc/arm-none-eabi/7.3.1/../../../../arm-none-eabi/lib/thumb/v7-m\libc_nano.a
END GROUP
START GROUP
LOAD c:/st/stm32cubeide_1.3.0/stm32cubeide/plugins/com.st.stm32cube.ide.mcu.externaltools.gnu-tools-for-stm32.7-2018-q2-update.win32_1.5.0.202011040924/tools/bin/../lib/gcc/arm-none-eabi/7.3.1/thumb/v7-m\libgcc.a
LOAD c:/st/stm32cubeide_1.3.0/stm32cubeide/plugins/com.st.stm32cube.ide.mcu.externaltools.gnu-tools-for-stm32.7-2018-q2-update.win32_1.5.0.202011040924/tools/bin/../lib/gcc/arm-none-eabi/7.3.1/../../../../arm-none-eabi/lib/thumb/v7-m\libc_nano.a
LOAD c:/st/stm32cubeide_1.3.0/stm32cubeide/plugins/com.st.stm32cube.ide.mcu.externaltools.gnu-tools-for-stm32.7-2018-q2-update.win32_1.5.0.202011040924/tools/bin/../lib/gcc/arm-none-eabi/7.3.1/../../../../arm-none-eabi/lib/thumb/v7-m\libnosys.a
END GROUP
START GROUP
LOAD c:/st/stm32cubeide_1.3.0/stm32cubeide/plugins/com.st.stm32cube.ide.mcu.externaltools.gnu-tools-for-stm32.7-2018-q2-update.win32_1.5.0.202011040924/tools/bin/../lib/gcc/arm-none-eabi/7.3.1/thumb/v7-m\libgcc.a
LOAD c:/st/stm32cubeide_1.3.0/stm32cubeide/plugins/com.st.stm32cube.ide.mcu.externaltools.gnu-tools-for-stm32.7-2018-q2-update.win32_1.5.0.202011040924/tools/bin/../lib/gcc/arm-none-eabi/7.3.1/../../../../arm-none-eabi/lib/thumb/v7-m\libc_nano.a
LOAD c:/st/stm32cubeide_1.3.0/stm32cubeide/plugins/com.st.stm32cube.ide.mcu.externaltools.gnu-tools-for-stm32.7-2018-q2-update.win32_1.5.0.202011040924/tools/bin/../lib/gcc/arm-none-eabi/7.3.1/../../../../arm-none-eabi/lib/thumb/v7-m\libnosys.a
END GROUP
LOAD c:/st/stm32cubeide_1.3.0/stm32cubeide/plugins/com.st.stm32cube.ide.mcu.externaltools.gnu-tools-for-stm32.7-2018-q2-update.win32_1.5.0.202011040924/tools/bin/../lib/gcc/arm-none-eabi/7.3.1/thumb/v7-m/crtend.o
LOAD c:/st/stm32cubeide_1.3.0/stm32cubeide/plugins/com.st.stm32cube.ide.mcu.externaltools.gnu-tools-for-stm32.7-2018-q2-update.win32_1.5.0.202011040924/tools/bin/../lib/gcc/arm-none-eabi/7.3.1/thumb/v7-m/crtn.o
                0x0000000020005000                _estack = (ORIGIN (RAM) + LENGTH (RAM))
                0x0000000000000200                _Min_Heap_Size = 0x200
                0x0000000000000400                _Min_Stack_Size = 0x400

.isr_vector     0x0000000008000000      0x10c
                0x0000000008000000                . = ALIGN (0x4)
 *(.isr_vector)
 .isr_vector    0x0000000008000000      0x10c Core/Startup/startup_stm32f103c8tx.o
                0x0000000008000000                g_pfnVectors
                0x000000000800010c                . = ALIGN (0x4)

.text           0x0000000008000110     0x76cc
                0x0000000008000110                . = ALIGN (0x4)
 *(.text)
 .text          0x0000000008000110       0x40 c:/st/stm32cubeide_1.3.0/stm32cubeide/plugins/com.st.stm32cube.ide.mcu.externaltools.gnu-tools-for-stm32.7-2018-q2-update.win32_1.5.0.202011040924/tools/bin/../lib/gcc/arm-none-eabi/7.3.1/thumb/v7-m/crtbegin.o
 .text          0x0000000008000150       0x10 c:/st/stm32cubeide_1.3.0/stm32cubeide/plugins/com.st.stm32cube.ide.mcu.externaltools.gnu-tools-for-stm32.7-2018-q2-update.win32_1.5.0.202011040924/tools/bin/../lib/gcc/arm-none-eabi/7.3.1/../../../../arm-none-eabi/lib/thumb/v7-m\libc_nano.a(lib_a-strlen.o)
                0x0000000008000150                strlen
 *(.text*)
 .text.main     0x0000000008000160       0x4c Core/Src/main.o
                0x0000000008000160                main
 .text.SystemClock_Config
                0x00000000080001ac       0x76 Core/Src/main.o
                0x00000000080001ac                SystemClock_Config
 *fill*         0x0000000008000222        0x2 
 .text.MX_USART1_UART_Init
                0x0000000008000224       0x54 Core/Src/main.o
 .text.MX_USART3_UART_Init
                0x0000000008000278       0x64 Core/Src/main.o
 .text.MX_DMA_Init
                0x00000000080002dc       0x5c Core/Src/main.o
 .text.MX_GPIO_Init
                0x0000000008000338       0xb0 Core/Src/main.o
 .text.StartDefaultTask
                0x00000000080003e8       0x28 Core/Src/main.o
                0x00000000080003e8                StartDefaultTask
 .text.HAL_TIM_PeriodElapsedCallback
                0x0000000008000410       0x24 Core/Src/main.o
                0x0000000008000410                HAL_TIM_PeriodElapsedCallback
 .text.Error_Handler
                0x0000000008000434        0x8 Core/Src/main.o
                0x0000000008000434                Error_Handler
 .text._ZN3ros4TimeC2Ev
                0x000000000800043c       0x20 Core/Src/maincpp.o
                0x000000000800043c                ros::Time::Time()
                0x000000000800043c                ros::Time::Time()
 .text._ZN3ros3MsgC2Ev
                0x000000000800045c       0x20 Core/Src/maincpp.o
                0x000000000800045c                ros::Msg::Msg()
                0x000000000800045c                ros::Msg::Msg()
 .text._ZN8std_msgs4TimeC2Ev
                0x000000000800047c       0x30 Core/Src/maincpp.o
                0x000000000800047c                std_msgs::Time::Time()
                0x000000000800047c                std_msgs::Time::Time()
 .text._ZNK8std_msgs4Time9serializeEPh
                0x00000000080004ac       0xae Core/Src/maincpp.o
                0x00000000080004ac                std_msgs::Time::serialize(unsigned char*) const
 .text._ZN8std_msgs4Time11deserializeEPh
                0x000000000800055a       0xc6 Core/Src/maincpp.o
                0x000000000800055a                std_msgs::Time::deserialize(unsigned char*)
 .text._ZN8std_msgs4Time7getTypeEv
                0x0000000008000620       0x18 Core/Src/maincpp.o
                0x0000000008000620                std_msgs::Time::getType()
 .text._ZN8std_msgs4Time6getMD5Ev
                0x0000000008000638       0x18 Core/Src/maincpp.o
                0x0000000008000638                std_msgs::Time::getMD5()
 .text._ZN14rosserial_msgs9TopicInfoC2Ev
                0x0000000008000650       0x48 Core/Src/maincpp.o
                0x0000000008000650                rosserial_msgs::TopicInfo::TopicInfo()
                0x0000000008000650                rosserial_msgs::TopicInfo::TopicInfo()
 .text._ZNK14rosserial_msgs9TopicInfo9serializeEPh
                0x0000000008000698      0x136 Core/Src/maincpp.o
                0x0000000008000698                rosserial_msgs::TopicInfo::serialize(unsigned char*) const
 .text._ZN14rosserial_msgs9TopicInfo11deserializeEPh
                0x00000000080007ce      0x1d0 Core/Src/maincpp.o
                0x00000000080007ce                rosserial_msgs::TopicInfo::deserialize(unsigned char*)
 *fill*         0x000000000800099e        0x2 
 .text._ZN14rosserial_msgs9TopicInfo7getTypeEv
                0x00000000080009a0       0x18 Core/Src/maincpp.o
                0x00000000080009a0                rosserial_msgs::TopicInfo::getType()
 .text._ZN14rosserial_msgs9TopicInfo6getMD5Ev
                0x00000000080009b8       0x18 Core/Src/maincpp.o
                0x00000000080009b8                rosserial_msgs::TopicInfo::getMD5()
 .text._ZN14rosserial_msgs3LogC2Ev
                0x00000000080009d0       0x34 Core/Src/maincpp.o
                0x00000000080009d0                rosserial_msgs::Log::Log()
                0x00000000080009d0                rosserial_msgs::Log::Log()
 .text._ZNK14rosserial_msgs3Log9serializeEPh
                0x0000000008000a04       0x64 Core/Src/maincpp.o
                0x0000000008000a04                rosserial_msgs::Log::serialize(unsigned char*) const
 .text._ZN14rosserial_msgs3Log11deserializeEPh
                0x0000000008000a68       0x90 Core/Src/maincpp.o
                0x0000000008000a68                rosserial_msgs::Log::deserialize(unsigned char*)
 .text._ZN14rosserial_msgs3Log7getTypeEv
                0x0000000008000af8       0x18 Core/Src/maincpp.o
                0x0000000008000af8                rosserial_msgs::Log::getType()
 .text._ZN14rosserial_msgs3Log6getMD5Ev
                0x0000000008000b10       0x18 Core/Src/maincpp.o
                0x0000000008000b10                rosserial_msgs::Log::getMD5()
 .text._ZN14rosserial_msgs20RequestParamResponseC2Ev
                0x0000000008000b28       0x48 Core/Src/maincpp.o
                0x0000000008000b28                rosserial_msgs::RequestParamResponse::RequestParamResponse()
                0x0000000008000b28                rosserial_msgs::RequestParamResponse::RequestParamResponse()
 .text._ZNK14rosserial_msgs20RequestParamResponse9serializeEPh
                0x0000000008000b70      0x222 Core/Src/maincpp.o
                0x0000000008000b70                rosserial_msgs::RequestParamResponse::serialize(unsigned char*) const
 .text._ZN14rosserial_msgs20RequestParamResponse11deserializeEPh
                0x0000000008000d92      0x2e2 Core/Src/maincpp.o
                0x0000000008000d92                rosserial_msgs::RequestParamResponse::deserialize(unsigned char*)
 .text._ZN14rosserial_msgs20RequestParamResponse7getTypeEv
                0x0000000008001074       0x18 Core/Src/maincpp.o
                0x0000000008001074                rosserial_msgs::RequestParamResponse::getType()
 .text._ZN14rosserial_msgs20RequestParamResponse6getMD5Ev
                0x000000000800108c       0x18 Core/Src/maincpp.o
                0x000000000800108c                rosserial_msgs::RequestParamResponse::getMD5()
 .text._ZN3ros9PublisherC2EPKcPNS_3MsgEi
                0x00000000080010a4       0x2c Core/Src/maincpp.o
                0x00000000080010a4                ros::Publisher::Publisher(char const*, ros::Msg*, int)
                0x00000000080010a4                ros::Publisher::Publisher(char const*, ros::Msg*, int)
 .text._ZN3ros9Publisher15getEndpointTypeEv
                0x00000000080010d0       0x16 Core/Src/maincpp.o
                0x00000000080010d0                ros::Publisher::getEndpointType()
 .text._ZN13STM32Hardware10getRdmaIndEv
                0x00000000080010e6       0x22 Core/Src/maincpp.o
                0x00000000080010e6                STM32Hardware::getRdmaInd()
 .text._ZN13STM32HardwareC2Ev
                0x0000000008001108       0x38 Core/Src/maincpp.o
                0x0000000008001108                STM32Hardware::STM32Hardware()
                0x0000000008001108                STM32Hardware::STM32Hardware()
 .text._ZN13STM32Hardware10reset_rbufEv
                0x0000000008001140       0x26 Core/Src/maincpp.o
                0x0000000008001140                STM32Hardware::reset_rbuf()
 .text._ZN13STM32Hardware4readEv
                0x0000000008001166       0x5a Core/Src/maincpp.o
                0x0000000008001166                STM32Hardware::read()
 .text._ZN13STM32Hardware5flushEv
                0x00000000080011c0       0xbc Core/Src/maincpp.o
                0x00000000080011c0                STM32Hardware::flush()
 .text._ZN13STM32Hardware5writeEPhi
                0x000000000800127c       0x8c Core/Src/maincpp.o
                0x000000000800127c                STM32Hardware::write(unsigned char*, int)
 .text._ZN13STM32Hardware4timeEv
                0x0000000008001308       0x16 Core/Src/maincpp.o
                0x0000000008001308                STM32Hardware::time()
 *fill*         0x000000000800131e        0x2 
 .text._ZN8std_msgs6StringC2Ev
                0x0000000008001320       0x30 Core/Src/maincpp.o
                0x0000000008001320                std_msgs::String::String()
                0x0000000008001320                std_msgs::String::String()
 .text._ZNK8std_msgs6String9serializeEPh
                0x0000000008001350       0x52 Core/Src/maincpp.o
                0x0000000008001350                std_msgs::String::serialize(unsigned char*) const
 .text._ZN8std_msgs6String11deserializeEPh
                0x00000000080013a2       0x7e Core/Src/maincpp.o
                0x00000000080013a2                std_msgs::String::deserialize(unsigned char*)
 .text._ZN8std_msgs6String7getTypeEv
                0x0000000008001420       0x18 Core/Src/maincpp.o
                0x0000000008001420                std_msgs::String::getType()
 .text._ZN8std_msgs6String6getMD5Ev
                0x0000000008001438       0x18 Core/Src/maincpp.o
                0x0000000008001438                std_msgs::String::getMD5()
 .text.HAL_UART_TxCpltCallback
                0x0000000008001450       0x24 Core/Src/maincpp.o
                0x0000000008001450                HAL_UART_TxCpltCallback
 .text.HAL_UART_RxCpltCallback
                0x0000000008001474       0x24 Core/Src/maincpp.o
                0x0000000008001474                HAL_UART_RxCpltCallback
 .text._ZN3ros3Msg8varToArrIPhmEEvT_T0_
                0x0000000008001498       0x3a Core/Src/maincpp.o
                0x0000000008001498                void ros::Msg::varToArr<unsigned char*, unsigned long>(unsigned char*, unsigned long)
 .text._ZN3ros3Msg8arrToVarImPhEEvRT_T0_
                0x00000000080014d2       0x48 Core/Src/maincpp.o
                0x00000000080014d2                void ros::Msg::arrToVar<unsigned long, unsigned char*>(unsigned long&, unsigned char*)
 *fill*         0x000000000800151a        0x2 
 .text._ZN3ros15NodeHandleBase_C2Ev
                0x000000000800151c       0x20 Core/Src/maincpp.o
                0x000000000800151c                ros::NodeHandleBase_::NodeHandleBase_()
                0x000000000800151c                ros::NodeHandleBase_::NodeHandleBase_()
 .text._ZN3ros11NodeHandle_I13STM32HardwareLi25ELi25ELi512ELi512EEC2Ev
                0x000000000800153c      0x100 Core/Src/maincpp.o
                0x000000000800153c                ros::NodeHandle_<STM32Hardware, 25, 25, 512, 512>::NodeHandle_()
                0x000000000800153c                ros::NodeHandle_<STM32Hardware, 25, 25, 512, 512>::NodeHandle_()
 .text._ZN3ros11NodeHandle_I13STM32HardwareLi25ELi25ELi512ELi512EE11getHardwareEv
                0x000000000800163c       0x16 Core/Src/maincpp.o
                0x000000000800163c                ros::NodeHandle_<STM32Hardware, 25, 25, 512, 512>::getHardware()
 .text._ZN3ros11NodeHandle_I13STM32HardwareLi25ELi25ELi512ELi512EE9connectedEv
                0x0000000008001652       0x18 Core/Src/maincpp.o
                0x0000000008001652                ros::NodeHandle_<STM32Hardware, 25, 25, 512, 512>::connected()
 .text._ZN3ros11NodeHandle_I13STM32HardwareLi25ELi25ELi512ELi512EE8spinOnceEv
                0x000000000800166a      0x3b8 Core/Src/maincpp.o
                0x000000000800166a                ros::NodeHandle_<STM32Hardware, 25, 25, 512, 512>::spinOnce()
 .text._ZN3ros11NodeHandle_I13STM32HardwareLi25ELi25ELi512ELi512EE15requestSyncTimeEv
                0x0000000008001a22       0x3c Core/Src/maincpp.o
                0x0000000008001a22                ros::NodeHandle_<STM32Hardware, 25, 25, 512, 512>::requestSyncTime()
 .text._ZN3ros11NodeHandle_I13STM32HardwareLi25ELi25ELi512ELi512EE15negotiateTopicsEv
                0x0000000008001a5e      0x1be Core/Src/maincpp.o
                0x0000000008001a5e                ros::NodeHandle_<STM32Hardware, 25, 25, 512, 512>::negotiateTopics()
 .text._ZN3ros11NodeHandle_I13STM32HardwareLi25ELi25ELi512ELi512EE8syncTimeEPh
                0x0000000008001c1c       0x98 Core/Src/maincpp.o
                0x0000000008001c1c                ros::NodeHandle_<STM32Hardware, 25, 25, 512, 512>::syncTime(unsigned char*)
 .text._ZN3ros11NodeHandle_I13STM32HardwareLi25ELi25ELi512ELi512EE3logEcPKc
                0x0000000008001cb4       0x38 Core/Src/maincpp.o
                0x0000000008001cb4                ros::NodeHandle_<STM32Hardware, 25, 25, 512, 512>::log(char, char const*)
 .text._ZN3ros11NodeHandle_I13STM32HardwareLi25ELi25ELi512ELi512EE7publishEiPKNS_3MsgE
                0x0000000008001cec      0x124 Core/Src/maincpp.o
                0x0000000008001cec                ros::NodeHandle_<STM32Hardware, 25, 25, 512, 512>::publish(int, ros::Msg const*)
 .text._ZN3ros11NodeHandle_I13STM32HardwareLi25ELi25ELi512ELi512EE6setNowERNS_4TimeE
                0x0000000008001e10       0x80 Core/Src/maincpp.o
                0x0000000008001e10                ros::NodeHandle_<STM32Hardware, 25, 25, 512, 512>::setNow(ros::Time&)
 .text._ZN3ros11NodeHandle_I13STM32HardwareLi25ELi25ELi512ELi512EE8logerrorEPKc
                0x0000000008001e90       0x1c Core/Src/maincpp.o
                0x0000000008001e90                ros::NodeHandle_<STM32Hardware, 25, 25, 512, 512>::logerror(char const*)
 .text._Z41__static_initialization_and_destruction_0ii
                0x0000000008001eac       0x4c Core/Src/maincpp.o
 .text._GLOBAL__sub_I_nh
                0x0000000008001ef8       0x10 Core/Src/maincpp.o
 .text.HAL_MspInit
                0x0000000008001f08       0x70 Core/Src/stm32f1xx_hal_msp.o
                0x0000000008001f08                HAL_MspInit
 .text.HAL_UART_MspInit
                0x0000000008001f78      0x21c Core/Src/stm32f1xx_hal_msp.o
                0x0000000008001f78                HAL_UART_MspInit
 .text.HAL_InitTick
                0x0000000008002194       0xac Core/Src/stm32f1xx_hal_timebase_tim.o
                0x0000000008002194                HAL_InitTick
 .text.NMI_Handler
                0x0000000008002240        0x6 Core/Src/stm32f1xx_it.o
                0x0000000008002240                NMI_Handler
 .text.HardFault_Handler
                0x0000000008002246        0x6 Core/Src/stm32f1xx_it.o
                0x0000000008002246                HardFault_Handler
 .text.MemManage_Handler
                0x000000000800224c        0x6 Core/Src/stm32f1xx_it.o
                0x000000000800224c                MemManage_Handler
 .text.BusFault_Handler
                0x0000000008002252        0x6 Core/Src/stm32f1xx_it.o
                0x0000000008002252                BusFault_Handler
 .text.UsageFault_Handler
                0x0000000008002258        0x6 Core/Src/stm32f1xx_it.o
                0x0000000008002258                UsageFault_Handler
 .text.DebugMon_Handler
                0x000000000800225e        0xc Core/Src/stm32f1xx_it.o
                0x000000000800225e                DebugMon_Handler
 *fill*         0x000000000800226a        0x2 
 .text.DMA1_Channel3_IRQHandler
                0x000000000800226c       0x14 Core/Src/stm32f1xx_it.o
                0x000000000800226c                DMA1_Channel3_IRQHandler
 .text.DMA1_Channel4_IRQHandler
                0x0000000008002280       0x14 Core/Src/stm32f1xx_it.o
                0x0000000008002280                DMA1_Channel4_IRQHandler
 .text.DMA1_Channel5_IRQHandler
                0x0000000008002294       0x14 Core/Src/stm32f1xx_it.o
                0x0000000008002294                DMA1_Channel5_IRQHandler
 .text.TIM1_UP_IRQHandler
                0x00000000080022a8       0x14 Core/Src/stm32f1xx_it.o
                0x00000000080022a8                TIM1_UP_IRQHandler
 .text.USART1_IRQHandler
                0x00000000080022bc       0x14 Core/Src/stm32f1xx_it.o
                0x00000000080022bc                USART1_IRQHandler
 .text.USART3_IRQHandler
                0x00000000080022d0       0x84 Core/Src/stm32f1xx_it.o
                0x00000000080022d0                USART3_IRQHandler
 .text._getpid  0x0000000008002354        0xe Core/Src/syscalls.o
                0x0000000008002354                _getpid
 .text._kill    0x0000000008002362       0x20 Core/Src/syscalls.o
                0x0000000008002362                _kill
 .text._exit    0x0000000008002382       0x14 Core/Src/syscalls.o
                0x0000000008002382                _exit
 *fill*         0x0000000008002396        0x2 
 .text._sbrk    0x0000000008002398       0x6c Core/Src/sysmem.o
                0x0000000008002398                _sbrk
 .text.SystemInit
                0x0000000008002404        0xc Core/Src/system_stm32f1xx.o
                0x0000000008002404                SystemInit
 .text._ZN3ros16normalizeSecNSecERmS0_
                0x0000000008002410       0x58 Core/Src/time.o
                0x0000000008002410                ros::normalizeSecNSec(unsigned long&, unsigned long&)
 .text.xl480_int
                0x0000000008002468       0x44 Core/Src/xl480.o
                0x0000000008002468                xl480_int
 .text.xl480_writebuffer
                0x00000000080024ac       0x30 Core/Src/xl480.o
                0x00000000080024ac                xl480_writebuffer
 .text.update_crc
                0x00000000080024dc       0x9c Core/Src/xl480.o
                0x00000000080024dc                update_crc
 .text.xl480_ping
                0x0000000008002578       0x54 Core/Src/xl480.o
                0x0000000008002578                xl480_ping
 .text.xl480_setRxData
                0x00000000080025cc       0x38 Core/Src/xl480.o
                0x00000000080025cc                xl480_setRxData
 .text.Reset_Handler
                0x0000000008002604       0x48 Core/Startup/startup_stm32f103c8tx.o
                0x0000000008002604                Reset_Handler
 .text.Default_Handler
                0x000000000800264c        0x2 Core/Startup/startup_stm32f103c8tx.o
                0x000000000800264c                RTC_Alarm_IRQHandler
                0x000000000800264c                EXTI2_IRQHandler
                0x000000000800264c                TIM1_CC_IRQHandler
                0x000000000800264c                PVD_IRQHandler
                0x000000000800264c                EXTI3_IRQHandler
                0x000000000800264c                EXTI0_IRQHandler
                0x000000000800264c                I2C2_EV_IRQHandler
                0x000000000800264c                ADC1_2_IRQHandler
                0x000000000800264c                SPI1_IRQHandler
                0x000000000800264c                TAMPER_IRQHandler
                0x000000000800264c                RTC_IRQHandler
                0x000000000800264c                DMA1_Channel7_IRQHandler
                0x000000000800264c                CAN1_RX1_IRQHandler
                0x000000000800264c                TIM4_IRQHandler
                0x000000000800264c                I2C1_EV_IRQHandler
                0x000000000800264c                DMA1_Channel6_IRQHandler
                0x000000000800264c                TIM3_IRQHandler
                0x000000000800264c                RCC_IRQHandler
                0x000000000800264c                TIM1_TRG_COM_IRQHandler
                0x000000000800264c                DMA1_Channel1_IRQHandler
                0x000000000800264c                Default_Handler
                0x000000000800264c                EXTI15_10_IRQHandler
                0x000000000800264c                EXTI9_5_IRQHandler
                0x000000000800264c                SPI2_IRQHandler
                0x000000000800264c                EXTI4_IRQHandler
                0x000000000800264c                USB_LP_CAN1_RX0_IRQHandler
                0x000000000800264c                USB_HP_CAN1_TX_IRQHandler
                0x000000000800264c                WWDG_IRQHandler
                0x000000000800264c                TIM2_IRQHandler
                0x000000000800264c                TIM1_BRK_IRQHandler
                0x000000000800264c                EXTI1_IRQHandler
                0x000000000800264c                USART2_IRQHandler
                0x000000000800264c                I2C2_ER_IRQHandler
                0x000000000800264c                DMA1_Channel2_IRQHandler
                0x000000000800264c                CAN1_SCE_IRQHandler
                0x000000000800264c                FLASH_IRQHandler
                0x000000000800264c                I2C1_ER_IRQHandler
                0x000000000800264c                USBWakeUp_IRQHandler
 *fill*         0x000000000800264e        0x2 
 .text.HAL_Init
                0x0000000008002650       0x2c Drivers/STM32F1xx_HAL_Driver/Src/stm32f1xx_hal.o
                0x0000000008002650                HAL_Init
 .text.HAL_IncTick
                0x000000000800267c       0x24 Drivers/STM32F1xx_HAL_Driver/Src/stm32f1xx_hal.o
                0x000000000800267c                HAL_IncTick
 .text.HAL_GetTick
                0x00000000080026a0       0x14 Drivers/STM32F1xx_HAL_Driver/Src/stm32f1xx_hal.o
                0x00000000080026a0                HAL_GetTick
 .text.__NVIC_SetPriorityGrouping
                0x00000000080026b4       0x48 Drivers/STM32F1xx_HAL_Driver/Src/stm32f1xx_hal_cortex.o
 .text.__NVIC_GetPriorityGrouping
                0x00000000080026fc       0x1c Drivers/STM32F1xx_HAL_Driver/Src/stm32f1xx_hal_cortex.o
 .text.__NVIC_EnableIRQ
                0x0000000008002718       0x38 Drivers/STM32F1xx_HAL_Driver/Src/stm32f1xx_hal_cortex.o
 .text.__NVIC_SetPriority
                0x0000000008002750       0x54 Drivers/STM32F1xx_HAL_Driver/Src/stm32f1xx_hal_cortex.o
 .text.NVIC_EncodePriority
                0x00000000080027a4       0x64 Drivers/STM32F1xx_HAL_Driver/Src/stm32f1xx_hal_cortex.o
 .text.HAL_NVIC_SetPriorityGrouping
                0x0000000008002808       0x16 Drivers/STM32F1xx_HAL_Driver/Src/stm32f1xx_hal_cortex.o
                0x0000000008002808                HAL_NVIC_SetPriorityGrouping
 .text.HAL_NVIC_SetPriority
                0x000000000800281e       0x38 Drivers/STM32F1xx_HAL_Driver/Src/stm32f1xx_hal_cortex.o
                0x000000000800281e                HAL_NVIC_SetPriority
 .text.HAL_NVIC_EnableIRQ
                0x0000000008002856       0x1c Drivers/STM32F1xx_HAL_Driver/Src/stm32f1xx_hal_cortex.o
                0x0000000008002856                HAL_NVIC_EnableIRQ
 *fill*         0x0000000008002872        0x2 
 .text.HAL_DMA_Init
                0x0000000008002874       0xb4 Drivers/STM32F1xx_HAL_Driver/Src/stm32f1xx_hal_dma.o
                0x0000000008002874                HAL_DMA_Init
 .text.HAL_DMA_Start_IT
                0x0000000008002928       0xbe Drivers/STM32F1xx_HAL_Driver/Src/stm32f1xx_hal_dma.o
                0x0000000008002928                HAL_DMA_Start_IT
 .text.HAL_DMA_Abort
                0x00000000080029e6       0x74 Drivers/STM32F1xx_HAL_Driver/Src/stm32f1xx_hal_dma.o
                0x00000000080029e6                HAL_DMA_Abort
 *fill*         0x0000000008002a5a        0x2 
 .text.HAL_DMA_Abort_IT
                0x0000000008002a5c       0xec Drivers/STM32F1xx_HAL_Driver/Src/stm32f1xx_hal_dma.o
                0x0000000008002a5c                HAL_DMA_Abort_IT
 .text.HAL_DMA_IRQHandler
                0x0000000008002b48      0x20c Drivers/STM32F1xx_HAL_Driver/Src/stm32f1xx_hal_dma.o
                0x0000000008002b48                HAL_DMA_IRQHandler
 .text.DMA_SetConfig
                0x0000000008002d54       0x5a Drivers/STM32F1xx_HAL_Driver/Src/stm32f1xx_hal_dma.o
 *fill*         0x0000000008002dae        0x2 
 .text.HAL_GPIO_Init
                0x0000000008002db0      0x2b4 Drivers/STM32F1xx_HAL_Driver/Src/stm32f1xx_hal_gpio.o
                0x0000000008002db0                HAL_GPIO_Init
 .text.HAL_GPIO_WritePin
                0x0000000008003064       0x30 Drivers/STM32F1xx_HAL_Driver/Src/stm32f1xx_hal_gpio.o
                0x0000000008003064                HAL_GPIO_WritePin
 .text.HAL_GPIO_TogglePin
                0x0000000008003094       0x32 Drivers/STM32F1xx_HAL_Driver/Src/stm32f1xx_hal_gpio.o
                0x0000000008003094                HAL_GPIO_TogglePin
 *fill*         0x00000000080030c6        0x2 
 .text.HAL_RCC_OscConfig
                0x00000000080030c8      0x500 Drivers/STM32F1xx_HAL_Driver/Src/stm32f1xx_hal_rcc.o
                0x00000000080030c8                HAL_RCC_OscConfig
 .text.HAL_RCC_ClockConfig
                0x00000000080035c8      0x1d4 Drivers/STM32F1xx_HAL_Driver/Src/stm32f1xx_hal_rcc.o
                0x00000000080035c8                HAL_RCC_ClockConfig
 .text.HAL_RCC_GetSysClockFreq
                0x000000000800379c       0xc4 Drivers/STM32F1xx_HAL_Driver/Src/stm32f1xx_hal_rcc.o
                0x000000000800379c                HAL_RCC_GetSysClockFreq
 .text.HAL_RCC_GetHCLKFreq
                0x0000000008003860       0x14 Drivers/STM32F1xx_HAL_Driver/Src/stm32f1xx_hal_rcc.o
                0x0000000008003860                HAL_RCC_GetHCLKFreq
 .text.HAL_RCC_GetPCLK1Freq
                0x0000000008003874       0x28 Drivers/STM32F1xx_HAL_Driver/Src/stm32f1xx_hal_rcc.o
                0x0000000008003874                HAL_RCC_GetPCLK1Freq
 .text.HAL_RCC_GetPCLK2Freq
                0x000000000800389c       0x28 Drivers/STM32F1xx_HAL_Driver/Src/stm32f1xx_hal_rcc.o
                0x000000000800389c                HAL_RCC_GetPCLK2Freq
 .text.HAL_RCC_GetClockConfig
                0x00000000080038c4       0x60 Drivers/STM32F1xx_HAL_Driver/Src/stm32f1xx_hal_rcc.o
                0x00000000080038c4                HAL_RCC_GetClockConfig
 .text.RCC_Delay
                0x0000000008003924       0x3c Drivers/STM32F1xx_HAL_Driver/Src/stm32f1xx_hal_rcc.o
 .text.HAL_TIM_Base_Init
                0x0000000008003960       0x9e Drivers/STM32F1xx_HAL_Driver/Src/stm32f1xx_hal_tim.o
                0x0000000008003960                HAL_TIM_Base_Init
 .text.HAL_TIM_Base_MspInit
                0x00000000080039fe       0x12 Drivers/STM32F1xx_HAL_Driver/Src/stm32f1xx_hal_tim.o
                0x00000000080039fe                HAL_TIM_Base_MspInit
 .text.HAL_TIM_Base_Start_IT
                0x0000000008003a10       0xa4 Drivers/STM32F1xx_HAL_Driver/Src/stm32f1xx_hal_tim.o
                0x0000000008003a10                HAL_TIM_Base_Start_IT
 .text.HAL_TIM_IRQHandler
                0x0000000008003ab4      0x210 Drivers/STM32F1xx_HAL_Driver/Src/stm32f1xx_hal_tim.o
                0x0000000008003ab4                HAL_TIM_IRQHandler
 .text.HAL_TIM_OC_DelayElapsedCallback
                0x0000000008003cc4       0x12 Drivers/STM32F1xx_HAL_Driver/Src/stm32f1xx_hal_tim.o
                0x0000000008003cc4                HAL_TIM_OC_DelayElapsedCallback
 .text.HAL_TIM_IC_CaptureCallback
                0x0000000008003cd6       0x12 Drivers/STM32F1xx_HAL_Driver/Src/stm32f1xx_hal_tim.o
                0x0000000008003cd6                HAL_TIM_IC_CaptureCallback
 .text.HAL_TIM_PWM_PulseFinishedCallback
                0x0000000008003ce8       0x12 Drivers/STM32F1xx_HAL_Driver/Src/stm32f1xx_hal_tim.o
                0x0000000008003ce8                HAL_TIM_PWM_PulseFinishedCallback
 .text.HAL_TIM_TriggerCallback
                0x0000000008003cfa       0x12 Drivers/STM32F1xx_HAL_Driver/Src/stm32f1xx_hal_tim.o
                0x0000000008003cfa                HAL_TIM_TriggerCallback
 .text.TIM_Base_SetConfig
                0x0000000008003d0c       0xc4 Drivers/STM32F1xx_HAL_Driver/Src/stm32f1xx_hal_tim.o
                0x0000000008003d0c                TIM_Base_SetConfig
 .text.HAL_TIMEx_CommutCallback
                0x0000000008003dd0       0x12 Drivers/STM32F1xx_HAL_Driver/Src/stm32f1xx_hal_tim_ex.o
                0x0000000008003dd0                HAL_TIMEx_CommutCallback
 .text.HAL_TIMEx_BreakCallback
                0x0000000008003de2       0x12 Drivers/STM32F1xx_HAL_Driver/Src/stm32f1xx_hal_tim_ex.o
                0x0000000008003de2                HAL_TIMEx_BreakCallback
 .text.HAL_UART_Init
                0x0000000008003df4       0x9a Drivers/STM32F1xx_HAL_Driver/Src/stm32f1xx_hal_uart.o
                0x0000000008003df4                HAL_UART_Init
 .text.HAL_HalfDuplex_Init
                0x0000000008003e8e       0xaa Drivers/STM32F1xx_HAL_Driver/Src/stm32f1xx_hal_uart.o
                0x0000000008003e8e                HAL_HalfDuplex_Init
 .text.HAL_UART_Transmit
                0x0000000008003f38      0x124 Drivers/STM32F1xx_HAL_Driver/Src/stm32f1xx_hal_uart.o
                0x0000000008003f38                HAL_UART_Transmit
 .text.HAL_UART_Transmit_DMA
                0x000000000800405c       0xd8 Drivers/STM32F1xx_HAL_Driver/Src/stm32f1xx_hal_uart.o
                0x000000000800405c                HAL_UART_Transmit_DMA
 .text.HAL_UART_Receive_DMA
                0x0000000008004134      0x100 Drivers/STM32F1xx_HAL_Driver/Src/stm32f1xx_hal_uart.o
                0x0000000008004134                HAL_UART_Receive_DMA
 .text.HAL_UART_DMAStop
                0x0000000008004234       0xb6 Drivers/STM32F1xx_HAL_Driver/Src/stm32f1xx_hal_uart.o
                0x0000000008004234                HAL_UART_DMAStop
 *fill*         0x00000000080042ea        0x2 
 .text.HAL_UART_IRQHandler
                0x00000000080042ec      0x200 Drivers/STM32F1xx_HAL_Driver/Src/stm32f1xx_hal_uart.o
                0x00000000080042ec                HAL_UART_IRQHandler
 .text.HAL_UART_TxHalfCpltCallback
                0x00000000080044ec       0x12 Drivers/STM32F1xx_HAL_Driver/Src/stm32f1xx_hal_uart.o
                0x00000000080044ec                HAL_UART_TxHalfCpltCallback
 .text.HAL_UART_RxHalfCpltCallback
                0x00000000080044fe       0x12 Drivers/STM32F1xx_HAL_Driver/Src/stm32f1xx_hal_uart.o
                0x00000000080044fe                HAL_UART_RxHalfCpltCallback
 .text.HAL_UART_ErrorCallback
                0x0000000008004510       0x12 Drivers/STM32F1xx_HAL_Driver/Src/stm32f1xx_hal_uart.o
                0x0000000008004510                HAL_UART_ErrorCallback
 .text.HAL_HalfDuplex_EnableTransmitter
                0x0000000008004522       0x66 Drivers/STM32F1xx_HAL_Driver/Src/stm32f1xx_hal_uart.o
                0x0000000008004522                HAL_HalfDuplex_EnableTransmitter
 .text.HAL_HalfDuplex_EnableReceiver
                0x0000000008004588       0x66 Drivers/STM32F1xx_HAL_Driver/Src/stm32f1xx_hal_uart.o
                0x0000000008004588                HAL_HalfDuplex_EnableReceiver
 .text.UART_DMATransmitCplt
                0x00000000080045ee       0x52 Drivers/STM32F1xx_HAL_Driver/Src/stm32f1xx_hal_uart.o
 .text.UART_DMATxHalfCplt
                0x0000000008004640       0x1c Drivers/STM32F1xx_HAL_Driver/Src/stm32f1xx_hal_uart.o
 .text.UART_DMAReceiveCplt
                0x000000000800465c       0x68 Drivers/STM32F1xx_HAL_Driver/Src/stm32f1xx_hal_uart.o
 .text.UART_DMARxHalfCplt
                0x00000000080046c4       0x1c Drivers/STM32F1xx_HAL_Driver/Src/stm32f1xx_hal_uart.o
 .text.UART_DMAError
                0x00000000080046e0       0x94 Drivers/STM32F1xx_HAL_Driver/Src/stm32f1xx_hal_uart.o
 .text.UART_WaitOnFlagUntilTimeout
                0x0000000008004774       0x94 Drivers/STM32F1xx_HAL_Driver/Src/stm32f1xx_hal_uart.o
 .text.UART_EndTxTransfer
                0x0000000008004808       0x2a Drivers/STM32F1xx_HAL_Driver/Src/stm32f1xx_hal_uart.o
 .text.UART_EndRxTransfer
                0x0000000008004832       0x3a Drivers/STM32F1xx_HAL_Driver/Src/stm32f1xx_hal_uart.o
 .text.UART_DMAAbortOnError
                0x000000000800486c       0x28 Drivers/STM32F1xx_HAL_Driver/Src/stm32f1xx_hal_uart.o
 .text.UART_Transmit_IT
                0x0000000008004894       0x9e Drivers/STM32F1xx_HAL_Driver/Src/stm32f1xx_hal_uart.o
 .text.UART_EndTransmit_IT
                0x0000000008004932       0x30 Drivers/STM32F1xx_HAL_Driver/Src/stm32f1xx_hal_uart.o
 .text.UART_Receive_IT
                0x0000000008004962      0x100 Drivers/STM32F1xx_HAL_Driver/Src/stm32f1xx_hal_uart.o
 *fill*         0x0000000008004a62        0x2 
 .text.UART_SetConfig
                0x0000000008004a64      0x11c Drivers/STM32F1xx_HAL_Driver/Src/stm32f1xx_hal_uart.o
 .text.osKernelInitialize
                0x0000000008004b80       0x64 Middlewares/Third_Party/FreeRTOS/Source/CMSIS_RTOS_V2/cmsis_os2.o
                0x0000000008004b80                osKernelInitialize
 .text.osKernelStart
                0x0000000008004be4       0x68 Middlewares/Third_Party/FreeRTOS/Source/CMSIS_RTOS_V2/cmsis_os2.o
                0x0000000008004be4                osKernelStart
 .text.osThreadNew
                0x0000000008004c4c      0x154 Middlewares/Third_Party/FreeRTOS/Source/CMSIS_RTOS_V2/cmsis_os2.o
                0x0000000008004c4c                osThreadNew
 .text.osDelay  0x0000000008004da0       0x5c Middlewares/Third_Party/FreeRTOS/Source/CMSIS_RTOS_V2/cmsis_os2.o
                0x0000000008004da0                osDelay
 .text.vApplicationGetIdleTaskMemory
                0x0000000008004dfc       0x30 Middlewares/Third_Party/FreeRTOS/Source/CMSIS_RTOS_V2/cmsis_os2.o
                0x0000000008004dfc                vApplicationGetIdleTaskMemory
 .text.vApplicationGetTimerTaskMemory
                0x0000000008004e2c       0x34 Middlewares/Third_Party/FreeRTOS/Source/CMSIS_RTOS_V2/cmsis_os2.o
                0x0000000008004e2c                vApplicationGetTimerTaskMemory
 .text.vListInitialise
                0x0000000008004e60       0x3e Middlewares/Third_Party/FreeRTOS/Source/list.o
                0x0000000008004e60                vListInitialise
 .text.vListInitialiseItem
                0x0000000008004e9e       0x18 Middlewares/Third_Party/FreeRTOS/Source/list.o
                0x0000000008004e9e                vListInitialiseItem
 .text.vListInsertEnd
                0x0000000008004eb6       0x46 Middlewares/Third_Party/FreeRTOS/Source/list.o
                0x0000000008004eb6                vListInsertEnd
 .text.vListInsert
                0x0000000008004efc       0x70 Middlewares/Third_Party/FreeRTOS/Source/list.o
                0x0000000008004efc                vListInsert
 .text.uxListRemove
                0x0000000008004f6c       0x52 Middlewares/Third_Party/FreeRTOS/Source/list.o
                0x0000000008004f6c                uxListRemove
 *fill*         0x0000000008004fbe        0x2 
 .text.xQueueGenericReset
                0x0000000008004fc0       0xd0 Middlewares/Third_Party/FreeRTOS/Source/queue.o
                0x0000000008004fc0                xQueueGenericReset
 .text.xQueueGenericCreateStatic
                0x0000000008005090       0xe4 Middlewares/Third_Party/FreeRTOS/Source/queue.o
                0x0000000008005090                xQueueGenericCreateStatic
 .text.prvInitialiseNewQueue
                0x0000000008005174       0x46 Middlewares/Third_Party/FreeRTOS/Source/queue.o
 *fill*         0x00000000080051ba        0x2 
 .text.xQueueGenericSend
                0x00000000080051bc      0x1f4 Middlewares/Third_Party/FreeRTOS/Source/queue.o
                0x00000000080051bc                xQueueGenericSend
 .text.xQueueGenericSendFromISR
                0x00000000080053b0      0x128 Middlewares/Third_Party/FreeRTOS/Source/queue.o
                0x00000000080053b0                xQueueGenericSendFromISR
 .text.xQueueReceive
                0x00000000080054d8      0x1b8 Middlewares/Third_Party/FreeRTOS/Source/queue.o
                0x00000000080054d8                xQueueReceive
 .text.prvCopyDataToQueue
                0x0000000008005690       0xd4 Middlewares/Third_Party/FreeRTOS/Source/queue.o
 .text.prvCopyDataFromQueue
                0x0000000008005764       0x4c Middlewares/Third_Party/FreeRTOS/Source/queue.o
 .text.prvUnlockQueue
                0x00000000080057b0       0xa4 Middlewares/Third_Party/FreeRTOS/Source/queue.o
 .text.prvIsQueueEmpty
                0x0000000008005854       0x2c Middlewares/Third_Party/FreeRTOS/Source/queue.o
 .text.prvIsQueueFull
                0x0000000008005880       0x30 Middlewares/Third_Party/FreeRTOS/Source/queue.o
 .text.vQueueAddToRegistry
                0x00000000080058b0       0x50 Middlewares/Third_Party/FreeRTOS/Source/queue.o
                0x00000000080058b0                vQueueAddToRegistry
 .text.vQueueWaitForMessageRestricted
                0x0000000008005900       0x68 Middlewares/Third_Party/FreeRTOS/Source/queue.o
                0x0000000008005900                vQueueWaitForMessageRestricted
 .text.xTaskCreateStatic
                0x0000000008005968       0xb2 Middlewares/Third_Party/FreeRTOS/Source/tasks.o
                0x0000000008005968                xTaskCreateStatic
 .text.xTaskCreate
                0x0000000008005a1a       0x8a Middlewares/Third_Party/FreeRTOS/Source/tasks.o
                0x0000000008005a1a                xTaskCreate
 .text.prvInitialiseNewTask
                0x0000000008005aa4      0x10c Middlewares/Third_Party/FreeRTOS/Source/tasks.o
 .text.prvAddNewTaskToReadyList
                0x0000000008005bb0       0xe0 Middlewares/Third_Party/FreeRTOS/Source/tasks.o
 .text.vTaskDelay
                0x0000000008005c90       0x68 Middlewares/Third_Party/FreeRTOS/Source/tasks.o
                0x0000000008005c90                vTaskDelay
 .text.vTaskStartScheduler
                0x0000000008005cf8       0xc8 Middlewares/Third_Party/FreeRTOS/Source/tasks.o
                0x0000000008005cf8                vTaskStartScheduler
 .text.vTaskSuspendAll
                0x0000000008005dc0       0x1c Middlewares/Third_Party/FreeRTOS/Source/tasks.o
                0x0000000008005dc0                vTaskSuspendAll
 .text.xTaskResumeAll
                0x0000000008005ddc      0x138 Middlewares/Third_Party/FreeRTOS/Source/tasks.o
                0x0000000008005ddc                xTaskResumeAll
 .text.xTaskGetTickCount
                0x0000000008005f14       0x1c Middlewares/Third_Party/FreeRTOS/Source/tasks.o
                0x0000000008005f14                xTaskGetTickCount
 .text.xTaskIncrementTick
                0x0000000008005f30      0x17c Middlewares/Third_Party/FreeRTOS/Source/tasks.o
                0x0000000008005f30                xTaskIncrementTick
 .text.vTaskSwitchContext
                0x00000000080060ac       0xb8 Middlewares/Third_Party/FreeRTOS/Source/tasks.o
                0x00000000080060ac                vTaskSwitchContext
 .text.vTaskPlaceOnEventList
                0x0000000008006164       0x48 Middlewares/Third_Party/FreeRTOS/Source/tasks.o
                0x0000000008006164                vTaskPlaceOnEventList
 .text.vTaskPlaceOnEventListRestricted
                0x00000000080061ac       0x54 Middlewares/Third_Party/FreeRTOS/Source/tasks.o
                0x00000000080061ac                vTaskPlaceOnEventListRestricted
 .text.xTaskRemoveFromEventList
                0x0000000008006200       0xc4 Middlewares/Third_Party/FreeRTOS/Source/tasks.o
                0x0000000008006200                xTaskRemoveFromEventList
 .text.vTaskInternalSetTimeOutState
                0x00000000080062c4       0x2c Middlewares/Third_Party/FreeRTOS/Source/tasks.o
                0x00000000080062c4                vTaskInternalSetTimeOutState
 .text.xTaskCheckForTimeOut
                0x00000000080062f0       0xc0 Middlewares/Third_Party/FreeRTOS/Source/tasks.o
                0x00000000080062f0                xTaskCheckForTimeOut
 .text.vTaskMissedYield
                0x00000000080063b0       0x18 Middlewares/Third_Party/FreeRTOS/Source/tasks.o
                0x00000000080063b0                vTaskMissedYield
 .text.prvIdleTask
                0x00000000080063c8       0x30 Middlewares/Third_Party/FreeRTOS/Source/tasks.o
 .text.prvInitialiseTaskLists
                0x00000000080063f8       0x80 Middlewares/Third_Party/FreeRTOS/Source/tasks.o
 .text.prvCheckTasksWaitingTermination
                0x0000000008006478       0x58 Middlewares/Third_Party/FreeRTOS/Source/tasks.o
 .text.prvDeleteTCB
                0x00000000080064d0       0x5c Middlewares/Third_Party/FreeRTOS/Source/tasks.o
 .text.prvResetNextTaskUnblockTime
                0x000000000800652c       0x48 Middlewares/Third_Party/FreeRTOS/Source/tasks.o
 .text.xTaskGetSchedulerState
                0x0000000008006574       0x3c Middlewares/Third_Party/FreeRTOS/Source/tasks.o
                0x0000000008006574                xTaskGetSchedulerState
 .text.xTaskPriorityDisinherit
                0x00000000080065b0       0xd8 Middlewares/Third_Party/FreeRTOS/Source/tasks.o
                0x00000000080065b0                xTaskPriorityDisinherit
 .text.prvAddCurrentTaskToDelayedList
                0x0000000008006688       0xa8 Middlewares/Third_Party/FreeRTOS/Source/tasks.o
 .text.xTimerCreateTimerTask
                0x0000000008006730       0x90 Middlewares/Third_Party/FreeRTOS/Source/timers.o
                0x0000000008006730                xTimerCreateTimerTask
 .text.xTimerGenericCommand
                0x00000000080067c0       0x98 Middlewares/Third_Party/FreeRTOS/Source/timers.o
                0x00000000080067c0                xTimerGenericCommand
 .text.prvProcessExpiredTimer
                0x0000000008006858       0x80 Middlewares/Third_Party/FreeRTOS/Source/timers.o
 .text.prvTimerTask
                0x00000000080068d8       0x24 Middlewares/Third_Party/FreeRTOS/Source/timers.o
 .text.prvProcessTimerOrBlockTask
                0x00000000080068fc       0x9c Middlewares/Third_Party/FreeRTOS/Source/timers.o
 .text.prvGetNextExpireTime
                0x0000000008006998       0x48 Middlewares/Third_Party/FreeRTOS/Source/timers.o
 .text.prvSampleTimeNow
                0x00000000080069e0       0x40 Middlewares/Third_Party/FreeRTOS/Source/timers.o
 .text.prvInsertTimerInActiveList
                0x0000000008006a20       0x84 Middlewares/Third_Party/FreeRTOS/Source/timers.o
 .text.prvProcessReceivedCommands
                0x0000000008006aa4      0x160 Middlewares/Third_Party/FreeRTOS/Source/timers.o
 .text.prvSwitchTimerLists
                0x0000000008006c04       0xc0 Middlewares/Third_Party/FreeRTOS/Source/timers.o
 .text.prvCheckForValidListAndQueue
                0x0000000008006cc4       0x80 Middlewares/Third_Party/FreeRTOS/Source/timers.o
 .text.pxPortInitialiseStack
                0x0000000008006d44       0x58 Middlewares/Third_Party/FreeRTOS/Source/portable/GCC/ARM_CM3/port.o
                0x0000000008006d44                pxPortInitialiseStack
 .text.prvTaskExitError
                0x0000000008006d9c       0x50 Middlewares/Third_Party/FreeRTOS/Source/portable/GCC/ARM_CM3/port.o
 *fill*         0x0000000008006dec        0x4 
 .text.SVC_Handler
                0x0000000008006df0       0x28 Middlewares/Third_Party/FreeRTOS/Source/portable/GCC/ARM_CM3/port.o
                0x0000000008006df0                SVC_Handler
 .text.prvPortStartFirstTask
                0x0000000008006e18       0x20 Middlewares/Third_Party/FreeRTOS/Source/portable/GCC/ARM_CM3/port.o
 .text.xPortStartScheduler
                0x0000000008006e38       0xe0 Middlewares/Third_Party/FreeRTOS/Source/portable/GCC/ARM_CM3/port.o
                0x0000000008006e38                xPortStartScheduler
 .text.vPortEnterCritical
                0x0000000008006f18       0x5c Middlewares/Third_Party/FreeRTOS/Source/portable/GCC/ARM_CM3/port.o
                0x0000000008006f18                vPortEnterCritical
 .text.vPortExitCritical
                0x0000000008006f74       0x4c Middlewares/Third_Party/FreeRTOS/Source/portable/GCC/ARM_CM3/port.o
                0x0000000008006f74                vPortExitCritical
 .text.PendSV_Handler
                0x0000000008006fc0       0x48 Middlewares/Third_Party/FreeRTOS/Source/portable/GCC/ARM_CM3/port.o
                0x0000000008006fc0                PendSV_Handler
 .text.SysTick_Handler
                0x0000000008007008       0x40 Middlewares/Third_Party/FreeRTOS/Source/portable/GCC/ARM_CM3/port.o
                0x0000000008007008                SysTick_Handler
 .text.vPortSetupTimerInterrupt
                0x0000000008007048       0x44 Middlewares/Third_Party/FreeRTOS/Source/portable/GCC/ARM_CM3/port.o
                0x0000000008007048                vPortSetupTimerInterrupt
 .text.vPortValidateInterruptPriority
                0x000000000800708c       0x78 Middlewares/Third_Party/FreeRTOS/Source/portable/GCC/ARM_CM3/port.o
                0x000000000800708c                vPortValidateInterruptPriority
 .text.pvPortMalloc
                0x0000000008007104      0x184 Middlewares/Third_Party/FreeRTOS/Source/portable/MemMang/heap_4.o
                0x0000000008007104                pvPortMalloc
 .text.vPortFree
                0x0000000008007288       0xb0 Middlewares/Third_Party/FreeRTOS/Source/portable/MemMang/heap_4.o
                0x0000000008007288                vPortFree
 .text.prvHeapInit
                0x0000000008007338       0xc4 Middlewares/Third_Party/FreeRTOS/Source/portable/MemMang/heap_4.o
 .text.prvInsertBlockIntoFreeList
                0x00000000080073fc       0xb0 Middlewares/Third_Party/FreeRTOS/Source/portable/MemMang/heap_4.o
 .text.__cxa_pure_virtual
                0x00000000080074ac        0x6 c:/st/stm32cubeide_1.3.0/stm32cubeide/plugins/com.st.stm32cube.ide.mcu.externaltools.gnu-tools-for-stm32.7-2018-q2-update.win32_1.5.0.202011040924/tools/bin/../lib/gcc/arm-none-eabi/7.3.1/../../../../arm-none-eabi/lib/thumb/v7-m\libstdc++_nano.a(pure.o)
                0x00000000080074ac                __cxa_pure_virtual
 .text._ZN10__cxxabiv111__terminateEPFvvE
                0x00000000080074b2        0x8 c:/st/stm32cubeide_1.3.0/stm32cubeide/plugins/com.st.stm32cube.ide.mcu.externaltools.gnu-tools-for-stm32.7-2018-q2-update.win32_1.5.0.202011040924/tools/bin/../lib/gcc/arm-none-eabi/7.3.1/../../../../arm-none-eabi/lib/thumb/v7-m\libstdc++_nano.a(eh_terminate.o)
                0x00000000080074b2                __cxxabiv1::__terminate(void (*)())
 *fill*         0x00000000080074ba        0x2 
 .text._ZSt13get_terminatev
                0x00000000080074bc       0x10 c:/st/stm32cubeide_1.3.0/stm32cubeide/plugins/com.st.stm32cube.ide.mcu.externaltools.gnu-tools-for-stm32.7-2018-q2-update.win32_1.5.0.202011040924/tools/bin/../lib/gcc/arm-none-eabi/7.3.1/../../../../arm-none-eabi/lib/thumb/v7-m\libstdc++_nano.a(eh_terminate.o)
                0x00000000080074bc                std::get_terminate()
 .text._ZSt9terminatev
                0x00000000080074cc        0xa c:/st/stm32cubeide_1.3.0/stm32cubeide/plugins/com.st.stm32cube.ide.mcu.externaltools.gnu-tools-for-stm32.7-2018-q2-update.win32_1.5.0.202011040924/tools/bin/../lib/gcc/arm-none-eabi/7.3.1/../../../../arm-none-eabi/lib/thumb/v7-m\libstdc++_nano.a(eh_terminate.o)
                0x00000000080074cc                std::terminate()
 .text.abort    0x00000000080074d6        0xe c:/st/stm32cubeide_1.3.0/stm32cubeide/plugins/com.st.stm32cube.ide.mcu.externaltools.gnu-tools-for-stm32.7-2018-q2-update.win32_1.5.0.202011040924/tools/bin/../lib/gcc/arm-none-eabi/7.3.1/../../../../arm-none-eabi/lib/thumb/v7-m\libc_nano.a(lib_a-abort.o)
                0x00000000080074d6                abort
 .text.__errno  0x00000000080074e4        0xc c:/st/stm32cubeide_1.3.0/stm32cubeide/plugins/com.st.stm32cube.ide.mcu.externaltools.gnu-tools-for-stm32.7-2018-q2-update.win32_1.5.0.202011040924/tools/bin/../lib/gcc/arm-none-eabi/7.3.1/../../../../arm-none-eabi/lib/thumb/v7-m\libc_nano.a(lib_a-errno.o)
                0x00000000080074e4                __errno
 .text.__libc_init_array
                0x00000000080074f0       0x48 c:/st/stm32cubeide_1.3.0/stm32cubeide/plugins/com.st.stm32cube.ide.mcu.externaltools.gnu-tools-for-stm32.7-2018-q2-update.win32_1.5.0.202011040924/tools/bin/../lib/gcc/arm-none-eabi/7.3.1/../../../../arm-none-eabi/lib/thumb/v7-m\libc_nano.a(lib_a-init.o)
                0x00000000080074f0                __libc_init_array
 .text.memcpy   0x0000000008007538       0x16 c:/st/stm32cubeide_1.3.0/stm32cubeide/plugins/com.st.stm32cube.ide.mcu.externaltools.gnu-tools-for-stm32.7-2018-q2-update.win32_1.5.0.202011040924/tools/bin/../lib/gcc/arm-none-eabi/7.3.1/../../../../arm-none-eabi/lib/thumb/v7-m\libc_nano.a(lib_a-memcpy-stub.o)
                0x0000000008007538                memcpy
 .text.memset   0x000000000800754e       0x10 c:/st/stm32cubeide_1.3.0/stm32cubeide/plugins/com.st.stm32cube.ide.mcu.externaltools.gnu-tools-for-stm32.7-2018-q2-update.win32_1.5.0.202011040924/tools/bin/../lib/gcc/arm-none-eabi/7.3.1/../../../../arm-none-eabi/lib/thumb/v7-m\libc_nano.a(lib_a-memset.o)
                0x000000000800754e                memset
 *fill*         0x000000000800755e        0x2 
 .text.realloc  0x0000000008007560       0x10 c:/st/stm32cubeide_1.3.0/stm32cubeide/plugins/com.st.stm32cube.ide.mcu.externaltools.gnu-tools-for-stm32.7-2018-q2-update.win32_1.5.0.202011040924/tools/bin/../lib/gcc/arm-none-eabi/7.3.1/../../../../arm-none-eabi/lib/thumb/v7-m\libc_nano.a(lib_a-realloc.o)
                0x0000000008007560                realloc
 .text._raise_r
                0x0000000008007570       0x50 c:/st/stm32cubeide_1.3.0/stm32cubeide/plugins/com.st.stm32cube.ide.mcu.externaltools.gnu-tools-for-stm32.7-2018-q2-update.win32_1.5.0.202011040924/tools/bin/../lib/gcc/arm-none-eabi/7.3.1/../../../../arm-none-eabi/lib/thumb/v7-m\libc_nano.a(lib_a-signal.o)
                0x0000000008007570                _raise_r
 .text.raise    0x00000000080075c0       0x10 c:/st/stm32cubeide_1.3.0/stm32cubeide/plugins/com.st.stm32cube.ide.mcu.externaltools.gnu-tools-for-stm32.7-2018-q2-update.win32_1.5.0.202011040924/tools/bin/../lib/gcc/arm-none-eabi/7.3.1/../../../../arm-none-eabi/lib/thumb/v7-m\libc_nano.a(lib_a-signal.o)
                0x00000000080075c0                raise
 .text._kill_r  0x00000000080075d0       0x24 c:/st/stm32cubeide_1.3.0/stm32cubeide/plugins/com.st.stm32cube.ide.mcu.externaltools.gnu-tools-for-stm32.7-2018-q2-update.win32_1.5.0.202011040924/tools/bin/../lib/gcc/arm-none-eabi/7.3.1/../../../../arm-none-eabi/lib/thumb/v7-m\libc_nano.a(lib_a-signalr.o)
                0x00000000080075d0                _kill_r
 .text._getpid_r
                0x00000000080075f4        0x4 c:/st/stm32cubeide_1.3.0/stm32cubeide/plugins/com.st.stm32cube.ide.mcu.externaltools.gnu-tools-for-stm32.7-2018-q2-update.win32_1.5.0.202011040924/tools/bin/../lib/gcc/arm-none-eabi/7.3.1/../../../../arm-none-eabi/lib/thumb/v7-m\libc_nano.a(lib_a-signalr.o)
                0x00000000080075f4                _getpid_r
 .text._malloc_r
                0x00000000080075f8       0xb4 c:/st/stm32cubeide_1.3.0/stm32cubeide/plugins/com.st.stm32cube.ide.mcu.externaltools.gnu-tools-for-stm32.7-2018-q2-update.win32_1.5.0.202011040924/tools/bin/../lib/gcc/arm-none-eabi/7.3.1/../../../../arm-none-eabi/lib/thumb/v7-m\libc_nano.a(lib_a-nano-mallocr.o)
                0x00000000080075f8                _malloc_r
 .text._realloc_r
                0x00000000080076ac       0x4c c:/st/stm32cubeide_1.3.0/stm32cubeide/plugins/com.st.stm32cube.ide.mcu.externaltools.gnu-tools-for-stm32.7-2018-q2-update.win32_1.5.0.202011040924/tools/bin/../lib/gcc/arm-none-eabi/7.3.1/../../../../arm-none-eabi/lib/thumb/v7-m\libc_nano.a(lib_a-nano-reallocr.o)
                0x00000000080076ac                _realloc_r
 .text._sbrk_r  0x00000000080076f8       0x20 c:/st/stm32cubeide_1.3.0/stm32cubeide/plugins/com.st.stm32cube.ide.mcu.externaltools.gnu-tools-for-stm32.7-2018-q2-update.win32_1.5.0.202011040924/tools/bin/../lib/gcc/arm-none-eabi/7.3.1/../../../../arm-none-eabi/lib/thumb/v7-m\libc_nano.a(lib_a-sbrkr.o)
                0x00000000080076f8                _sbrk_r
 .text.__malloc_lock
                0x0000000008007718        0x2 c:/st/stm32cubeide_1.3.0/stm32cubeide/plugins/com.st.stm32cube.ide.mcu.externaltools.gnu-tools-for-stm32.7-2018-q2-update.win32_1.5.0.202011040924/tools/bin/../lib/gcc/arm-none-eabi/7.3.1/../../../../arm-none-eabi/lib/thumb/v7-m\libc_nano.a(lib_a-mlock.o)
                0x0000000008007718                __malloc_lock
 .text.__malloc_unlock
                0x000000000800771a        0x2 c:/st/stm32cubeide_1.3.0/stm32cubeide/plugins/com.st.stm32cube.ide.mcu.externaltools.gnu-tools-for-stm32.7-2018-q2-update.win32_1.5.0.202011040924/tools/bin/../lib/gcc/arm-none-eabi/7.3.1/../../../../arm-none-eabi/lib/thumb/v7-m\libc_nano.a(lib_a-mlock.o)
                0x000000000800771a                __malloc_unlock
 .text._free_r  0x000000000800771c       0x98 c:/st/stm32cubeide_1.3.0/stm32cubeide/plugins/com.st.stm32cube.ide.mcu.externaltools.gnu-tools-for-stm32.7-2018-q2-update.win32_1.5.0.202011040924/tools/bin/../lib/gcc/arm-none-eabi/7.3.1/../../../../arm-none-eabi/lib/thumb/v7-m\libc_nano.a(lib_a-nano-freer.o)
                0x000000000800771c                _free_r
 .text._malloc_usable_size_r
                0x00000000080077b4       0x10 c:/st/stm32cubeide_1.3.0/stm32cubeide/plugins/com.st.stm32cube.ide.mcu.externaltools.gnu-tools-for-stm32.7-2018-q2-update.win32_1.5.0.202011040924/tools/bin/../lib/gcc/arm-none-eabi/7.3.1/../../../../arm-none-eabi/lib/thumb/v7-m\libc_nano.a(lib_a-nano-msizer.o)
                0x00000000080077b4                _malloc_usable_size_r
 *(.glue_7)
 .glue_7        0x00000000080077c4        0x0 linker stubs
 *(.glue_7t)
 .glue_7t       0x00000000080077c4        0x0 linker stubs
 *(.eh_frame)
 .eh_frame      0x00000000080077c4        0x0 c:/st/stm32cubeide_1.3.0/stm32cubeide/plugins/com.st.stm32cube.ide.mcu.externaltools.gnu-tools-for-stm32.7-2018-q2-update.win32_1.5.0.202011040924/tools/bin/../lib/gcc/arm-none-eabi/7.3.1/thumb/v7-m/crtbegin.o
 *(.init)
 .init          0x00000000080077c4        0x4 c:/st/stm32cubeide_1.3.0/stm32cubeide/plugins/com.st.stm32cube.ide.mcu.externaltools.gnu-tools-for-stm32.7-2018-q2-update.win32_1.5.0.202011040924/tools/bin/../lib/gcc/arm-none-eabi/7.3.1/thumb/v7-m/crti.o
                0x00000000080077c4                _init
 .init          0x00000000080077c8        0x8 c:/st/stm32cubeide_1.3.0/stm32cubeide/plugins/com.st.stm32cube.ide.mcu.externaltools.gnu-tools-for-stm32.7-2018-q2-update.win32_1.5.0.202011040924/tools/bin/../lib/gcc/arm-none-eabi/7.3.1/thumb/v7-m/crtn.o
 *(.fini)
 .fini          0x00000000080077d0        0x4 c:/st/stm32cubeide_1.3.0/stm32cubeide/plugins/com.st.stm32cube.ide.mcu.externaltools.gnu-tools-for-stm32.7-2018-q2-update.win32_1.5.0.202011040924/tools/bin/../lib/gcc/arm-none-eabi/7.3.1/thumb/v7-m/crti.o
                0x00000000080077d0                _fini
 .fini          0x00000000080077d4        0x8 c:/st/stm32cubeide_1.3.0/stm32cubeide/plugins/com.st.stm32cube.ide.mcu.externaltools.gnu-tools-for-stm32.7-2018-q2-update.win32_1.5.0.202011040924/tools/bin/../lib/gcc/arm-none-eabi/7.3.1/thumb/v7-m/crtn.o
                0x00000000080077dc                . = ALIGN (0x4)
                0x00000000080077dc                _etext = .

.vfp11_veneer   0x00000000080077dc        0x0
 .vfp11_veneer  0x00000000080077dc        0x0 linker stubs

.v4_bx          0x00000000080077dc        0x0
 .v4_bx         0x00000000080077dc        0x0 linker stubs

.iplt           0x00000000080077dc        0x0
 .iplt          0x00000000080077dc        0x0 c:/st/stm32cubeide_1.3.0/stm32cubeide/plugins/com.st.stm32cube.ide.mcu.externaltools.gnu-tools-for-stm32.7-2018-q2-update.win32_1.5.0.202011040924/tools/bin/../lib/gcc/arm-none-eabi/7.3.1/thumb/v7-m/crtbegin.o

.rodata         0x00000000080077dc      0x4c0
                0x00000000080077dc                . = ALIGN (0x4)
 *(.rodata)
 .rodata        0x00000000080077dc        0xc Core/Src/main.o
 .rodata        0x00000000080077e8      0x16c Core/Src/maincpp.o
 .rodata        0x0000000008007954      0x20a Core/Src/xl480.o
 *fill*         0x0000000008007b5e        0x2 
 .rodata        0x0000000008007b60       0x12 Drivers/STM32F1xx_HAL_Driver/Src/stm32f1xx_hal_rcc.o
 *fill*         0x0000000008007b72        0x2 
 .rodata        0x0000000008007b74        0x5 Middlewares/Third_Party/FreeRTOS/Source/tasks.o
 *fill*         0x0000000008007b79        0x3 
 .rodata        0x0000000008007b7c        0xd Middlewares/Third_Party/FreeRTOS/Source/timers.o
 *(.rodata*)
 *fill*         0x0000000008007b89        0x3 
 .rodata.defaultTask_attributes
                0x0000000008007b8c       0x24 Core/Src/main.o
                0x0000000008007b8c                defaultTask_attributes
 .rodata._ZN14rosserial_msgsL12REQUESTPARAME
                0x0000000008007bb0       0x1c Core/Src/maincpp.o
 .rodata._ZTVN3ros11NodeHandle_I13STM32HardwareLi25ELi25ELi512ELi512EEE
                0x0000000008007bcc       0x14 Core/Src/maincpp.o
                0x0000000008007bcc                vtable for ros::NodeHandle_<STM32Hardware, 25, 25, 512, 512>
 .rodata._ZTVN8std_msgs6StringE
                0x0000000008007be0       0x18 Core/Src/maincpp.o
                0x0000000008007be0                vtable for std_msgs::String
 .rodata._ZTVN3ros15NodeHandleBase_E
                0x0000000008007bf8       0x14 Core/Src/maincpp.o
                0x0000000008007bf8                vtable for ros::NodeHandleBase_
 .rodata._ZTVN14rosserial_msgs20RequestParamResponseE
                0x0000000008007c0c       0x18 Core/Src/maincpp.o
                0x0000000008007c0c                vtable for rosserial_msgs::RequestParamResponse
 .rodata._ZTVN14rosserial_msgs3LogE
                0x0000000008007c24       0x18 Core/Src/maincpp.o
                0x0000000008007c24                vtable for rosserial_msgs::Log
 .rodata._ZTVN14rosserial_msgs9TopicInfoE
                0x0000000008007c3c       0x18 Core/Src/maincpp.o
                0x0000000008007c3c                vtable for rosserial_msgs::TopicInfo
 .rodata._ZTVN8std_msgs4TimeE
                0x0000000008007c54       0x18 Core/Src/maincpp.o
                0x0000000008007c54                vtable for std_msgs::Time
 .rodata._ZTVN3ros3MsgE
                0x0000000008007c6c       0x18 Core/Src/maincpp.o
                0x0000000008007c6c                vtable for ros::Msg
 .rodata.AHBPrescTable
                0x0000000008007c84       0x10 Core/Src/system_stm32f1xx.o
                0x0000000008007c84                AHBPrescTable
 .rodata.APBPrescTable
                0x0000000008007c94        0x8 Core/Src/system_stm32f1xx.o
                0x0000000008007c94                APBPrescTable
                0x0000000008007c9c                . = ALIGN (0x4)

.rel.dyn        0x0000000008007c9c        0x0
 .rel.iplt      0x0000000008007c9c        0x0 c:/st/stm32cubeide_1.3.0/stm32cubeide/plugins/com.st.stm32cube.ide.mcu.externaltools.gnu-tools-for-stm32.7-2018-q2-update.win32_1.5.0.202011040924/tools/bin/../lib/gcc/arm-none-eabi/7.3.1/thumb/v7-m/crtbegin.o

.ARM.extab      0x0000000008007c9c        0x0
                0x0000000008007c9c                . = ALIGN (0x4)
 *(.ARM.extab* .gnu.linkonce.armextab.*)
                0x0000000008007c9c                . = ALIGN (0x4)

.ARM            0x0000000008007c9c        0x0
                0x0000000008007c9c                . = ALIGN (0x4)
                0x0000000008007c9c                __exidx_start = .
 *(.ARM.exidx*)
                0x0000000008007c9c                __exidx_end = .
                0x0000000008007c9c                . = ALIGN (0x4)

.preinit_array  0x0000000008007c9c        0x0
                0x0000000008007c9c                . = ALIGN (0x4)
                0x0000000008007c9c                PROVIDE (__preinit_array_start = .)
 *(.preinit_array*)
                0x0000000008007c9c                PROVIDE (__preinit_array_end = .)
                0x0000000008007c9c                . = ALIGN (0x4)

.init_array     0x0000000008007c9c        0x8
                0x0000000008007c9c                . = ALIGN (0x4)
                0x0000000008007c9c                PROVIDE (__init_array_start = .)
 *(SORT_BY_NAME(.init_array.*))
 *(.init_array*)
 .init_array    0x0000000008007c9c        0x4 c:/st/stm32cubeide_1.3.0/stm32cubeide/plugins/com.st.stm32cube.ide.mcu.externaltools.gnu-tools-for-stm32.7-2018-q2-update.win32_1.5.0.202011040924/tools/bin/../lib/gcc/arm-none-eabi/7.3.1/thumb/v7-m/crtbegin.o
 .init_array    0x0000000008007ca0        0x4 Core/Src/maincpp.o
                0x0000000008007ca4                PROVIDE (__init_array_end = .)
                0x0000000008007ca4                . = ALIGN (0x4)

.fini_array     0x0000000008007ca4        0x4
                0x0000000008007ca4                . = ALIGN (0x4)
                [!provide]                        PROVIDE (__fini_array_start = .)
 *(SORT_BY_NAME(.fini_array.*))
 *(.fini_array*)
 .fini_array    0x0000000008007ca4        0x4 c:/st/stm32cubeide_1.3.0/stm32cubeide/plugins/com.st.stm32cube.ide.mcu.externaltools.gnu-tools-for-stm32.7-2018-q2-update.win32_1.5.0.202011040924/tools/bin/../lib/gcc/arm-none-eabi/7.3.1/thumb/v7-m/crtbegin.o
                [!provide]                        PROVIDE (__fini_array_end = .)
                0x0000000008007ca8                . = ALIGN (0x4)
                0x0000000008007ca8                _sidata = LOADADDR (.data)

.data           0x0000000020000000       0x78 load address 0x0000000008007ca8
                0x0000000020000000                . = ALIGN (0x4)
                0x0000000020000000                _sdata = .
 *(.data)
 *(.data*)
 .data.SystemCoreClock
                0x0000000020000000        0x4 Core/Src/system_stm32f1xx.o
                0x0000000020000000                SystemCoreClock
 .data.uwTickPrio
                0x0000000020000004        0x4 Drivers/STM32F1xx_HAL_Driver/Src/stm32f1xx_hal.o
                0x0000000020000004                uwTickPrio
 .data.uwTickFreq
                0x0000000020000008        0x1 Drivers/STM32F1xx_HAL_Driver/Src/stm32f1xx_hal.o
                0x0000000020000008                uwTickFreq
 *fill*         0x0000000020000009        0x3 
 .data.uxCriticalNesting
                0x000000002000000c        0x4 Middlewares/Third_Party/FreeRTOS/Source/portable/GCC/ARM_CM3/port.o
 .data._ZN10__cxxabiv119__terminate_handlerE
                0x0000000020000010        0x4 c:/st/stm32cubeide_1.3.0/stm32cubeide/plugins/com.st.stm32cube.ide.mcu.externaltools.gnu-tools-for-stm32.7-2018-q2-update.win32_1.5.0.202011040924/tools/bin/../lib/gcc/arm-none-eabi/7.3.1/../../../../arm-none-eabi/lib/thumb/v7-m\libstdc++_nano.a(eh_term_handler.o)
                0x0000000020000010                __cxxabiv1::__terminate_handler
 .data._impure_ptr
                0x0000000020000014        0x4 c:/st/stm32cubeide_1.3.0/stm32cubeide/plugins/com.st.stm32cube.ide.mcu.externaltools.gnu-tools-for-stm32.7-2018-q2-update.win32_1.5.0.202011040924/tools/bin/../lib/gcc/arm-none-eabi/7.3.1/../../../../arm-none-eabi/lib/thumb/v7-m\libc_nano.a(lib_a-impure.o)
                0x0000000020000014                _impure_ptr
 .data.impure_data
                0x0000000020000018       0x60 c:/st/stm32cubeide_1.3.0/stm32cubeide/plugins/com.st.stm32cube.ide.mcu.externaltools.gnu-tools-for-stm32.7-2018-q2-update.win32_1.5.0.202011040924/tools/bin/../lib/gcc/arm-none-eabi/7.3.1/../../../../arm-none-eabi/lib/thumb/v7-m\libc_nano.a(lib_a-impure.o)
 *(.RamFunc)
 *(.RamFunc*)
                0x0000000020000078                . = ALIGN (0x4)
                0x0000000020000078                _edata = .

.igot.plt       0x0000000020000078        0x0 load address 0x0000000008007d20
 .igot.plt      0x0000000020000078        0x0 c:/st/stm32cubeide_1.3.0/stm32cubeide/plugins/com.st.stm32cube.ide.mcu.externaltools.gnu-tools-for-stm32.7-2018-q2-update.win32_1.5.0.202011040924/tools/bin/../lib/gcc/arm-none-eabi/7.3.1/thumb/v7-m/crtbegin.o
                0x0000000020000078                . = ALIGN (0x4)

.bss            0x0000000020000078     0x2594 load address 0x0000000008007d20
                0x0000000020000078                _sbss = .
                0x0000000020000078                __bss_start__ = _sbss
 *(.bss)
 .bss           0x0000000020000078       0x1c c:/st/stm32cubeide_1.3.0/stm32cubeide/plugins/com.st.stm32cube.ide.mcu.externaltools.gnu-tools-for-stm32.7-2018-q2-update.win32_1.5.0.202011040924/tools/bin/../lib/gcc/arm-none-eabi/7.3.1/thumb/v7-m/crtbegin.o
 *(.bss*)
 .bss._ZZN13STM32Hardware5flushEvE5mutex
                0x0000000020000094        0x1 Core/Src/maincpp.o
                0x0000000020000094                STM32Hardware::flush()::mutex
 *fill*         0x0000000020000095        0x3 
 .bss.nh        0x0000000020000098      0x93c Core/Src/maincpp.o
                0x0000000020000098                nh
 .bss.str_msg   0x00000000200009d4        0x8 Core/Src/maincpp.o
                0x00000000200009d4                str_msg
 .bss.chatter   0x00000000200009dc       0x14 Core/Src/maincpp.o
                0x00000000200009dc                chatter
 .bss.__sbrk_heap_end
                0x00000000200009f0        0x4 Core/Src/sysmem.o
 .bss.KernelState
                0x00000000200009f4        0x4 Middlewares/Third_Party/FreeRTOS/Source/CMSIS_RTOS_V2/cmsis_os2.o
 .bss.Idle_TCB  0x00000000200009f8       0x5c Middlewares/Third_Party/FreeRTOS/Source/CMSIS_RTOS_V2/cmsis_os2.o
 .bss.Idle_Stack
                0x0000000020000a54      0x200 Middlewares/Third_Party/FreeRTOS/Source/CMSIS_RTOS_V2/cmsis_os2.o
 .bss.Timer_TCB
                0x0000000020000c54       0x5c Middlewares/Third_Party/FreeRTOS/Source/CMSIS_RTOS_V2/cmsis_os2.o
 .bss.Timer_Stack
                0x0000000020000cb0      0x400 Middlewares/Third_Party/FreeRTOS/Source/CMSIS_RTOS_V2/cmsis_os2.o
 .bss.pxCurrentTCB
                0x00000000200010b0        0x4 Middlewares/Third_Party/FreeRTOS/Source/tasks.o
                0x00000000200010b0                pxCurrentTCB
 .bss.pxReadyTasksLists
                0x00000000200010b4      0x460 Middlewares/Third_Party/FreeRTOS/Source/tasks.o
 .bss.xDelayedTaskList1
                0x0000000020001514       0x14 Middlewares/Third_Party/FreeRTOS/Source/tasks.o
 .bss.xDelayedTaskList2
                0x0000000020001528       0x14 Middlewares/Third_Party/FreeRTOS/Source/tasks.o
 .bss.pxDelayedTaskList
                0x000000002000153c        0x4 Middlewares/Third_Party/FreeRTOS/Source/tasks.o
 .bss.pxOverflowDelayedTaskList
                0x0000000020001540        0x4 Middlewares/Third_Party/FreeRTOS/Source/tasks.o
 .bss.xPendingReadyList
                0x0000000020001544       0x14 Middlewares/Third_Party/FreeRTOS/Source/tasks.o
 .bss.xTasksWaitingTermination
                0x0000000020001558       0x14 Middlewares/Third_Party/FreeRTOS/Source/tasks.o
 .bss.uxDeletedTasksWaitingCleanUp
                0x000000002000156c        0x4 Middlewares/Third_Party/FreeRTOS/Source/tasks.o
 .bss.xSuspendedTaskList
                0x0000000020001570       0x14 Middlewares/Third_Party/FreeRTOS/Source/tasks.o
 .bss.uxCurrentNumberOfTasks
                0x0000000020001584        0x4 Middlewares/Third_Party/FreeRTOS/Source/tasks.o
 .bss.xTickCount
                0x0000000020001588        0x4 Middlewares/Third_Party/FreeRTOS/Source/tasks.o
 .bss.uxTopReadyPriority
                0x000000002000158c        0x4 Middlewares/Third_Party/FreeRTOS/Source/tasks.o
 .bss.xSchedulerRunning
                0x0000000020001590        0x4 Middlewares/Third_Party/FreeRTOS/Source/tasks.o
 .bss.uxPendedTicks
                0x0000000020001594        0x4 Middlewares/Third_Party/FreeRTOS/Source/tasks.o
 .bss.xYieldPending
                0x0000000020001598        0x4 Middlewares/Third_Party/FreeRTOS/Source/tasks.o
 .bss.xNumOfOverflows
                0x000000002000159c        0x4 Middlewares/Third_Party/FreeRTOS/Source/tasks.o
 .bss.uxTaskNumber
                0x00000000200015a0        0x4 Middlewares/Third_Party/FreeRTOS/Source/tasks.o
 .bss.xNextTaskUnblockTime
                0x00000000200015a4        0x4 Middlewares/Third_Party/FreeRTOS/Source/tasks.o
 .bss.xIdleTaskHandle
                0x00000000200015a8        0x4 Middlewares/Third_Party/FreeRTOS/Source/tasks.o
 .bss.uxSchedulerSuspended
                0x00000000200015ac        0x4 Middlewares/Third_Party/FreeRTOS/Source/tasks.o
 .bss.xActiveTimerList1
                0x00000000200015b0       0x14 Middlewares/Third_Party/FreeRTOS/Source/timers.o
 .bss.xActiveTimerList2
                0x00000000200015c4       0x14 Middlewares/Third_Party/FreeRTOS/Source/timers.o
 .bss.pxCurrentTimerList
                0x00000000200015d8        0x4 Middlewares/Third_Party/FreeRTOS/Source/timers.o
 .bss.pxOverflowTimerList
                0x00000000200015dc        0x4 Middlewares/Third_Party/FreeRTOS/Source/timers.o
 .bss.xTimerQueue
                0x00000000200015e0        0x4 Middlewares/Third_Party/FreeRTOS/Source/timers.o
 .bss.xTimerTaskHandle
                0x00000000200015e4        0x4 Middlewares/Third_Party/FreeRTOS/Source/timers.o
 .bss.xLastTime.5452
                0x00000000200015e8        0x4 Middlewares/Third_Party/FreeRTOS/Source/timers.o
 .bss.ucStaticTimerQueueStorage.5503
                0x00000000200015ec       0xa0 Middlewares/Third_Party/FreeRTOS/Source/timers.o
 .bss.xStaticTimerQueue.5502
                0x000000002000168c       0x50 Middlewares/Third_Party/FreeRTOS/Source/timers.o
 .bss.ucMaxSysCallPriority
                0x00000000200016dc        0x1 Middlewares/Third_Party/FreeRTOS/Source/portable/GCC/ARM_CM3/port.o
 *fill*         0x00000000200016dd        0x3 
 .bss.ulMaxPRIGROUPValue
                0x00000000200016e0        0x4 Middlewares/Third_Party/FreeRTOS/Source/portable/GCC/ARM_CM3/port.o
 .bss.ucHeap    0x00000000200016e4      0xc00 Middlewares/Third_Party/FreeRTOS/Source/portable/MemMang/heap_4.o
 .bss.xStart    0x00000000200022e4        0x8 Middlewares/Third_Party/FreeRTOS/Source/portable/MemMang/heap_4.o
 .bss.pxEnd     0x00000000200022ec        0x4 Middlewares/Third_Party/FreeRTOS/Source/portable/MemMang/heap_4.o
 .bss.xFreeBytesRemaining
                0x00000000200022f0        0x4 Middlewares/Third_Party/FreeRTOS/Source/portable/MemMang/heap_4.o
 .bss.xMinimumEverFreeBytesRemaining
                0x00000000200022f4        0x4 Middlewares/Third_Party/FreeRTOS/Source/portable/MemMang/heap_4.o
 .bss.xBlockAllocatedBit
                0x00000000200022f8        0x4 Middlewares/Third_Party/FreeRTOS/Source/portable/MemMang/heap_4.o
 .bss.__malloc_free_list
                0x00000000200022fc        0x4 c:/st/stm32cubeide_1.3.0/stm32cubeide/plugins/com.st.stm32cube.ide.mcu.externaltools.gnu-tools-for-stm32.7-2018-q2-update.win32_1.5.0.202011040924/tools/bin/../lib/gcc/arm-none-eabi/7.3.1/../../../../arm-none-eabi/lib/thumb/v7-m\libc_nano.a(lib_a-nano-mallocr.o)
                0x00000000200022fc                __malloc_free_list
 .bss.__malloc_sbrk_start
                0x0000000020002300        0x4 c:/st/stm32cubeide_1.3.0/stm32cubeide/plugins/com.st.stm32cube.ide.mcu.externaltools.gnu-tools-for-stm32.7-2018-q2-update.win32_1.5.0.202011040924/tools/bin/../lib/gcc/arm-none-eabi/7.3.1/../../../../arm-none-eabi/lib/thumb/v7-m\libc_nano.a(lib_a-nano-mallocr.o)
                0x0000000020002300                __malloc_sbrk_start
 *(COMMON)
 COMMON         0x0000000020002304      0x234 Core/Src/main.o
                0x0000000020002304                _rxData
                0x0000000020002348                defaultTaskHandle
                0x000000002000234c                hdma_usart3_rx
                0x0000000020002390                huart3
                0x00000000200023d0                _huart
                0x0000000020002410                rx_buffer
                0x0000000020002450                hdma_usart1_tx
                0x0000000020002494                hdma_usart1_rx
                0x00000000200024d8                huart1
                0x0000000020002518                readData
 COMMON         0x0000000020002538       0x48 Core/Src/stm32f1xx_hal_timebase_tim.o
                0x0000000020002538                htim1
 COMMON         0x0000000020002580       0x42 Core/Src/stm32f1xx_it.o
                0x0000000020002580                _data
 *fill*         0x00000000200025c2        0x2 
 COMMON         0x00000000200025c4        0x4 Drivers/STM32F1xx_HAL_Driver/Src/stm32f1xx_hal.o
                0x00000000200025c4                uwTick
 COMMON         0x00000000200025c8       0x40 Middlewares/Third_Party/FreeRTOS/Source/queue.o
                0x00000000200025c8                xQueueRegistry
 COMMON         0x0000000020002608        0x4 c:/st/stm32cubeide_1.3.0/stm32cubeide/plugins/com.st.stm32cube.ide.mcu.externaltools.gnu-tools-for-stm32.7-2018-q2-update.win32_1.5.0.202011040924/tools/bin/../lib/gcc/arm-none-eabi/7.3.1/../../../../arm-none-eabi/lib/thumb/v7-m\libc_nano.a(lib_a-reent.o)
                0x0000000020002608                errno
                0x000000002000260c                . = ALIGN (0x4)
                0x000000002000260c                _ebss = .
                0x000000002000260c                __bss_end__ = _ebss

._user_heap_stack
                0x000000002000260c      0x604 load address 0x0000000008007d20
                0x0000000020002610                . = ALIGN (0x8)
 *fill*         0x000000002000260c        0x4 
                [!provide]                        PROVIDE (end = .)
                0x0000000020002610                PROVIDE (_end = .)
                0x0000000020002810                . = (. + _Min_Heap_Size)
 *fill*         0x0000000020002610      0x200 
                0x0000000020002c10                . = (. + _Min_Stack_Size)
 *fill*         0x0000000020002810      0x400 
                0x0000000020002c10                . = ALIGN (0x8)

/DISCARD/
 libc.a(*)
 libm.a(*)
 libgcc.a(*)

.ARM.attributes
                0x0000000000000000       0x29
 *(.ARM.attributes)
 .ARM.attributes
                0x0000000000000000       0x1d c:/st/stm32cubeide_1.3.0/stm32cubeide/plugins/com.st.stm32cube.ide.mcu.externaltools.gnu-tools-for-stm32.7-2018-q2-update.win32_1.5.0.202011040924/tools/bin/../lib/gcc/arm-none-eabi/7.3.1/thumb/v7-m/crti.o
 .ARM.attributes
                0x000000000000001d       0x2d c:/st/stm32cubeide_1.3.0/stm32cubeide/plugins/com.st.stm32cube.ide.mcu.externaltools.gnu-tools-for-stm32.7-2018-q2-update.win32_1.5.0.202011040924/tools/bin/../lib/gcc/arm-none-eabi/7.3.1/thumb/v7-m/crtbegin.o
 .ARM.attributes
                0x000000000000004a       0x33 Core/Src/main.o
 .ARM.attributes
                0x000000000000007d       0x33 Core/Src/maincpp.o
 .ARM.attributes
                0x00000000000000b0       0x33 Core/Src/stm32f1xx_hal_msp.o
 .ARM.attributes
                0x00000000000000e3       0x33 Core/Src/stm32f1xx_hal_timebase_tim.o
 .ARM.attributes
                0x0000000000000116       0x33 Core/Src/stm32f1xx_it.o
 .ARM.attributes
                0x0000000000000149       0x33 Core/Src/syscalls.o
 .ARM.attributes
                0x000000000000017c       0x33 Core/Src/sysmem.o
 .ARM.attributes
                0x00000000000001af       0x33 Core/Src/system_stm32f1xx.o
 .ARM.attributes
                0x00000000000001e2       0x33 Core/Src/time.o
 .ARM.attributes
                0x0000000000000215       0x33 Core/Src/xl480.o
 .ARM.attributes
                0x0000000000000248       0x21 Core/Startup/startup_stm32f103c8tx.o
 .ARM.attributes
                0x0000000000000269       0x33 Drivers/STM32F1xx_HAL_Driver/Src/stm32f1xx_hal.o
 .ARM.attributes
                0x000000000000029c       0x33 Drivers/STM32F1xx_HAL_Driver/Src/stm32f1xx_hal_cortex.o
 .ARM.attributes
                0x00000000000002cf       0x33 Drivers/STM32F1xx_HAL_Driver/Src/stm32f1xx_hal_dma.o
 .ARM.attributes
                0x0000000000000302       0x33 Drivers/STM32F1xx_HAL_Driver/Src/stm32f1xx_hal_gpio.o
 .ARM.attributes
                0x0000000000000335       0x33 Drivers/STM32F1xx_HAL_Driver/Src/stm32f1xx_hal_rcc.o
 .ARM.attributes
                0x0000000000000368       0x33 Drivers/STM32F1xx_HAL_Driver/Src/stm32f1xx_hal_tim.o
 .ARM.attributes
                0x000000000000039b       0x33 Drivers/STM32F1xx_HAL_Driver/Src/stm32f1xx_hal_tim_ex.o
 .ARM.attributes
                0x00000000000003ce       0x33 Drivers/STM32F1xx_HAL_Driver/Src/stm32f1xx_hal_uart.o
 .ARM.attributes
                0x0000000000000401       0x33 Middlewares/Third_Party/FreeRTOS/Source/CMSIS_RTOS_V2/cmsis_os2.o
 .ARM.attributes
                0x0000000000000434       0x33 Middlewares/Third_Party/FreeRTOS/Source/list.o
 .ARM.attributes
                0x0000000000000467       0x33 Middlewares/Third_Party/FreeRTOS/Source/queue.o
 .ARM.attributes
                0x000000000000049a       0x33 Middlewares/Third_Party/FreeRTOS/Source/tasks.o
 .ARM.attributes
                0x00000000000004cd       0x33 Middlewares/Third_Party/FreeRTOS/Source/timers.o
 .ARM.attributes
                0x0000000000000500       0x33 Middlewares/Third_Party/FreeRTOS/Source/portable/GCC/ARM_CM3/port.o
 .ARM.attributes
                0x0000000000000533       0x33 Middlewares/Third_Party/FreeRTOS/Source/portable/MemMang/heap_4.o
 .ARM.attributes
                0x0000000000000566       0x2d c:/st/stm32cubeide_1.3.0/stm32cubeide/plugins/com.st.stm32cube.ide.mcu.externaltools.gnu-tools-for-stm32.7-2018-q2-update.win32_1.5.0.202011040924/tools/bin/../lib/gcc/arm-none-eabi/7.3.1/../../../../arm-none-eabi/lib/thumb/v7-m\libstdc++_nano.a(pure.o)
 .ARM.attributes
                0x0000000000000593       0x2d c:/st/stm32cubeide_1.3.0/stm32cubeide/plugins/com.st.stm32cube.ide.mcu.externaltools.gnu-tools-for-stm32.7-2018-q2-update.win32_1.5.0.202011040924/tools/bin/../lib/gcc/arm-none-eabi/7.3.1/../../../../arm-none-eabi/lib/thumb/v7-m\libstdc++_nano.a(eh_terminate.o)
 .ARM.attributes
                0x00000000000005c0       0x2d c:/st/stm32cubeide_1.3.0/stm32cubeide/plugins/com.st.stm32cube.ide.mcu.externaltools.gnu-tools-for-stm32.7-2018-q2-update.win32_1.5.0.202011040924/tools/bin/../lib/gcc/arm-none-eabi/7.3.1/../../../../arm-none-eabi/lib/thumb/v7-m\libstdc++_nano.a(eh_term_handler.o)
 .ARM.attributes
                0x00000000000005ed       0x2d c:/st/stm32cubeide_1.3.0/stm32cubeide/plugins/com.st.stm32cube.ide.mcu.externaltools.gnu-tools-for-stm32.7-2018-q2-update.win32_1.5.0.202011040924/tools/bin/../lib/gcc/arm-none-eabi/7.3.1/../../../../arm-none-eabi/lib/thumb/v7-m\libc_nano.a(lib_a-abort.o)
 .ARM.attributes
                0x000000000000061a       0x2d c:/st/stm32cubeide_1.3.0/stm32cubeide/plugins/com.st.stm32cube.ide.mcu.externaltools.gnu-tools-for-stm32.7-2018-q2-update.win32_1.5.0.202011040924/tools/bin/../lib/gcc/arm-none-eabi/7.3.1/../../../../arm-none-eabi/lib/thumb/v7-m\libc_nano.a(lib_a-errno.o)
 .ARM.attributes
                0x0000000000000647       0x2d c:/st/stm32cubeide_1.3.0/stm32cubeide/plugins/com.st.stm32cube.ide.mcu.externaltools.gnu-tools-for-stm32.7-2018-q2-update.win32_1.5.0.202011040924/tools/bin/../lib/gcc/arm-none-eabi/7.3.1/../../../../arm-none-eabi/lib/thumb/v7-m\libc_nano.a(lib_a-impure.o)
 .ARM.attributes
                0x0000000000000674       0x2d c:/st/stm32cubeide_1.3.0/stm32cubeide/plugins/com.st.stm32cube.ide.mcu.externaltools.gnu-tools-for-stm32.7-2018-q2-update.win32_1.5.0.202011040924/tools/bin/../lib/gcc/arm-none-eabi/7.3.1/../../../../arm-none-eabi/lib/thumb/v7-m\libc_nano.a(lib_a-init.o)
 .ARM.attributes
                0x00000000000006a1       0x2d c:/st/stm32cubeide_1.3.0/stm32cubeide/plugins/com.st.stm32cube.ide.mcu.externaltools.gnu-tools-for-stm32.7-2018-q2-update.win32_1.5.0.202011040924/tools/bin/../lib/gcc/arm-none-eabi/7.3.1/../../../../arm-none-eabi/lib/thumb/v7-m\libc_nano.a(lib_a-memcpy-stub.o)
 .ARM.attributes
                0x00000000000006ce       0x2d c:/st/stm32cubeide_1.3.0/stm32cubeide/plugins/com.st.stm32cube.ide.mcu.externaltools.gnu-tools-for-stm32.7-2018-q2-update.win32_1.5.0.202011040924/tools/bin/../lib/gcc/arm-none-eabi/7.3.1/../../../../arm-none-eabi/lib/thumb/v7-m\libc_nano.a(lib_a-memset.o)
 .ARM.attributes
                0x00000000000006fb       0x2d c:/st/stm32cubeide_1.3.0/stm32cubeide/plugins/com.st.stm32cube.ide.mcu.externaltools.gnu-tools-for-stm32.7-2018-q2-update.win32_1.5.0.202011040924/tools/bin/../lib/gcc/arm-none-eabi/7.3.1/../../../../arm-none-eabi/lib/thumb/v7-m\libc_nano.a(lib_a-realloc.o)
 .ARM.attributes
                0x0000000000000728       0x2d c:/st/stm32cubeide_1.3.0/stm32cubeide/plugins/com.st.stm32cube.ide.mcu.externaltools.gnu-tools-for-stm32.7-2018-q2-update.win32_1.5.0.202011040924/tools/bin/../lib/gcc/arm-none-eabi/7.3.1/../../../../arm-none-eabi/lib/thumb/v7-m\libc_nano.a(lib_a-signal.o)
 .ARM.attributes
                0x0000000000000755       0x2d c:/st/stm32cubeide_1.3.0/stm32cubeide/plugins/com.st.stm32cube.ide.mcu.externaltools.gnu-tools-for-stm32.7-2018-q2-update.win32_1.5.0.202011040924/tools/bin/../lib/gcc/arm-none-eabi/7.3.1/../../../../arm-none-eabi/lib/thumb/v7-m\libc_nano.a(lib_a-signalr.o)
 .ARM.attributes
                0x0000000000000782       0x17 c:/st/stm32cubeide_1.3.0/stm32cubeide/plugins/com.st.stm32cube.ide.mcu.externaltools.gnu-tools-for-stm32.7-2018-q2-update.win32_1.5.0.202011040924/tools/bin/../lib/gcc/arm-none-eabi/7.3.1/../../../../arm-none-eabi/lib/thumb/v7-m\libc_nano.a(lib_a-strlen.o)
 .ARM.attributes
                0x0000000000000799       0x2d c:/st/stm32cubeide_1.3.0/stm32cubeide/plugins/com.st.stm32cube.ide.mcu.externaltools.gnu-tools-for-stm32.7-2018-q2-update.win32_1.5.0.202011040924/tools/bin/../lib/gcc/arm-none-eabi/7.3.1/../../../../arm-none-eabi/lib/thumb/v7-m\libc_nano.a(lib_a-nano-mallocr.o)
 .ARM.attributes
                0x00000000000007c6       0x2d c:/st/stm32cubeide_1.3.0/stm32cubeide/plugins/com.st.stm32cube.ide.mcu.externaltools.gnu-tools-for-stm32.7-2018-q2-update.win32_1.5.0.202011040924/tools/bin/../lib/gcc/arm-none-eabi/7.3.1/../../../../arm-none-eabi/lib/thumb/v7-m\libc_nano.a(lib_a-nano-reallocr.o)
 .ARM.attributes
                0x00000000000007f3       0x2d c:/st/stm32cubeide_1.3.0/stm32cubeide/plugins/com.st.stm32cube.ide.mcu.externaltools.gnu-tools-for-stm32.7-2018-q2-update.win32_1.5.0.202011040924/tools/bin/../lib/gcc/arm-none-eabi/7.3.1/../../../../arm-none-eabi/lib/thumb/v7-m\libc_nano.a(lib_a-reent.o)
 .ARM.attributes
                0x0000000000000820       0x2d c:/st/stm32cubeide_1.3.0/stm32cubeide/plugins/com.st.stm32cube.ide.mcu.externaltools.gnu-tools-for-stm32.7-2018-q2-update.win32_1.5.0.202011040924/tools/bin/../lib/gcc/arm-none-eabi/7.3.1/../../../../arm-none-eabi/lib/thumb/v7-m\libc_nano.a(lib_a-sbrkr.o)
 .ARM.attributes
                0x000000000000084d       0x2d c:/st/stm32cubeide_1.3.0/stm32cubeide/plugins/com.st.stm32cube.ide.mcu.externaltools.gnu-tools-for-stm32.7-2018-q2-update.win32_1.5.0.202011040924/tools/bin/../lib/gcc/arm-none-eabi/7.3.1/../../../../arm-none-eabi/lib/thumb/v7-m\libc_nano.a(lib_a-mlock.o)
 .ARM.attributes
                0x000000000000087a       0x2d c:/st/stm32cubeide_1.3.0/stm32cubeide/plugins/com.st.stm32cube.ide.mcu.externaltools.gnu-tools-for-stm32.7-2018-q2-update.win32_1.5.0.202011040924/tools/bin/../lib/gcc/arm-none-eabi/7.3.1/../../../../arm-none-eabi/lib/thumb/v7-m\libc_nano.a(lib_a-nano-freer.o)
 .ARM.attributes
                0x00000000000008a7       0x2d c:/st/stm32cubeide_1.3.0/stm32cubeide/plugins/com.st.stm32cube.ide.mcu.externaltools.gnu-tools-for-stm32.7-2018-q2-update.win32_1.5.0.202011040924/tools/bin/../lib/gcc/arm-none-eabi/7.3.1/../../../../arm-none-eabi/lib/thumb/v7-m\libc_nano.a(lib_a-nano-msizer.o)
 .ARM.attributes
                0x00000000000008d4       0x1d c:/st/stm32cubeide_1.3.0/stm32cubeide/plugins/com.st.stm32cube.ide.mcu.externaltools.gnu-tools-for-stm32.7-2018-q2-update.win32_1.5.0.202011040924/tools/bin/../lib/gcc/arm-none-eabi/7.3.1/thumb/v7-m/crtn.o
OUTPUT(RosSearial_templet.elf elf32-littlearm)

.debug_info     0x0000000000000000    0x1fd35
 .debug_info    0x0000000000000000     0x19a9 Core/Src/main.o
 .debug_info    0x00000000000019a9     0x4668 Core/Src/maincpp.o
 .debug_info    0x0000000000006011      0x9f7 Core/Src/stm32f1xx_hal_msp.o
 .debug_info    0x0000000000006a08      0x993 Core/Src/stm32f1xx_hal_timebase_tim.o
 .debug_info    0x000000000000739b     0x126f Core/Src/stm32f1xx_it.o
 .debug_info    0x000000000000860a      0xebd Core/Src/syscalls.o
 .debug_info    0x00000000000094c7      0x985 Core/Src/sysmem.o
 .debug_info    0x0000000000009e4c      0x29a Core/Src/system_stm32f1xx.o
 .debug_info    0x000000000000a0e6     0x13e9 Core/Src/time.o
 .debug_info    0x000000000000b4cf      0xff8 Core/Src/xl480.o
 .debug_info    0x000000000000c4c7       0x22 Core/Startup/startup_stm32f103c8tx.o
 .debug_info    0x000000000000c4e9      0x714 Drivers/STM32F1xx_HAL_Driver/Src/stm32f1xx_hal.o
 .debug_info    0x000000000000cbfd      0xb51 Drivers/STM32F1xx_HAL_Driver/Src/stm32f1xx_hal_cortex.o
 .debug_info    0x000000000000d74e      0x7b1 Drivers/STM32F1xx_HAL_Driver/Src/stm32f1xx_hal_dma.o
 .debug_info    0x000000000000deff      0x69b Drivers/STM32F1xx_HAL_Driver/Src/stm32f1xx_hal_gpio.o
 .debug_info    0x000000000000e59a      0x80f Drivers/STM32F1xx_HAL_Driver/Src/stm32f1xx_hal_rcc.o
 .debug_info    0x000000000000eda9     0x27ef Drivers/STM32F1xx_HAL_Driver/Src/stm32f1xx_hal_tim.o
 .debug_info    0x0000000000011598     0x136f Drivers/STM32F1xx_HAL_Driver/Src/stm32f1xx_hal_tim_ex.o
 .debug_info    0x0000000000012907     0x121b Drivers/STM32F1xx_HAL_Driver/Src/stm32f1xx_hal_uart.o
 .debug_info    0x0000000000013b22     0x403a Middlewares/Third_Party/FreeRTOS/Source/CMSIS_RTOS_V2/cmsis_os2.o
 .debug_info    0x0000000000017b5c      0xac5 Middlewares/Third_Party/FreeRTOS/Source/list.o
 .debug_info    0x0000000000018621     0x22e8 Middlewares/Third_Party/FreeRTOS/Source/queue.o
 .debug_info    0x000000000001a909     0x294f Middlewares/Third_Party/FreeRTOS/Source/tasks.o
 .debug_info    0x000000000001d258     0x1a21 Middlewares/Third_Party/FreeRTOS/Source/timers.o
 .debug_info    0x000000000001ec79      0x4d2 Middlewares/Third_Party/FreeRTOS/Source/portable/GCC/ARM_CM3/port.o
 .debug_info    0x000000000001f14b      0xbea Middlewares/Third_Party/FreeRTOS/Source/portable/MemMang/heap_4.o

.debug_abbrev   0x0000000000000000     0x3f88
 .debug_abbrev  0x0000000000000000      0x2b3 Core/Src/main.o
 .debug_abbrev  0x00000000000002b3      0x7f5 Core/Src/maincpp.o