Archive member included to satisfy reference by file (symbol)

c:/st/stm32cubeide_1.3.0/stm32cubeide/plugins/com.st.stm32cube.ide.mcu.externaltools.gnu-tools-for-stm32.7-2018-q2-update.win32_1.5.0.202011040924/tools/bin/../lib/gcc/arm-none-eabi/7.3.1/../../../../arm-none-eabi/lib/thumb/v7-m\libstdc++_nano.a(pure.o)
                              Core/Src/maincpp.o (__cxa_pure_virtual)
c:/st/stm32cubeide_1.3.0/stm32cubeide/plugins/com.st.stm32cube.ide.mcu.externaltools.gnu-tools-for-stm32.7-2018-q2-update.win32_1.5.0.202011040924/tools/bin/../lib/gcc/arm-none-eabi/7.3.1/../../../../arm-none-eabi/lib/thumb/v7-m\libstdc++_nano.a(eh_terminate.o)
                              c:/st/stm32cubeide_1.3.0/stm32cubeide/plugins/com.st.stm32cube.ide.mcu.externaltools.gnu-tools-for-stm32.7-2018-q2-update.win32_1.5.0.202011040924/tools/bin/../lib/gcc/arm-none-eabi/7.3.1/../../../../arm-none-eabi/lib/thumb/v7-m\libstdc++_nano.a(pure.o) (std::terminate())
c:/st/stm32cubeide_1.3.0/stm32cubeide/plugins/com.st.stm32cube.ide.mcu.externaltools.gnu-tools-for-stm32.7-2018-q2-update.win32_1.5.0.202011040924/tools/bin/../lib/gcc/arm-none-eabi/7.3.1/../../../../arm-none-eabi/lib/thumb/v7-m\libstdc++_nano.a(eh_unex_handler.o)
                              c:/st/stm32cubeide_1.3.0/stm32cubeide/plugins/com.st.stm32cube.ide.mcu.externaltools.gnu-tools-for-stm32.7-2018-q2-update.win32_1.5.0.202011040924/tools/bin/../lib/gcc/arm-none-eabi/7.3.1/../../../../arm-none-eabi/lib/thumb/v7-m\libstdc++_nano.a(eh_terminate.o) (__cxxabiv1::__unexpected_handler)
c:/st/stm32cubeide_1.3.0/stm32cubeide/plugins/com.st.stm32cube.ide.mcu.externaltools.gnu-tools-for-stm32.7-2018-q2-update.win32_1.5.0.202011040924/tools/bin/../lib/gcc/arm-none-eabi/7.3.1/../../../../arm-none-eabi/lib/thumb/v7-m\libstdc++_nano.a(eh_term_handler.o)
                              c:/st/stm32cubeide_1.3.0/stm32cubeide/plugins/com.st.stm32cube.ide.mcu.externaltools.gnu-tools-for-stm32.7-2018-q2-update.win32_1.5.0.202011040924/tools/bin/../lib/gcc/arm-none-eabi/7.3.1/../../../../arm-none-eabi/lib/thumb/v7-m\libstdc++_nano.a(eh_terminate.o) (__cxxabiv1::__terminate_handler)
c:/st/stm32cubeide_1.3.0/stm32cubeide/plugins/com.st.stm32cube.ide.mcu.externaltools.gnu-tools-for-stm32.7-2018-q2-update.win32_1.5.0.202011040924/tools/bin/../lib/gcc/arm-none-eabi/7.3.1/../../../../arm-none-eabi/lib/thumb/v7-m\libc_nano.a(lib_a-abort.o)
                              c:/st/stm32cubeide_1.3.0/stm32cubeide/plugins/com.st.stm32cube.ide.mcu.externaltools.gnu-tools-for-stm32.7-2018-q2-update.win32_1.5.0.202011040924/tools/bin/../lib/gcc/arm-none-eabi/7.3.1/../../../../arm-none-eabi/lib/thumb/v7-m\libstdc++_nano.a(eh_terminate.o) (abort)
c:/st/stm32cubeide_1.3.0/stm32cubeide/plugins/com.st.stm32cube.ide.mcu.externaltools.gnu-tools-for-stm32.7-2018-q2-update.win32_1.5.0.202011040924/tools/bin/../lib/gcc/arm-none-eabi/7.3.1/../../../../arm-none-eabi/lib/thumb/v7-m\libc_nano.a(lib_a-errno.o)
                              Core/Src/syscalls.o (__errno)
c:/st/stm32cubeide_1.3.0/stm32cubeide/plugins/com.st.stm32cube.ide.mcu.externaltools.gnu-tools-for-stm32.7-2018-q2-update.win32_1.5.0.202011040924/tools/bin/../lib/gcc/arm-none-eabi/7.3.1/../../../../arm-none-eabi/lib/thumb/v7-m\libc_nano.a(lib_a-exit.o)
                              c:/st/stm32cubeide_1.3.0/stm32cubeide/plugins/com.st.stm32cube.ide.mcu.externaltools.gnu-tools-for-stm32.7-2018-q2-update.win32_1.5.0.202011040924/tools/bin/../lib/gcc/arm-none-eabi/7.3.1/../../../../arm-none-eabi/lib/thumb/v7-m/crt0.o (exit)
c:/st/stm32cubeide_1.3.0/stm32cubeide/plugins/com.st.stm32cube.ide.mcu.externaltools.gnu-tools-for-stm32.7-2018-q2-update.win32_1.5.0.202011040924/tools/bin/../lib/gcc/arm-none-eabi/7.3.1/../../../../arm-none-eabi/lib/thumb/v7-m\libc_nano.a(lib_a-impure.o)
                              c:/st/stm32cubeide_1.3.0/stm32cubeide/plugins/com.st.stm32cube.ide.mcu.externaltools.gnu-tools-for-stm32.7-2018-q2-update.win32_1.5.0.202011040924/tools/bin/../lib/gcc/arm-none-eabi/7.3.1/../../../../arm-none-eabi/lib/thumb/v7-m\libc_nano.a(lib_a-exit.o) (_global_impure_ptr)
c:/st/stm32cubeide_1.3.0/stm32cubeide/plugins/com.st.stm32cube.ide.mcu.externaltools.gnu-tools-for-stm32.7-2018-q2-update.win32_1.5.0.202011040924/tools/bin/../lib/gcc/arm-none-eabi/7.3.1/../../../../arm-none-eabi/lib/thumb/v7-m\libc_nano.a(lib_a-init.o)
                              c:/st/stm32cubeide_1.3.0/stm32cubeide/plugins/com.st.stm32cube.ide.mcu.externaltools.gnu-tools-for-stm32.7-2018-q2-update.win32_1.5.0.202011040924/tools/bin/../lib/gcc/arm-none-eabi/7.3.1/../../../../arm-none-eabi/lib/thumb/v7-m/crt0.o (__libc_init_array)
c:/st/stm32cubeide_1.3.0/stm32cubeide/plugins/com.st.stm32cube.ide.mcu.externaltools.gnu-tools-for-stm32.7-2018-q2-update.win32_1.5.0.202011040924/tools/bin/../lib/gcc/arm-none-eabi/7.3.1/../../../../arm-none-eabi/lib/thumb/v7-m\libc_nano.a(lib_a-memcpy-stub.o)
                              Core/Src/maincpp.o (memcpy)
[...]
Memory Configuration

Name             Origin             Length             Attributes
RAM              0x0000000020000000 0x0000000000005000 xrw
FLASH            0x0000000008000000 0x0000000000010000 xr
*default*        0x0000000000000000 0xffffffffffffffff

Linker script and memory map

LOAD c:/st/stm32cubeide_1.3.0/stm32cubeide/plugins/com.st.stm32cube.ide.mcu.externaltools.gnu-tools-for-stm32.7-2018-q2-update.win32_1.5.0.202011040924/tools/bin/../lib/gcc/arm-none-eabi/7.3.1/thumb/v7-m/crti.o
LOAD c:/st/stm32cubeide_1.3.0/stm32cubeide/plugins/com.st.stm32cube.ide.mcu.externaltools.gnu-tools-for-stm32.7-2018-q2-update.win32_1.5.0.202011040924/tools/bin/../lib/gcc/arm-none-eabi/7.3.1/thumb/v7-m/crtbegin.o
LOAD c:/st/stm32cubeide_1.3.0/stm32cubeide/plugins/com.st.stm32cube.ide.mcu.externaltools.gnu-tools-for-stm32.7-2018-q2-update.win32_1.5.0.202011040924/tools/bin/../lib/gcc/arm-none-eabi/7.3.1/../../../../arm-none-eabi/lib/thumb/v7-m/crt0.o
LOAD Core/Src/duration.o
LOAD Core/Src/freertos.o
LOAD Core/Src/main.o
LOAD Core/Src/maincpp.o
LOAD Core/Src/stm32f1xx_hal_msp.o
LOAD Core/Src/stm32f1xx_hal_timebase_tim.o
LOAD Core/Src/stm32f1xx_it.o
LOAD Core/Src/syscalls.o
LOAD Core/Src/sysmem.o
LOAD Core/Src/system_stm32f1xx.o
LOAD Core/Src/time.o
LOAD Core/Src/xl430.o
LOAD Core/Startup/startup_stm32f103c8tx.o
LOAD Drivers/STM32F1xx_HAL_Driver/Src/stm32f1xx_hal.o
LOAD Drivers/STM32F1xx_HAL_Driver/Src/stm32f1xx_hal_cortex.o
LOAD Drivers/STM32F1xx_HAL_Driver/Src/stm32f1xx_hal_dma.o
LOAD Drivers/STM32F1xx_HAL_Driver/Src/stm32f1xx_hal_exti.o
LOAD Drivers/STM32F1xx_HAL_Driver/Src/stm32f1xx_hal_flash.o
LOAD Drivers/STM32F1xx_HAL_Driver/Src/stm32f1xx_hal_flash_ex.o
LOAD Drivers/STM32F1xx_HAL_Driver/Src/stm32f1xx_hal_gpio.o
LOAD Drivers/STM32F1xx_HAL_Driver/Src/stm32f1xx_hal_gpio_ex.o
LOAD Drivers/STM32F1xx_HAL_Driver/Src/stm32f1xx_hal_pwr.o
LOAD Drivers/STM32F1xx_HAL_Driver/Src/stm32f1xx_hal_rcc.o
LOAD Drivers/STM32F1xx_HAL_Driver/Src/stm32f1xx_hal_rcc_ex.o
LOAD Drivers/STM32F1xx_HAL_Driver/Src/stm32f1xx_hal_tim.o
LOAD Drivers/STM32F1xx_HAL_Driver/Src/stm32f1xx_hal_tim_ex.o
LOAD Drivers/STM32F1xx_HAL_Driver/Src/stm32f1xx_hal_uart.o
LOAD Middlewares/Third_Party/FreeRTOS/Source/CMSIS_RTOS_V2/cmsis_os2.o
LOAD Middlewares/Third_Party/FreeRTOS/Source/croutine.o
LOAD Middlewares/Third_Party/FreeRTOS/Source/event_groups.o
LOAD Middlewares/Third_Party/FreeRTOS/Source/list.o
LOAD Middlewares/Third_Party/FreeRTOS/Source/queue.o
LOAD Middlewares/Third_Party/FreeRTOS/Source/stream_buffer.o
LOAD Middlewares/Third_Party/FreeRTOS/Source/tasks.o
LOAD Middlewares/Third_Party/FreeRTOS/Source/timers.o
LOAD Middlewares/Third_Party/FreeRTOS/Source/portable/GCC/ARM_CM3/port.o
LOAD Middlewares/Third_Party/FreeRTOS/Source/portable/MemMang/heap_4.o
START GROUP
LOAD c:/st/stm32cubeide_1.3.0/stm32cubeide/plugins/com.st.stm32cube.ide.mcu.externaltools.gnu-tools-for-stm32.7-2018-q2-update.win32_1.5.0.202011040924/tools/bin/../lib/gcc/arm-none-eabi/7.3.1/../../../../arm-none-eabi/lib/thumb/v7-m\libstdc++_nano.a
LOAD c:/st/stm32cubeide_1.3.0/stm32cubeide/plugins/com.st.stm32cube.ide.mcu.externaltools.gnu-tools-for-stm32.7-2018-q2-update.win32_1.5.0.202011040924/tools/bin/../lib/gcc/arm-none-eabi/7.3.1/../../../../arm-none-eabi/lib/thumb/v7-m\libsupc++_nano.a
END GROUP
LOAD c:/st/stm32cubeide_1.3.0/stm32cubeide/plugins/com.st.stm32cube.ide.mcu.externaltools.gnu-tools-for-stm32.7-2018-q2-update.win32_1.5.0.202011040924/tools/bin/../lib/gcc/arm-none-eabi/7.3.1/../../../../arm-none-eabi/lib/thumb/v7-m\libstdc++_nano.a
LOAD c:/st/stm32cubeide_1.3.0/stm32cubeide/plugins/com.st.stm32cube.ide.mcu.externaltools.gnu-tools-for-stm32.7-2018-q2-update.win32_1.5.0.202011040924/tools/bin/../lib/gcc/arm-none-eabi/7.3.1/../../../../arm-none-eabi/lib/thumb/v7-m\libm.a
LOAD c:/st/stm32cubeide_1.3.0/stm32cubeide/plugins/com.st.stm32cube.ide.mcu.externaltools.gnu-tools-for-stm32.7-2018-q2-update.win32_1.5.0.202011040924/tools/bin/../lib/gcc/arm-none-eabi/7.3.1/../../../../arm-none-eabi/lib/thumb/v7-m\libc_nano.a
START GROUP
LOAD c:/st/stm32cubeide_1.3.0/stm32cubeide/plugins/com.st.stm32cube.ide.mcu.externaltools.gnu-tools-for-stm32.7-2018-q2-update.win32_1.5.0.202011040924/tools/bin/../lib/gcc/arm-none-eabi/7.3.1/thumb/v7-m\libgcc.a
LOAD c:/st/stm32cubeide_1.3.0/stm32cubeide/plugins/com.st.stm32cube.ide.mcu.externaltools.gnu-tools-for-stm32.7-2018-q2-update.win32_1.5.0.202011040924/tools/bin/../lib/gcc/arm-none-eabi/7.3.1/../../../../arm-none-eabi/lib/thumb/v7-m\libc_nano.a
END GROUP
START GROUP
LOAD c:/st/stm32cubeide_1.3.0/stm32cubeide/plugins/com.st.stm32cube.ide.mcu.externaltools.gnu-tools-for-stm32.7-2018-q2-update.win32_1.5.0.202011040924/tools/bin/../lib/gcc/arm-none-eabi/7.3.1/thumb/v7-m\libgcc.a
LOAD c:/st/stm32cubeide_1.3.0/stm32cubeide/plugins/com.st.stm32cube.ide.mcu.externaltools.gnu-tools-for-stm32.7-2018-q2-update.win32_1.5.0.202011040924/tools/bin/../lib/gcc/arm-none-eabi/7.3.1/../../../../arm-none-eabi/lib/thumb/v7-m\libc_nano.a
LOAD c:/st/stm32cubeide_1.3.0/stm32cubeide/plugins/com.st.stm32cube.ide.mcu.externaltools.gnu-tools-for-stm32.7-2018-q2-update.win32_1.5.0.202011040924/tools/bin/../lib/gcc/arm-none-eabi/7.3.1/../../../../arm-none-eabi/lib/thumb/v7-m\libnosys.a
END GROUP
START GROUP
LOAD c:/st/stm32cubeide_1.3.0/stm32cubeide/plugins/com.st.stm32cube.ide.mcu.externaltools.gnu-tools-for-stm32.7-2018-q2-update.win32_1.5.0.202011040924/tools/bin/../lib/gcc/arm-none-eabi/7.3.1/thumb/v7-m\libgcc.a
LOAD c:/st/stm32cubeide_1.3.0/stm32cubeide/plugins/com.st.stm32cube.ide.mcu.externaltools.gnu-tools-for-stm32.7-2018-q2-update.win32_1.5.0.202011040924/tools/bin/../lib/gcc/arm-none-eabi/7.3.1/../../../../arm-none-eabi/lib/thumb/v7-m\libc_nano.a
LOAD c:/st/stm32cubeide_1.3.0/stm32cubeide/plugins/com.st.stm32cube.ide.mcu.externaltools.gnu-tools-for-stm32.7-2018-q2-update.win32_1.5.0.202011040924/tools/bin/../lib/gcc/arm-none-eabi/7.3.1/../../../../arm-none-eabi/lib/thumb/v7-m\libnosys.a
END GROUP
LOAD c:/st/stm32cubeide_1.3.0/stm32cubeide/plugins/com.st.stm32cube.ide.mcu.externaltools.gnu-tools-for-stm32.7-2018-q2-update.win32_1.5.0.202011040924/tools/bin/../lib/gcc/arm-none-eabi/7.3.1/thumb/v7-m/crtend.o
LOAD c:/st/stm32cubeide_1.3.0/stm32cubeide/plugins/com.st.stm32cube.ide.mcu.externaltools.gnu-tools-for-stm32.7-2018-q2-update.win32_1.5.0.202011040924/tools/bin/../lib/gcc/arm-none-eabi/7.3.1/thumb/v7-m/crtn.o
                0x0000000020005000                _estack = (ORIGIN (RAM) + LENGTH (RAM))
                0x0000000000000200                _Min_Heap_Size = 0x200
                0x0000000000000400                _Min_Stack_Size = 0x400

.isr_vector     0x0000000008000000      0x10c
                0x0000000008000000                . = ALIGN (0x4)
 *(.isr_vector)
 .isr_vector    0x0000000008000000      0x10c Core/Startup/startup_stm32f103c8tx.o
                0x0000000008000000                g_pfnVectors
                0x000000000800010c                . = ALIGN (0x4)

.text           0x0000000008000110     0x989c
                0x0000000008000110                . = ALIGN (0x4)
 *(.text)
 .text          0x0000000008000110       0x40 c:/st/stm32cubeide_1.3.0/stm32cubeide/plugins/com.st.stm32cube.ide.mcu.externaltools.gnu-tools-for-stm32.7-2018-q2-update.win32_1.5.0.202011040924/tools/bin/../lib/gcc/arm-none-eabi/7.3.1/thumb/v7-m/crtbegin.o
 .text          0x0000000008000150       0x10 c:/st/stm32cubeide_1.3.0/stm32cubeide/plugins/com.st.stm32cube.ide.mcu.externaltools.gnu-tools-for-stm32.7-2018-q2-update.win32_1.5.0.202011040924/tools/bin/../lib/gcc/arm-none-eabi/7.3.1/../../../../arm-none-eabi/lib/thumb/v7-m\libc_nano.a(lib_a-strlen.o)
                0x0000000008000150                strlen
 .text          0x0000000008000160      0x378 c:/st/stm32cubeide_1.3.0/stm32cubeide/plugins/com.st.stm32cube.ide.mcu.externaltools.gnu-tools-for-stm32.7-2018-q2-update.win32_1.5.0.202011040924/tools/bin/../lib/gcc/arm-none-eabi/7.3.1/thumb/v7-m\libgcc.a(_arm_addsubdf3.o)
                0x0000000008000160                __aeabi_drsub
                0x0000000008000168                __aeabi_dsub
                0x0000000008000168                __subdf3
                0x000000000800016c                __aeabi_dadd
                0x000000000800016c                __adddf3
                0x00000000080003e4                __floatunsidf
                0x00000000080003e4                __aeabi_ui2d
                0x0000000008000404                __floatsidf
                0x0000000008000404                __aeabi_i2d
                0x0000000008000428                __aeabi_f2d
                0x0000000008000428                __extendsfdf2
                0x000000000800046c                __floatundidf
                0x000000000800046c                __aeabi_ul2d
                0x000000000800047c                __floatdidf
                0x000000000800047c                __aeabi_l2d
 .text          0x00000000080004d8      0x424 c:/st/stm32cubeide_1.3.0/stm32cubeide/plugins/com.st.stm32cube.ide.mcu.externaltools.gnu-tools-for-stm32.7-2018-q2-update.win32_1.5.0.202011040924/tools/bin/../lib/gcc/arm-none-eabi/7.3.1/thumb/v7-m\libgcc.a(_arm_muldivdf3.o)
                0x00000000080004d8                __aeabi_dmul
                0x00000000080004d8                __muldf3
                0x000000000800072c                __divdf3
                0x000000000800072c                __aeabi_ddiv
 .text          0x00000000080008fc       0x50 c:/st/stm32cubeide_1.3.0/stm32cubeide/plugins/com.st.stm32cube.ide.mcu.externaltools.gnu-tools-for-stm32.7-2018-q2-update.win32_1.5.0.202011040924/tools/bin/../lib/gcc/arm-none-eabi/7.3.1/thumb/v7-m\libgcc.a(_arm_fixdfsi.o)
                0x00000000080008fc                __aeabi_d2iz
                0x00000000080008fc                __fixdfsi
 .text          0x000000000800094c       0xa0 c:/st/stm32cubeide_1.3.0/stm32cubeide/plugins/com.st.stm32cube.ide.mcu.externaltools.gnu-tools-for-stm32.7-2018-q2-update.win32_1.5.0.202011040924/tools/bin/../lib/gcc/arm-none-eabi/7.3.1/thumb/v7-m\libgcc.a(_arm_truncdfsf2.o)
                0x000000000800094c                __truncdfsf2
                0x000000000800094c                __aeabi_d2f
 .text          0x00000000080009ec      0x21c c:/st/stm32cubeide_1.3.0/stm32cubeide/plugins/com.st.stm32cube.ide.mcu.externaltools.gnu-tools-for-stm32.7-2018-q2-update.win32_1.5.0.202011040924/tools/bin/../lib/gcc/arm-none-eabi/7.3.1/thumb/v7-m\libgcc.a(_arm_addsubsf3.o)
                0x00000000080009ec                __aeabi_frsub
                0x00000000080009f4                __subsf3
                0x00000000080009f4                __aeabi_fsub
                0x00000000080009f8                __aeabi_fadd
                0x00000000080009f8                __addsf3
                0x0000000008000b58                __aeabi_ui2f
                0x0000000008000b58                __floatunsisf
                0x0000000008000b60                __aeabi_i2f
                0x0000000008000b60                __floatsisf
                0x0000000008000b7c                __aeabi_ul2f
                0x0000000008000b7c                __floatundisf
                0x0000000008000b8c                __aeabi_l2f
                0x0000000008000b8c                __floatdisf
 .text          0x0000000008000c08      0x2a0 c:/st/stm32cubeide_1.3.0/stm32cubeide/plugins/com.st.stm32cube.ide.mcu.externaltools.gnu-tools-for-stm32.7-2018-q2-update.win32_1.5.0.202011040924/tools/bin/../lib/gcc/arm-none-eabi/7.3.1/thumb/v7-m\libgcc.a(_arm_muldivsf3.o)
                0x0000000008000c08                __mulsf3
                0x0000000008000c08                __aeabi_fmul
                0x0000000008000d70                __aeabi_fdiv
                0x0000000008000d70                __divsf3
 *(.text*)
 .text.main     0x0000000008000ea8       0x50 Core/Src/main.o
                0x0000000008000ea8                main
 .text.SystemClock_Config
                0x0000000008000ef8       0x76 Core/Src/main.o
                0x0000000008000ef8                SystemClock_Config
 *fill*         0x0000000008000f6e        0x2 
 .text.MX_USART1_UART_Init
                0x0000000008000f70       0x54 Core/Src/main.o
 .text.MX_USART3_UART_Init
                0x0000000008000fc4       0x74 Core/Src/main.o
 .text.MX_DMA_Init
                0x0000000008001038       0x6c Core/Src/main.o
 .text.MX_GPIO_Init
                0x00000000080010a4       0xb0 Core/Src/main.o
 .text.HAL_TIM_PeriodElapsedCallback
                0x0000000008001154       0x24 Core/Src/main.o
                0x0000000008001154                HAL_TIM_PeriodElapsedCallback
 .text.Error_Handler
                0x0000000008001178        0x8 Core/Src/main.o
                0x0000000008001178                Error_Handler
 .text._ZN3ros4TimeC2Ev
                0x0000000008001180       0x20 Core/Src/maincpp.o
                0x0000000008001180                ros::Time::Time()
                0x0000000008001180                ros::Time::Time()
 .text._ZN3ros3MsgC2Ev
                0x00000000080011a0       0x20 Core/Src/maincpp.o
                0x00000000080011a0                ros::Msg::Msg()
                0x00000000080011a0                ros::Msg::Msg()
 .text._ZN8std_msgs4TimeC2Ev
                0x00000000080011c0       0x30 Core/Src/maincpp.o
                0x00000000080011c0                std_msgs::Time::Time()
                0x00000000080011c0                std_msgs::Time::Time()
 .text._ZNK8std_msgs4Time9serializeEPh
                0x00000000080011f0       0xae Core/Src/maincpp.o
                0x00000000080011f0                std_msgs::Time::serialize(unsigned char*) const
 .text._ZN8std_msgs4Time11deserializeEPh
                0x000000000800129e       0xc6 Core/Src/maincpp.o
                0x000000000800129e                std_msgs::Time::deserialize(unsigned char*)
 .text._ZN8std_msgs4Time7getTypeEv
                0x0000000008001364       0x18 Core/Src/maincpp.o
                0x0000000008001364                std_msgs::Time::getType()
 .text._ZN8std_msgs4Time6getMD5Ev
                0x000000000800137c       0x18 Core/Src/maincpp.o
                0x000000000800137c                std_msgs::Time::getMD5()
 .text._ZN14rosserial_msgs9TopicInfoC2Ev
                0x0000000008001394       0x48 Core/Src/maincpp.o
                0x0000000008001394                rosserial_msgs::TopicInfo::TopicInfo()
                0x0000000008001394                rosserial_msgs::TopicInfo::TopicInfo()
 .text._ZNK14rosserial_msgs9TopicInfo9serializeEPh
                0x00000000080013dc      0x136 Core/Src/maincpp.o
                0x00000000080013dc                rosserial_msgs::TopicInfo::serialize(unsigned char*) const
 .text._ZN14rosserial_msgs9TopicInfo11deserializeEPh
                0x0000000008001512      0x1d0 Core/Src/maincpp.o
                0x0000000008001512                rosserial_msgs::TopicInfo::deserialize(unsigned char*)
 *fill*         0x00000000080016e2        0x2 
 .text._ZN14rosserial_msgs9TopicInfo7getTypeEv
                0x00000000080016e4       0x18 Core/Src/maincpp.o
                0x00000000080016e4                rosserial_msgs::TopicInfo::getType()
 .text._ZN14rosserial_msgs9TopicInfo6getMD5Ev
                0x00000000080016fc       0x18 Core/Src/maincpp.o
                0x00000000080016fc                rosserial_msgs::TopicInfo::getMD5()
 .text._ZN14rosserial_msgs3LogC2Ev
                0x0000000008001714       0x34 Core/Src/maincpp.o
                0x0000000008001714                rosserial_msgs::Log::Log()
                0x0000000008001714                rosserial_msgs::Log::Log()
 .text._ZNK14rosserial_msgs3Log9serializeEPh
                0x0000000008001748       0x64 Core/Src/maincpp.o
                0x0000000008001748                rosserial_msgs::Log::serialize(unsigned char*) const
 .text._ZN14rosserial_msgs3Log11deserializeEPh
                0x00000000080017ac       0x90 Core/Src/maincpp.o
                0x00000000080017ac                rosserial_msgs::Log::deserialize(unsigned char*)
 .text._ZN14rosserial_msgs3Log7getTypeEv
                0x000000000800183c       0x18 Core/Src/maincpp.o
                0x000000000800183c                rosserial_msgs::Log::getType()
 .text._ZN14rosserial_msgs3Log6getMD5Ev
                0x0000000008001854       0x18 Core/Src/maincpp.o
                0x0000000008001854                rosserial_msgs::Log::getMD5()
 .text._ZN14rosserial_msgs19RequestParamRequestC2Ev
                0x000000000800186c       0x30 Core/Src/maincpp.o
                0x000000000800186c                rosserial_msgs::RequestParamRequest::RequestParamRequest()
                0x000000000800186c                rosserial_msgs::RequestParamRequest::RequestParamRequest()
 .text._ZNK14rosserial_msgs19RequestParamRequest9serializeEPh
                0x000000000800189c       0x52 Core/Src/maincpp.o
                0x000000000800189c                rosserial_msgs::RequestParamRequest::serialize(unsigned char*) const
 .text._ZN14rosserial_msgs19RequestParamRequest11deserializeEPh
                0x00000000080018ee       0x7e Core/Src/maincpp.o
                0x00000000080018ee                rosserial_msgs::RequestParamRequest::deserialize(unsigned char*)
 .text._ZN14rosserial_msgs19RequestParamRequest7getTypeEv
                0x000000000800196c       0x18 Core/Src/maincpp.o
                0x000000000800196c                rosserial_msgs::RequestParamRequest::getType()
 .text._ZN14rosserial_msgs19RequestParamRequest6getMD5Ev
                0x0000000008001984       0x18 Core/Src/maincpp.o
                0x0000000008001984                rosserial_msgs::RequestParamRequest::getMD5()
 .text._ZN14rosserial_msgs20RequestParamResponseC2Ev
                0x000000000800199c       0x48 Core/Src/maincpp.o
                0x000000000800199c                rosserial_msgs::RequestParamResponse::RequestParamResponse()
                0x000000000800199c                rosserial_msgs::RequestParamResponse::RequestParamResponse()
 .text._ZNK14rosserial_msgs20RequestParamResponse9serializeEPh
                0x00000000080019e4      0x222 Core/Src/maincpp.o
                0x00000000080019e4                rosserial_msgs::RequestParamResponse::serialize(unsigned char*) const
 .text._ZN14rosserial_msgs20RequestParamResponse11deserializeEPh
                0x0000000008001c06      0x2e2 Core/Src/maincpp.o
                0x0000000008001c06                rosserial_msgs::RequestParamResponse::deserialize(unsigned char*)
 .text._ZN14rosserial_msgs20RequestParamResponse7getTypeEv
                0x0000000008001ee8       0x18 Core/Src/maincpp.o
                0x0000000008001ee8                rosserial_msgs::RequestParamResponse::getType()
 .text._ZN14rosserial_msgs20RequestParamResponse6getMD5Ev
                0x0000000008001f00       0x18 Core/Src/maincpp.o
                0x0000000008001f00                rosserial_msgs::RequestParamResponse::getMD5()
 .text._ZN3ros9PublisherC2EPKcPNS_3MsgEi
                0x0000000008001f18       0x2c Core/Src/maincpp.o
                0x0000000008001f18                ros::Publisher::Publisher(char const*, ros::Msg*, int)
                0x0000000008001f18                ros::Publisher::Publisher(char const*, ros::Msg*, int)
 .text._ZN3ros9Publisher7publishEPKNS_3MsgE
                0x0000000008001f44       0x28 Core/Src/maincpp.o
                0x0000000008001f44                ros::Publisher::publish(ros::Msg const*)
 .text._ZN3ros9Publisher15getEndpointTypeEv
                0x0000000008001f6c       0x16 Core/Src/maincpp.o
                0x0000000008001f6c                ros::Publisher::getEndpointType()
 .text._ZN13STM32Hardware10getRdmaIndEv
                0x0000000008001f82       0x22 Core/Src/maincpp.o
                0x0000000008001f82                STM32Hardware::getRdmaInd()
 .text._ZN13STM32HardwareC2Ev
                0x0000000008001fa4       0x38 Core/Src/maincpp.o
                0x0000000008001fa4                STM32Hardware::STM32Hardware()
                0x0000000008001fa4                STM32Hardware::STM32Hardware()
 .text._ZN13STM32Hardware4initEv
                0x0000000008001fdc       0x16 Core/Src/maincpp.o
                0x0000000008001fdc                STM32Hardware::init()
 .text._ZN13STM32Hardware10reset_rbufEv
                0x0000000008001ff2       0x26 Core/Src/maincpp.o
                0x0000000008001ff2                STM32Hardware::reset_rbuf()
 .text._ZN13STM32Hardware4readEv
                0x0000000008002018       0x5a Core/Src/maincpp.o
                0x0000000008002018                STM32Hardware::read()
 *fill*         0x0000000008002072        0x2 
 .text._ZN13STM32Hardware5flushEv
                0x0000000008002074       0xbc Core/Src/maincpp.o
                0x0000000008002074                STM32Hardware::flush()
 .text._ZN13STM32Hardware5writeEPhi
                0x0000000008002130       0x8c Core/Src/maincpp.o
                0x0000000008002130                STM32Hardware::write(unsigned char*, int)
 .text._ZN13STM32Hardware4timeEv
                0x00000000080021bc       0x16 Core/Src/maincpp.o
                0x00000000080021bc                STM32Hardware::time()
 *fill*         0x00000000080021d2        0x2 
 .text._ZN8std_msgs6StringC2Ev
                0x00000000080021d4       0x30 Core/Src/maincpp.o
                0x00000000080021d4                std_msgs::String::String()
                0x00000000080021d4                std_msgs::String::String()
 .text._ZNK8std_msgs6String9serializeEPh
                0x0000000008002204       0x52 Core/Src/maincpp.o
                0x0000000008002204                std_msgs::String::serialize(unsigned char*) const
 .text._ZN8std_msgs6String11deserializeEPh
                0x0000000008002256       0x7e Core/Src/maincpp.o
                0x0000000008002256                std_msgs::String::deserialize(unsigned char*)
 .text._ZN8std_msgs6String7getTypeEv
                0x00000000080022d4       0x18 Core/Src/maincpp.o
                0x00000000080022d4                std_msgs::String::getType()
 .text._ZN8std_msgs6String6getMD5Ev
                0x00000000080022ec       0x18 Core/Src/maincpp.o
                0x00000000080022ec                std_msgs::String::getMD5()
 .text._ZN13geometry_msgs7Vector3C2Ev
                0x0000000008002304       0x50 Core/Src/maincpp.o
                0x0000000008002304                geometry_msgs::Vector3::Vector3()
                0x0000000008002304                geometry_msgs::Vector3::Vector3()
 .text._ZNK13geometry_msgs7Vector39serializeEPh
                0x0000000008002354      0x2f0 Core/Src/maincpp.o
                0x0000000008002354                geometry_msgs::Vector3::serialize(unsigned char*) const
 .text._ZN13geometry_msgs7Vector311deserializeEPh
                0x0000000008002644      0x524 Core/Src/maincpp.o
                0x0000000008002644                geometry_msgs::Vector3::deserialize(unsigned char*)
 .text._ZN13geometry_msgs7Vector37getTypeEv
                0x0000000008002b68       0x18 Core/Src/maincpp.o
                0x0000000008002b68                geometry_msgs::Vector3::getType()
 .text._ZN13geometry_msgs7Vector36getMD5Ev
                0x0000000008002b80       0x18 Core/Src/maincpp.o
                0x0000000008002b80                geometry_msgs::Vector3::getMD5()
 .text._ZN13geometry_msgs5TwistC2Ev
                0x0000000008002b98       0x38 Core/Src/maincpp.o
                0x0000000008002b98                geometry_msgs::Twist::Twist()
                0x0000000008002b98                geometry_msgs::Twist::Twist()
 .text._ZNK13geometry_msgs5Twist9serializeEPh
                0x0000000008002bd0       0x4c Core/Src/maincpp.o
                0x0000000008002bd0                geometry_msgs::Twist::serialize(unsigned char*) const
 .text._ZN13geometry_msgs5Twist11deserializeEPh
                0x0000000008002c1c       0x4c Core/Src/maincpp.o
                0x0000000008002c1c                geometry_msgs::Twist::deserialize(unsigned char*)
 .text._ZN13geometry_msgs5Twist7getTypeEv
                0x0000000008002c68       0x18 Core/Src/maincpp.o
                0x0000000008002c68                geometry_msgs::Twist::getType()
 .text._ZN13geometry_msgs5Twist6getMD5Ev
                0x0000000008002c80       0x18 Core/Src/maincpp.o
                0x0000000008002c80                geometry_msgs::Twist::getMD5()
 .text.HAL_UART_TxCpltCallback
                0x0000000008002c98       0x30 Core/Src/maincpp.o
                0x0000000008002c98                HAL_UART_TxCpltCallback
 .text._Z15cmd_velCallBackRKN13geometry_msgs5TwistE
                0x0000000008002cc8      0x170 Core/Src/maincpp.o
                0x0000000008002cc8                cmd_velCallBack(geometry_msgs::Twist const&)
 .text.HAL_UART_RxCpltCallback
                0x0000000008002e38       0x24 Core/Src/maincpp.o
                0x0000000008002e38                HAL_UART_RxCpltCallback
 .text.setup    0x0000000008002e5c      0x164 Core/Src/maincpp.o
                0x0000000008002e5c                setup
 .text.StartDefaultTask
                0x0000000008002fc0       0x70 Core/Src/maincpp.o
                0x0000000008002fc0                StartDefaultTask
 .text._ZN3ros3Msg8varToArrIPhmEEvT_T0_
                0x0000000008003030       0x3a Core/Src/maincpp.o
                0x0000000008003030                void ros::Msg::varToArr<unsigned char*, unsigned long>(unsigned char*, unsigned long)
 .text._ZN3ros3Msg8arrToVarImPhEEvRT_T0_
                0x000000000800306a       0x48 Core/Src/maincpp.o
                0x000000000800306a                void ros::Msg::arrToVar<unsigned long, unsigned char*>(unsigned long&, unsigned char*)
 *fill*         0x00000000080030b2        0x2 
 .text._ZN3ros15NodeHandleBase_C2Ev
                0x00000000080030b4       0x20 Core/Src/maincpp.o
                0x00000000080030b4                ros::NodeHandleBase_::NodeHandleBase_()
                0x00000000080030b4                ros::NodeHandleBase_::NodeHandleBase_()
 .text._ZN3ros11NodeHandle_I13STM32HardwareLi25ELi25ELi512ELi512EEC2Ev
                0x00000000080030d4      0x100 Core/Src/maincpp.o
                0x00000000080030d4                ros::NodeHandle_<STM32Hardware, 25, 25, 512, 512>::NodeHandle_()
                0x00000000080030d4                ros::NodeHandle_<STM32Hardware, 25, 25, 512, 512>::NodeHandle_()
 .text._ZN3ros11Subscriber_C2Ev
                0x00000000080031d4       0x20 Core/Src/maincpp.o
                0x00000000080031d4                ros::Subscriber_::Subscriber_()
                0x00000000080031d4                ros::Subscriber_::Subscriber_()
 .text._ZN3ros10SubscriberIN13geometry_msgs5TwistEvEC2EPKcPFvRKS2_Ei
                0x00000000080031f4       0x48 Core/Src/maincpp.o
                0x00000000080031f4                ros::Subscriber<geometry_msgs::Twist, void>::Subscriber(char const*, void (*)(geometry_msgs::Twist const&), int)
                0x00000000080031f4                ros::Subscriber<geometry_msgs::Twist, void>::Subscriber(char const*, void (*)(geometry_msgs::Twist const&), int)
 .text._ZN3ros11NodeHandle_I13STM32HardwareLi25ELi25ELi512ELi512EE11getHardwareEv
                0x000000000800323c       0x16 Core/Src/maincpp.o
                0x000000000800323c                ros::NodeHandle_<STM32Hardware, 25, 25, 512, 512>::getHardware()
 .text._ZN3ros11NodeHandle_I13STM32HardwareLi25ELi25ELi512ELi512EE8initNodeEv
                0x0000000008003252       0x3a Core/Src/maincpp.o
                0x0000000008003252                ros::NodeHandle_<STM32Hardware, 25, 25, 512, 512>::initNode()
 .text._ZN3ros11NodeHandle_I13STM32HardwareLi25ELi25ELi512ELi512EE9connectedEv
                0x000000000800328c       0x18 Core/Src/maincpp.o
                0x000000000800328c                ros::NodeHandle_<STM32Hardware, 25, 25, 512, 512>::connected()
 .text._ZN3ros11NodeHandle_I13STM32HardwareLi25ELi25ELi512ELi512EE8spinOnceEv
                0x00000000080032a4      0x3b8 Core/Src/maincpp.o
                0x00000000080032a4                ros::NodeHandle_<STM32Hardware, 25, 25, 512, 512>::spinOnce()
 .text._ZN3ros11NodeHandle_I13STM32HardwareLi25ELi25ELi512ELi512EE7loginfoEPKc
                0x000000000800365c       0x1c Core/Src/maincpp.o
                0x000000000800365c                ros::NodeHandle_<STM32Hardware, 25, 25, 512, 512>::loginfo(char const*)
 .text._ZN3ros11NodeHandle_I13STM32HardwareLi25ELi25ELi512ELi512EE9advertiseERNS_9PublisherE
                0x0000000008003678       0x5e Core/Src/maincpp.o
                0x0000000008003678                ros::NodeHandle_<STM32Hardware, 25, 25, 512, 512>::advertise(ros::Publisher&)
 .text._ZN3ros11NodeHandle_I13STM32HardwareLi25ELi25ELi512ELi512EE9subscribeINS_10SubscriberIN13geometry_msgs5TwistEvEEEEbRT_
                0x00000000080036d6       0x54 Core/Src/maincpp.o
                0x00000000080036d6                bool ros::NodeHandle_<STM32Hardware, 25, 25, 512, 512>::subscribe<ros::Subscriber<geometry_msgs::Twist, void> >(ros::Subscriber<geometry_msgs::Twist, void>&)
 .text._ZN3ros11NodeHandle_I13STM32HardwareLi25ELi25ELi512ELi512EE15negotiateTopicsEv
                0x000000000800372a      0x1be Core/Src/maincpp.o
                0x000000000800372a                ros::NodeHandle_<STM32Hardware, 25, 25, 512, 512>::negotiateTopics()
 .text._ZN3ros11NodeHandle_I13STM32HardwareLi25ELi25ELi512ELi512EE8getParamEPKcPfii
                0x00000000080038e8       0x70 Core/Src/maincpp.o
                0x00000000080038e8                ros::NodeHandle_<STM32Hardware, 25, 25, 512, 512>::getParam(char const*, float*, int, int)
 .text._ZN3ros11NodeHandle_I13STM32HardwareLi25ELi25ELi512ELi512EE15requestSyncTimeEv
                0x0000000008003958       0x3c Core/Src/maincpp.o
                0x0000000008003958                ros::NodeHandle_<STM32Hardware, 25, 25, 512, 512>::requestSyncTime()
 .text._ZN3ros11NodeHandle_I13STM32HardwareLi25ELi25ELi512ELi512EE8syncTimeEPh
                0x0000000008003994       0x98 Core/Src/maincpp.o
                0x0000000008003994                ros::NodeHandle_<STM32Hardware, 25, 25, 512, 512>::syncTime(unsigned char*)
 .text._ZN3ros11NodeHandle_I13STM32HardwareLi25ELi25ELi512ELi512EE3logEcPKc
                0x0000000008003a2c       0x38 Core/Src/maincpp.o
                0x0000000008003a2c                ros::NodeHandle_<STM32Hardware, 25, 25, 512, 512>::log(char, char const*)
 .text._ZN3ros11NodeHandle_I13STM32HardwareLi25ELi25ELi512ELi512EE7publishEiPKNS_3MsgE
                0x0000000008003a64      0x124 Core/Src/maincpp.o
                0x0000000008003a64                ros::NodeHandle_<STM32Hardware, 25, 25, 512, 512>::publish(int, ros::Msg const*)
 .text._ZN3ros11NodeHandle_I13STM32HardwareLi25ELi25ELi512ELi512EE12requestParamEPKci
                0x0000000008003b88       0x90 Core/Src/maincpp.o
                0x0000000008003b88                ros::NodeHandle_<STM32Hardware, 25, 25, 512, 512>::requestParam(char const*, int)
 .text._ZN3ros11NodeHandle_I13STM32HardwareLi25ELi25ELi512ELi512EE7logwarnEPKc
                0x0000000008003c18       0x1c Core/Src/maincpp.o
                0x0000000008003c18                ros::NodeHandle_<STM32Hardware, 25, 25, 512, 512>::logwarn(char const*)
 .text._ZN3ros11NodeHandle_I13STM32HardwareLi25ELi25ELi512ELi512EE6setNowERNS_4TimeE
                0x0000000008003c34       0x80 Core/Src/maincpp.o
                0x0000000008003c34                ros::NodeHandle_<STM32Hardware, 25, 25, 512, 512>::setNow(ros::Time&)
 .text._ZN3ros11NodeHandle_I13STM32HardwareLi25ELi25ELi512ELi512EE8logerrorEPKc
                0x0000000008003cb4       0x1c Core/Src/maincpp.o
                0x0000000008003cb4                ros::NodeHandle_<STM32Hardware, 25, 25, 512, 512>::logerror(char const*)
 .text._Z41__static_initialization_and_destruction_0ii
                0x0000000008003cd0       0x64 Core/Src/maincpp.o
 .text._ZN3ros10SubscriberIN13geometry_msgs5TwistEvE8callbackEPh
                0x0000000008003d34       0x2a Core/Src/maincpp.o
                0x0000000008003d34                ros::Subscriber<geometry_msgs::Twist, void>::callback(unsigned char*)
 .text._ZN3ros10SubscriberIN13geometry_msgs5TwistEvE15getEndpointTypeEv
                0x0000000008003d5e       0x16 Core/Src/maincpp.o
                0x0000000008003d5e                ros::Subscriber<geometry_msgs::Twist, void>::getEndpointType()
 .text._ZN3ros10SubscriberIN13geometry_msgs5TwistEvE10getMsgTypeEv
                0x0000000008003d74       0x1c Core/Src/maincpp.o
                0x0000000008003d74                ros::Subscriber<geometry_msgs::Twist, void>::getMsgType()
 .text._ZN3ros10SubscriberIN13geometry_msgs5TwistEvE9getMsgMD5Ev
                0x0000000008003d90       0x1c Core/Src/maincpp.o
                0x0000000008003d90                ros::Subscriber<geometry_msgs::Twist, void>::getMsgMD5()
 .text._GLOBAL__sub_I__huart
                0x0000000008003dac       0x10 Core/Src/maincpp.o
 .text.HAL_MspInit
                0x0000000008003dbc       0x70 Core/Src/stm32f1xx_hal_msp.o
                0x0000000008003dbc                HAL_MspInit
 .text.HAL_UART_MspInit
                0x0000000008003e2c      0x270 Core/Src/stm32f1xx_hal_msp.o
                0x0000000008003e2c                HAL_UART_MspInit
 .text.HAL_InitTick
                0x000000000800409c       0xac Core/Src/stm32f1xx_hal_timebase_tim.o
                0x000000000800409c                HAL_InitTick
 .text.NMI_Handler
                0x0000000008004148        0x6 Core/Src/stm32f1xx_it.o
                0x0000000008004148                NMI_Handler
 .text.HardFault_Handler
                0x000000000800414e        0x6 Core/Src/stm32f1xx_it.o
                0x000000000800414e                HardFault_Handler
 .text.MemManage_Handler
                0x0000000008004154        0x6 Core/Src/stm32f1xx_it.o
                0x0000000008004154                MemManage_Handler
 .text.BusFault_Handler
                0x000000000800415a        0x6 Core/Src/stm32f1xx_it.o
                0x000000000800415a                BusFault_Handler
 .text.UsageFault_Handler
                0x0000000008004160        0x6 Core/Src/stm32f1xx_it.o
                0x0000000008004160                UsageFault_Handler
 .text.DebugMon_Handler
                0x0000000008004166        0xc Core/Src/stm32f1xx_it.o
                0x0000000008004166                DebugMon_Handler
 *fill*         0x0000000008004172        0x2 
 .text.DMA1_Channel2_IRQHandler
                0x0000000008004174       0x14 Core/Src/stm32f1xx_it.o
                0x0000000008004174                DMA1_Channel2_IRQHandler
 .text.DMA1_Channel3_IRQHandler
                0x0000000008004188       0x14 Core/Src/stm32f1xx_it.o
                0x0000000008004188                DMA1_Channel3_IRQHandler
 .text.DMA1_Channel4_IRQHandler
                0x000000000800419c       0x14 Core/Src/stm32f1xx_it.o
                0x000000000800419c                DMA1_Channel4_IRQHandler
 .text.DMA1_Channel5_IRQHandler
                0x00000000080041b0       0x14 Core/Src/stm32f1xx_it.o
                0x00000000080041b0                DMA1_Channel5_IRQHandler
 .text.TIM1_UP_IRQHandler
                0x00000000080041c4       0x14 Core/Src/stm32f1xx_it.o
                0x00000000080041c4                TIM1_UP_IRQHandler
 .text.USART1_IRQHandler
                0x00000000080041d8       0x14 Core/Src/stm32f1xx_it.o
                0x00000000080041d8                USART1_IRQHandler
 .text.USART3_IRQHandler
                0x00000000080041ec       0x98 Core/Src/stm32f1xx_it.o
                0x00000000080041ec                USART3_IRQHandler
 .text._getpid  0x0000000008004284        0xe Core/Src/syscalls.o
                0x0000000008004284                _getpid
 .text._kill    0x0000000008004292       0x20 Core/Src/syscalls.o
                0x0000000008004292                _kill
 .text._exit    0x00000000080042b2       0x14 Core/Src/syscalls.o
                0x00000000080042b2                _exit
 *fill*         0x00000000080042c6        0x2 
 .text._sbrk    0x00000000080042c8       0x6c Core/Src/sysmem.o
                0x00000000080042c8                _sbrk
 .text.SystemInit
                0x0000000008004334        0xc Core/Src/system_stm32f1xx.o
                0x0000000008004334                SystemInit
 .text._ZN3ros16normalizeSecNSecERmS0_
                0x0000000008004340       0x58 Core/Src/time.o
                0x0000000008004340                ros::normalizeSecNSec(unsigned long&, unsigned long&)
 .text.xl430_int
                0x0000000008004398       0x44 Core/Src/xl430.o
                0x0000000008004398                xl430_int
 .text.xl430_writebuffer
                0x00000000080043dc       0x30 Core/Src/xl430.o
                0x00000000080043dc                xl430_writebuffer
 .text.xl430_readbuffer
                0x000000000800440c       0xcc Core/Src/xl430.o
                0x000000000800440c                xl430_readbuffer
 .text.update_crc
                0x00000000080044d8       0x9c Core/Src/xl430.o
                0x00000000080044d8                update_crc
 .text.xl430_ping
                0x0000000008004574       0x78 Core/Src/xl430.o
                0x0000000008004574                xl430_ping
 .text.xl430_writeToAddress
                0x00000000080045ec      0x128 Core/Src/xl430.o
                0x00000000080045ec                xl430_writeToAddress
 .text.xl430_Action
                0x0000000008004714       0x40 Core/Src/xl430.o
                0x0000000008004714                xl430_Action
 .text.xl430_setRxData
                0x0000000008004754       0x38 Core/Src/xl430.o
                0x0000000008004754                xl430_setRxData
 .text.Reset_Handler
                0x000000000800478c       0x48 Core/Startup/startup_stm32f103c8tx.o
                0x000000000800478c                Reset_Handler
 .text.Default_Handler
                0x00000000080047d4        0x2 Core/Startup/startup_stm32f103c8tx.o
                0x00000000080047d4                RTC_Alarm_IRQHandler
                0x00000000080047d4                EXTI2_IRQHandler
                0x00000000080047d4                TIM1_CC_IRQHandler
                0x00000000080047d4                PVD_IRQHandler
                0x00000000080047d4                EXTI3_IRQHandler
                0x00000000080047d4                EXTI0_IRQHandler
                0x00000000080047d4                I2C2_EV_IRQHandler
                0x00000000080047d4                ADC1_2_IRQHandler
                0x00000000080047d4                SPI1_IRQHandler
                0x00000000080047d4                TAMPER_IRQHandler
                0x00000000080047d4                RTC_IRQHandler
                0x00000000080047d4                DMA1_Channel7_IRQHandler
                0x00000000080047d4                CAN1_RX1_IRQHandler
                0x00000000080047d4                TIM4_IRQHandler
                0x00000000080047d4                I2C1_EV_IRQHandler
                0x00000000080047d4                DMA1_Channel6_IRQHandler
                0x00000000080047d4                TIM3_IRQHandler
                0x00000000080047d4                RCC_IRQHandler
                0x00000000080047d4                TIM1_TRG_COM_IRQHandler
                0x00000000080047d4                DMA1_Channel1_IRQHandler
                0x00000000080047d4                Default_Handler
                0x00000000080047d4                EXTI15_10_IRQHandler
                0x00000000080047d4                EXTI9_5_IRQHandler
                0x00000000080047d4                SPI2_IRQHandler
                0x00000000080047d4                EXTI4_IRQHandler
                0x00000000080047d4                USB_LP_CAN1_RX0_IRQHandler
                0x00000000080047d4                USB_HP_CAN1_TX_IRQHandler
                0x00000000080047d4                WWDG_IRQHandler
                0x00000000080047d4                TIM2_IRQHandler
                0x00000000080047d4                TIM1_BRK_IRQHandler
                0x00000000080047d4                EXTI1_IRQHandler
                0x00000000080047d4                USART2_IRQHandler
                0x00000000080047d4                I2C2_ER_IRQHandler
                0x00000000080047d4                CAN1_SCE_IRQHandler
                0x00000000080047d4                FLASH_IRQHandler
                0x00000000080047d4                I2C1_ER_IRQHandler
                0x00000000080047d4                USBWakeUp_IRQHandler
 *fill*         0x00000000080047d6        0x2 
 .text.HAL_Init
                0x00000000080047d8       0x2c Drivers/STM32F1xx_HAL_Driver/Src/stm32f1xx_hal.o
                0x00000000080047d8                HAL_Init
 .text.HAL_IncTick
                0x0000000008004804       0x24 Drivers/STM32F1xx_HAL_Driver/Src/stm32f1xx_hal.o
                0x0000000008004804                HAL_IncTick
 .text.HAL_GetTick
                0x0000000008004828       0x14 Drivers/STM32F1xx_HAL_Driver/Src/stm32f1xx_hal.o
                0x0000000008004828                HAL_GetTick
 .text.HAL_Delay
                0x000000000800483c       0x44 Drivers/STM32F1xx_HAL_Driver/Src/stm32f1xx_hal.o
                0x000000000800483c                HAL_Delay
 .text.__NVIC_SetPriorityGrouping
                0x0000000008004880       0x48 Drivers/STM32F1xx_HAL_Driver/Src/stm32f1xx_hal_cortex.o
 .text.__NVIC_GetPriorityGrouping
                0x00000000080048c8       0x1c Drivers/STM32F1xx_HAL_Driver/Src/stm32f1xx_hal_cortex.o
 .text.__NVIC_EnableIRQ
                0x00000000080048e4       0x38 Drivers/STM32F1xx_HAL_Driver/Src/stm32f1xx_hal_cortex.o
 .text.__NVIC_SetPriority
                0x000000000800491c       0x54 Drivers/STM32F1xx_HAL_Driver/Src/stm32f1xx_hal_cortex.o
 .text.NVIC_EncodePriority
                0x0000000008004970       0x64 Drivers/STM32F1xx_HAL_Driver/Src/stm32f1xx_hal_cortex.o
 .text.HAL_NVIC_SetPriorityGrouping
                0x00000000080049d4       0x16 Drivers/STM32F1xx_HAL_Driver/Src/stm32f1xx_hal_cortex.o
                0x00000000080049d4                HAL_NVIC_SetPriorityGrouping
 .text.HAL_NVIC_SetPriority
                0x00000000080049ea       0x38 Drivers/STM32F1xx_HAL_Driver/Src/stm32f1xx_hal_cortex.o
                0x00000000080049ea                HAL_NVIC_SetPriority
 .text.HAL_NVIC_EnableIRQ
                0x0000000008004a22       0x1c Drivers/STM32F1xx_HAL_Driver/Src/stm32f1xx_hal_cortex.o
                0x0000000008004a22                HAL_NVIC_EnableIRQ
 *fill*         0x0000000008004a3e        0x2 
 .text.HAL_DMA_Init
                0x0000000008004a40       0xb4 Drivers/STM32F1xx_HAL_Driver/Src/stm32f1xx_hal_dma.o
                0x0000000008004a40                HAL_DMA_Init
 .text.HAL_DMA_Start_IT
                0x0000000008004af4       0xbe Drivers/STM32F1xx_HAL_Driver/Src/stm32f1xx_hal_dma.o
                0x0000000008004af4                HAL_DMA_Start_IT
 .text.HAL_DMA_Abort
                0x0000000008004bb2       0x74 Drivers/STM32F1xx_HAL_Driver/Src/stm32f1xx_hal_dma.o
                0x0000000008004bb2                HAL_DMA_Abort
 *fill*         0x0000000008004c26        0x2 
 .text.HAL_DMA_Abort_IT
                0x0000000008004c28       0xec Drivers/STM32F1xx_HAL_Driver/Src/stm32f1xx_hal_dma.o
                0x0000000008004c28                HAL_DMA_Abort_IT
 .text.HAL_DMA_IRQHandler
                0x0000000008004d14      0x20c Drivers/STM32F1xx_HAL_Driver/Src/stm32f1xx_hal_dma.o
                0x0000000008004d14                HAL_DMA_IRQHandler
 .text.DMA_SetConfig
                0x0000000008004f20       0x5a Drivers/STM32F1xx_HAL_Driver/Src/stm32f1xx_hal_dma.o
 *fill*         0x0000000008004f7a        0x2 
 .text.HAL_GPIO_Init
                0x0000000008004f7c      0x2b4 Drivers/STM32F1xx_HAL_Driver/Src/stm32f1xx_hal_gpio.o
                0x0000000008004f7c                HAL_GPIO_Init
 .text.HAL_GPIO_WritePin
                0x0000000008005230       0x30 Drivers/STM32F1xx_HAL_Driver/Src/stm32f1xx_hal_gpio.o
                0x0000000008005230                HAL_GPIO_WritePin
 .text.HAL_GPIO_TogglePin
                0x0000000008005260       0x32 Drivers/STM32F1xx_HAL_Driver/Src/stm32f1xx_hal_gpio.o
                0x0000000008005260                HAL_GPIO_TogglePin
 *fill*         0x0000000008005292        0x2 
 .text.HAL_RCC_OscConfig
                0x0000000008005294      0x500 Drivers/STM32F1xx_HAL_Driver/Src/stm32f1xx_hal_rcc.o
                0x0000000008005294                HAL_RCC_OscConfig
 .text.HAL_RCC_ClockConfig
                0x0000000008005794      0x1d4 Drivers/STM32F1xx_HAL_Driver/Src/stm32f1xx_hal_rcc.o
                0x0000000008005794                HAL_RCC_ClockConfig
 .text.HAL_RCC_GetSysClockFreq
                0x0000000008005968       0xc4 Drivers/STM32F1xx_HAL_Driver/Src/stm32f1xx_hal_rcc.o
                0x0000000008005968                HAL_RCC_GetSysClockFreq
 .text.HAL_RCC_GetHCLKFreq
                0x0000000008005a2c       0x14 Drivers/STM32F1xx_HAL_Driver/Src/stm32f1xx_hal_rcc.o
                0x0000000008005a2c                HAL_RCC_GetHCLKFreq
 .text.HAL_RCC_GetPCLK1Freq
                0x0000000008005a40       0x28 Drivers/STM32F1xx_HAL_Driver/Src/stm32f1xx_hal_rcc.o
                0x0000000008005a40                HAL_RCC_GetPCLK1Freq
 .text.HAL_RCC_GetPCLK2Freq
                0x0000000008005a68       0x28 Drivers/STM32F1xx_HAL_Driver/Src/stm32f1xx_hal_rcc.o
                0x0000000008005a68                HAL_RCC_GetPCLK2Freq
 .text.HAL_RCC_GetClockConfig
                0x0000000008005a90       0x60 Drivers/STM32F1xx_HAL_Driver/Src/stm32f1xx_hal_rcc.o
                0x0000000008005a90                HAL_RCC_GetClockConfig
 .text.RCC_Delay
                0x0000000008005af0       0x3c Drivers/STM32F1xx_HAL_Driver/Src/stm32f1xx_hal_rcc.o
 .text.HAL_TIM_Base_Init
                0x0000000008005b2c       0x9e Drivers/STM32F1xx_HAL_Driver/Src/stm32f1xx_hal_tim.o
                0x0000000008005b2c                HAL_TIM_Base_Init
 .text.HAL_TIM_Base_MspInit
                0x0000000008005bca       0x12 Drivers/STM32F1xx_HAL_Driver/Src/stm32f1xx_hal_tim.o
                0x0000000008005bca                HAL_TIM_Base_MspInit
 .text.HAL_TIM_Base_Start_IT
                0x0000000008005bdc       0xa4 Drivers/STM32F1xx_HAL_Driver/Src/stm32f1xx_hal_tim.o
                0x0000000008005bdc                HAL_TIM_Base_Start_IT
 .text.HAL_TIM_IRQHandler
                0x0000000008005c80      0x210 Drivers/STM32F1xx_HAL_Driver/Src/stm32f1xx_hal_tim.o
                0x0000000008005c80                HAL_TIM_IRQHandler
 .text.HAL_TIM_OC_DelayElapsedCallback
                0x0000000008005e90       0x12 Drivers/STM32F1xx_HAL_Driver/Src/stm32f1xx_hal_tim.o
                0x0000000008005e90                HAL_TIM_OC_DelayElapsedCallback
 .text.HAL_TIM_IC_CaptureCallback
                0x0000000008005ea2       0x12 Drivers/STM32F1xx_HAL_Driver/Src/stm32f1xx_hal_tim.o
                0x0000000008005ea2                HAL_TIM_IC_CaptureCallback
 .text.HAL_TIM_PWM_PulseFinishedCallback
                0x0000000008005eb4       0x12 Drivers/STM32F1xx_HAL_Driver/Src/stm32f1xx_hal_tim.o
                0x0000000008005eb4                HAL_TIM_PWM_PulseFinishedCallback
 .text.HAL_TIM_TriggerCallback
                0x0000000008005ec6       0x12 Drivers/STM32F1xx_HAL_Driver/Src/stm32f1xx_hal_tim.o
                0x0000000008005ec6                HAL_TIM_TriggerCallback
 .text.TIM_Base_SetConfig
                0x0000000008005ed8       0xc4 Drivers/STM32F1xx_HAL_Driver/Src/stm32f1xx_hal_tim.o
                0x0000000008005ed8                TIM_Base_SetConfig
 .text.HAL_TIMEx_CommutCallback
                0x0000000008005f9c       0x12 Drivers/STM32F1xx_HAL_Driver/Src/stm32f1xx_hal_tim_ex.o
                0x0000000008005f9c                HAL_TIMEx_CommutCallback
 .text.HAL_TIMEx_BreakCallback
                0x0000000008005fae       0x12 Drivers/STM32F1xx_HAL_Driver/Src/stm32f1xx_hal_tim_ex.o
                0x0000000008005fae                HAL_TIMEx_BreakCallback
 .text.HAL_UART_Init
                0x0000000008005fc0       0x9a Drivers/STM32F1xx_HAL_Driver/Src/stm32f1xx_hal_uart.o
                0x0000000008005fc0                HAL_UART_Init
 .text.HAL_HalfDuplex_Init
                0x000000000800605a       0xaa Drivers/STM32F1xx_HAL_Driver/Src/stm32f1xx_hal_uart.o
                0x000000000800605a                HAL_HalfDuplex_Init
 .text.HAL_UART_Transmit
                0x0000000008006104      0x124 Drivers/STM32F1xx_HAL_Driver/Src/stm32f1xx_hal_uart.o
                0x0000000008006104                HAL_UART_Transmit
 .text.HAL_UART_Transmit_DMA
                0x0000000008006228       0xd8 Drivers/STM32F1xx_HAL_Driver/Src/stm32f1xx_hal_uart.o
                0x0000000008006228                HAL_UART_Transmit_DMA
 .text.HAL_UART_Receive_DMA
                0x0000000008006300      0x100 Drivers/STM32F1xx_HAL_Driver/Src/stm32f1xx_hal_uart.o
                0x0000000008006300                HAL_UART_Receive_DMA
 .text.HAL_UART_DMAStop
                0x0000000008006400       0xb6 Drivers/STM32F1xx_HAL_Driver/Src/stm32f1xx_hal_uart.o
                0x0000000008006400                HAL_UART_DMAStop
 *fill*         0x00000000080064b6        0x2 
 .text.HAL_UART_IRQHandler
                0x00000000080064b8      0x200 Drivers/STM32F1xx_HAL_Driver/Src/stm32f1xx_hal_uart.o
                0x00000000080064b8                HAL_UART_IRQHandler
 .text.HAL_UART_TxHalfCpltCallback
                0x00000000080066b8       0x12 Drivers/STM32F1xx_HAL_Driver/Src/stm32f1xx_hal_uart.o
                0x00000000080066b8                HAL_UART_TxHalfCpltCallback
 .text.HAL_UART_RxHalfCpltCallback
                0x00000000080066ca       0x12 Drivers/STM32F1xx_HAL_Driver/Src/stm32f1xx_hal_uart.o
                0x00000000080066ca                HAL_UART_RxHalfCpltCallback
 .text.HAL_UART_ErrorCallback
                0x00000000080066dc       0x12 Drivers/STM32F1xx_HAL_Driver/Src/stm32f1xx_hal_uart.o
                0x00000000080066dc                HAL_UART_ErrorCallback
 .text.HAL_HalfDuplex_EnableTransmitter
                0x00000000080066ee       0x66 Drivers/STM32F1xx_HAL_Driver/Src/stm32f1xx_hal_uart.o
                0x00000000080066ee                HAL_HalfDuplex_EnableTransmitter
 .text.HAL_HalfDuplex_EnableReceiver
                0x0000000008006754       0x66 Drivers/STM32F1xx_HAL_Driver/Src/stm32f1xx_hal_uart.o
                0x0000000008006754                HAL_HalfDuplex_EnableReceiver
 .text.UART_DMATransmitCplt
                0x00000000080067ba       0x52 Drivers/STM32F1xx_HAL_Driver/Src/stm32f1xx_hal_uart.o
 .text.UART_DMATxHalfCplt
                0x000000000800680c       0x1c Drivers/STM32F1xx_HAL_Driver/Src/stm32f1xx_hal_uart.o
 .text.UART_DMAReceiveCplt
                0x0000000008006828       0x68 Drivers/STM32F1xx_HAL_Driver/Src/stm32f1xx_hal_uart.o
 .text.UART_DMARxHalfCplt
                0x0000000008006890       0x1c Drivers/STM32F1xx_HAL_Driver/Src/stm32f1xx_hal_uart.o
 .text.UART_DMAError
                0x00000000080068ac       0x94 Drivers/STM32F1xx_HAL_Driver/Src/stm32f1xx_hal_uart.o
 .text.UART_WaitOnFlagUntilTimeout
                0x0000000008006940       0x94 Drivers/STM32F1xx_HAL_Driver/Src/stm32f1xx_hal_uart.o
 .text.UART_EndTxTransfer
                0x00000000080069d4       0x2a Drivers/STM32F1xx_HAL_Driver/Src/stm32f1xx_hal_uart.o
 .text.UART_EndRxTransfer
                0x00000000080069fe       0x3a Drivers/STM32F1xx_HAL_Driver/Src/stm32f1xx_hal_uart.o
 .text.UART_DMAAbortOnError
                0x0000000008006a38       0x28 Drivers/STM32F1xx_HAL_Driver/Src/stm32f1xx_hal_uart.o
 .text.UART_Transmit_IT
                0x0000000008006a60       0x9e Drivers/STM32F1xx_HAL_Driver/Src/stm32f1xx_hal_uart.o
 .text.UART_EndTransmit_IT
                0x0000000008006afe       0x30 Drivers/STM32F1xx_HAL_Driver/Src/stm32f1xx_hal_uart.o
 .text.UART_Receive_IT
                0x0000000008006b2e      0x100 Drivers/STM32F1xx_HAL_Driver/Src/stm32f1xx_hal_uart.o
 *fill*         0x0000000008006c2e        0x2 
 .text.UART_SetConfig
                0x0000000008006c30      0x11c Drivers/STM32F1xx_HAL_Driver/Src/stm32f1xx_hal_uart.o
 .text.osKernelInitialize
                0x0000000008006d4c       0x64 Middlewares/Third_Party/FreeRTOS/Source/CMSIS_RTOS_V2/cmsis_os2.o
                0x0000000008006d4c                osKernelInitialize
 .text.osKernelStart
                0x0000000008006db0       0x68 Middlewares/Third_Party/FreeRTOS/Source/CMSIS_RTOS_V2/cmsis_os2.o
                0x0000000008006db0                osKernelStart
 .text.osThreadNew
                0x0000000008006e18      0x154 Middlewares/Third_Party/FreeRTOS/Source/CMSIS_RTOS_V2/cmsis_os2.o
                0x0000000008006e18                osThreadNew
 .text.osDelay  0x0000000008006f6c       0x5c Middlewares/Third_Party/FreeRTOS/Source/CMSIS_RTOS_V2/cmsis_os2.o
                0x0000000008006f6c                osDelay
 .text.vApplicationGetIdleTaskMemory
                0x0000000008006fc8       0x30 Middlewares/Third_Party/FreeRTOS/Source/CMSIS_RTOS_V2/cmsis_os2.o
                0x0000000008006fc8                vApplicationGetIdleTaskMemory
 .text.vApplicationGetTimerTaskMemory
                0x0000000008006ff8       0x34 Middlewares/Third_Party/FreeRTOS/Source/CMSIS_RTOS_V2/cmsis_os2.o
                0x0000000008006ff8                vApplicationGetTimerTaskMemory
 .text.vListInitialise
                0x000000000800702c       0x3e Middlewares/Third_Party/FreeRTOS/Source/list.o
                0x000000000800702c                vListInitialise
 .text.vListInitialiseItem
                0x000000000800706a       0x18 Middlewares/Third_Party/FreeRTOS/Source/list.o
                0x000000000800706a                vListInitialiseItem
 .text.vListInsertEnd
                0x0000000008007082       0x46 Middlewares/Third_Party/FreeRTOS/Source/list.o
                0x0000000008007082                vListInsertEnd
 .text.vListInsert
                0x00000000080070c8       0x70 Middlewares/Third_Party/FreeRTOS/Source/list.o
                0x00000000080070c8                vListInsert
 .text.uxListRemove
                0x0000000008007138       0x52 Middlewares/Third_Party/FreeRTOS/Source/list.o
                0x0000000008007138                uxListRemove
 *fill*         0x000000000800718a        0x2 
 .text.xQueueGenericReset
                0x000000000800718c       0xd0 Middlewares/Third_Party/FreeRTOS/Source/queue.o
                0x000000000800718c                xQueueGenericReset
 .text.xQueueGenericCreateStatic
                0x000000000800725c       0xe4 Middlewares/Third_Party/FreeRTOS/Source/queue.o
                0x000000000800725c                xQueueGenericCreateStatic
 .text.prvInitialiseNewQueue
                0x0000000008007340       0x46 Middlewares/Third_Party/FreeRTOS/Source/queue.o
 *fill*         0x0000000008007386        0x2 
 .text.xQueueGenericSend
                0x0000000008007388      0x1f4 Middlewares/Third_Party/FreeRTOS/Source/queue.o
                0x0000000008007388                xQueueGenericSend
 .text.xQueueGenericSendFromISR
                0x000000000800757c      0x128 Middlewares/Third_Party/FreeRTOS/Source/queue.o
                0x000000000800757c                xQueueGenericSendFromISR
 .text.xQueueReceive
                0x00000000080076a4      0x1b8 Middlewares/Third_Party/FreeRTOS/Source/queue.o
                0x00000000080076a4                xQueueReceive
 .text.prvCopyDataToQueue
                0x000000000800785c       0xd4 Middlewares/Third_Party/FreeRTOS/Source/queue.o
 .text.prvCopyDataFromQueue
                0x0000000008007930       0x4c Middlewares/Third_Party/FreeRTOS/Source/queue.o
 .text.prvUnlockQueue
                0x000000000800797c       0xa4 Middlewares/Third_Party/FreeRTOS/Source/queue.o
 .text.prvIsQueueEmpty
                0x0000000008007a20       0x2c Middlewares/Third_Party/FreeRTOS/Source/queue.o
 .text.prvIsQueueFull
                0x0000000008007a4c       0x30 Middlewares/Third_Party/FreeRTOS/Source/queue.o
 .text.vQueueAddToRegistry
                0x0000000008007a7c       0x50 Middlewares/Third_Party/FreeRTOS/Source/queue.o
                0x0000000008007a7c                vQueueAddToRegistry
 .text.vQueueWaitForMessageRestricted
                0x0000000008007acc       0x68 Middlewares/Third_Party/FreeRTOS/Source/queue.o
                0x0000000008007acc                vQueueWaitForMessageRestricted
 .text.xTaskCreateStatic
                0x0000000008007b34       0xb2 Middlewares/Third_Party/FreeRTOS/Source/tasks.o
                0x0000000008007b34                xTaskCreateStatic
 .text.xTaskCreate
                0x0000000008007be6       0x8a Middlewares/Third_Party/FreeRTOS/Source/tasks.o
                0x0000000008007be6                xTaskCreate
 .text.prvInitialiseNewTask
                0x0000000008007c70      0x10c Middlewares/Third_Party/FreeRTOS/Source/tasks.o
 .text.prvAddNewTaskToReadyList
                0x0000000008007d7c       0xe0 Middlewares/Third_Party/FreeRTOS/Source/tasks.o
 .text.vTaskDelay
                0x0000000008007e5c       0x68 Middlewares/Third_Party/FreeRTOS/Source/tasks.o
                0x0000000008007e5c                vTaskDelay
 .text.vTaskStartScheduler
                0x0000000008007ec4       0xc8 Middlewares/Third_Party/FreeRTOS/Source/tasks.o
                0x0000000008007ec4                vTaskStartScheduler
 .text.vTaskSuspendAll
                0x0000000008007f8c       0x1c Middlewares/Third_Party/FreeRTOS/Source/tasks.o
                0x0000000008007f8c                vTaskSuspendAll
 .text.xTaskResumeAll
                0x0000000008007fa8      0x138 Middlewares/Third_Party/FreeRTOS/Source/tasks.o
                0x0000000008007fa8                xTaskResumeAll
 .text.xTaskGetTickCount
                0x00000000080080e0       0x1c Middlewares/Third_Party/FreeRTOS/Source/tasks.o
                0x00000000080080e0                xTaskGetTickCount
 .text.xTaskIncrementTick
                0x00000000080080fc      0x17c Middlewares/Third_Party/FreeRTOS/Source/tasks.o
                0x00000000080080fc                xTaskIncrementTick
 .text.vTaskSwitchContext
                0x0000000008008278       0xb8 Middlewares/Third_Party/FreeRTOS/Source/tasks.o
                0x0000000008008278                vTaskSwitchContext
 .text.vTaskPlaceOnEventList
                0x0000000008008330       0x48 Middlewares/Third_Party/FreeRTOS/Source/tasks.o
                0x0000000008008330                vTaskPlaceOnEventList
 .text.vTaskPlaceOnEventListRestricted
                0x0000000008008378       0x54 Middlewares/Third_Party/FreeRTOS/Source/tasks.o
                0x0000000008008378                vTaskPlaceOnEventListRestricted
 .text.xTaskRemoveFromEventList
                0x00000000080083cc       0xc4 Middlewares/Third_Party/FreeRTOS/Source/tasks.o
                0x00000000080083cc                xTaskRemoveFromEventList
 .text.vTaskInternalSetTimeOutState
                0x0000000008008490       0x2c Middlewares/Third_Party/FreeRTOS/Source/tasks.o
                0x0000000008008490                vTaskInternalSetTimeOutState
 .text.xTaskCheckForTimeOut
                0x00000000080084bc       0xc0 Middlewares/Third_Party/FreeRTOS/Source/tasks.o
                0x00000000080084bc                xTaskCheckForTimeOut
 .text.vTaskMissedYield
                0x000000000800857c       0x18 Middlewares/Third_Party/FreeRTOS/Source/tasks.o
                0x000000000800857c                vTaskMissedYield
 .text.prvIdleTask
                0x0000000008008594       0x30 Middlewares/Third_Party/FreeRTOS/Source/tasks.o
 .text.prvInitialiseTaskLists
                0x00000000080085c4       0x80 Middlewares/Third_Party/FreeRTOS/Source/tasks.o
 .text.prvCheckTasksWaitingTermination
                0x0000000008008644       0x58 Middlewares/Third_Party/FreeRTOS/Source/tasks.o
 .text.prvDeleteTCB
                0x000000000800869c       0x5c Middlewares/Third_Party/FreeRTOS/Source/tasks.o
 .text.prvResetNextTaskUnblockTime
                0x00000000080086f8       0x48 Middlewares/Third_Party/FreeRTOS/Source/tasks.o
 .text.xTaskGetSchedulerState
                0x0000000008008740       0x3c Middlewares/Third_Party/FreeRTOS/Source/tasks.o
                0x0000000008008740                xTaskGetSchedulerState
 .text.xTaskPriorityDisinherit
                0x000000000800877c       0xd8 Middlewares/Third_Party/FreeRTOS/Source/tasks.o
                0x000000000800877c                xTaskPriorityDisinherit
 .text.prvAddCurrentTaskToDelayedList
                0x0000000008008854       0xa8 Middlewares/Third_Party/FreeRTOS/Source/tasks.o
 .text.xTimerCreateTimerTask
                0x00000000080088fc       0x90 Middlewares/Third_Party/FreeRTOS/Source/timers.o
                0x00000000080088fc                xTimerCreateTimerTask
 .text.xTimerGenericCommand
                0x000000000800898c       0x98 Middlewares/Third_Party/FreeRTOS/Source/timers.o
                0x000000000800898c                xTimerGenericCommand
 .text.prvProcessExpiredTimer
                0x0000000008008a24       0x80 Middlewares/Third_Party/FreeRTOS/Source/timers.o
 .text.prvTimerTask
                0x0000000008008aa4       0x24 Middlewares/Third_Party/FreeRTOS/Source/timers.o
 .text.prvProcessTimerOrBlockTask
                0x0000000008008ac8       0x9c Middlewares/Third_Party/FreeRTOS/Source/timers.o
 .text.prvGetNextExpireTime
                0x0000000008008b64       0x48 Middlewares/Third_Party/FreeRTOS/Source/timers.o
 .text.prvSampleTimeNow
                0x0000000008008bac       0x40 Middlewares/Third_Party/FreeRTOS/Source/timers.o
 .text.prvInsertTimerInActiveList
                0x0000000008008bec       0x84 Middlewares/Third_Party/FreeRTOS/Source/timers.o
 .text.prvProcessReceivedCommands
                0x0000000008008c70      0x160 Middlewares/Third_Party/FreeRTOS/Source/timers.o
 .text.prvSwitchTimerLists
                0x0000000008008dd0       0xc0 Middlewares/Third_Party/FreeRTOS/Source/timers.o
 .text.prvCheckForValidListAndQueue
                0x0000000008008e90       0x80 Middlewares/Third_Party/FreeRTOS/Source/timers.o
 .text.pxPortInitialiseStack
                0x0000000008008f10       0x58 Middlewares/Third_Party/FreeRTOS/Source/portable/GCC/ARM_CM3/port.o
                0x0000000008008f10                pxPortInitialiseStack
 .text.prvTaskExitError
                0x0000000008008f68       0x50 Middlewares/Third_Party/FreeRTOS/Source/portable/GCC/ARM_CM3/port.o
 *fill*         0x0000000008008fb8        0x8 
 .text.SVC_Handler
                0x0000000008008fc0       0x28 Middlewares/Third_Party/FreeRTOS/Source/portable/GCC/ARM_CM3/port.o
                0x0000000008008fc0                SVC_Handler
 .text.prvPortStartFirstTask
                0x0000000008008fe8       0x20 Middlewares/Third_Party/FreeRTOS/Source/portable/GCC/ARM_CM3/port.o
 .text.xPortStartScheduler
                0x0000000008009008       0xe0 Middlewares/Third_Party/FreeRTOS/Source/portable/GCC/ARM_CM3/port.o
                0x0000000008009008                xPortStartScheduler
 .text.vPortEnterCritical
                0x00000000080090e8       0x5c Middlewares/Third_Party/FreeRTOS/Source/portable/GCC/ARM_CM3/port.o
                0x00000000080090e8                vPortEnterCritical
 .text.vPortExitCritical
                0x0000000008009144       0x4c Middlewares/Third_Party/FreeRTOS/Source/portable/GCC/ARM_CM3/port.o
                0x0000000008009144                vPortExitCritical
 .text.PendSV_Handler
                0x0000000008009190       0x48 Middlewares/Third_Party/FreeRTOS/Source/portable/GCC/ARM_CM3/port.o
                0x0000000008009190                PendSV_Handler
 .text.SysTick_Handler
                0x00000000080091d8       0x40 Middlewares/Third_Party/FreeRTOS/Source/portable/GCC/ARM_CM3/port.o
                0x00000000080091d8                SysTick_Handler
 .text.vPortSetupTimerInterrupt
                0x0000000008009218       0x44 Middlewares/Third_Party/FreeRTOS/Source/portable/GCC/ARM_CM3/port.o
                0x0000000008009218                vPortSetupTimerInterrupt
 .text.vPortValidateInterruptPriority
                0x000000000800925c       0x78 Middlewares/Third_Party/FreeRTOS/Source/portable/GCC/ARM_CM3/port.o
                0x000000000800925c                vPortValidateInterruptPriority
 .text.pvPortMalloc
                0x00000000080092d4      0x184 Middlewares/Third_Party/FreeRTOS/Source/portable/MemMang/heap_4.o
                0x00000000080092d4                pvPortMalloc
 .text.vPortFree
                0x0000000008009458       0xb0 Middlewares/Third_Party/FreeRTOS/Source/portable/MemMang/heap_4.o
                0x0000000008009458                vPortFree
 .text.prvHeapInit
                0x0000000008009508       0xc4 Middlewares/Third_Party/FreeRTOS/Source/portable/MemMang/heap_4.o
 .text.prvInsertBlockIntoFreeList
                0x00000000080095cc       0xb0 Middlewares/Third_Party/FreeRTOS/Source/portable/MemMang/heap_4.o
 .text.__cxa_pure_virtual
                0x000000000800967c        0x6 c:/st/stm32cubeide_1.3.0/stm32cubeide/plugins/com.st.stm32cube.ide.mcu.externaltools.gnu-tools-for-stm32.7-2018-q2-update.win32_1.5.0.202011040924/tools/bin/../lib/gcc/arm-none-eabi/7.3.1/../../../../arm-none-eabi/lib/thumb/v7-m\libstdc++_nano.a(pure.o)
                0x000000000800967c                __cxa_pure_virtual
 .text._ZN10__cxxabiv111__terminateEPFvvE
                0x0000000008009682        0x8 c:/st/stm32cubeide_1.3.0/stm32cubeide/plugins/com.st.stm32cube.ide.mcu.externaltools.gnu-tools-for-stm32.7-2018-q2-update.win32_1.5.0.202011040924/tools/bin/../lib/gcc/arm-none-eabi/7.3.1/../../../../arm-none-eabi/lib/thumb/v7-m\libstdc++_nano.a(eh_terminate.o)
                0x0000000008009682                __cxxabiv1::__terminate(void (*)())
 *fill*         0x000000000800968a        0x2 
 .text._ZSt13get_terminatev
                0x000000000800968c       0x10 c:/st/stm32cubeide_1.3.0/stm32cubeide/plugins/com.st.stm32cube.ide.mcu.externaltools.gnu-tools-for-stm32.7-2018-q2-update.win32_1.5.0.202011040924/tools/bin/../lib/gcc/arm-none-eabi/7.3.1/../../../../arm-none-eabi/lib/thumb/v7-m\libstdc++_nano.a(eh_terminate.o)
                0x000000000800968c                std::get_terminate()
 .text._ZSt9terminatev
                0x000000000800969c        0xa c:/st/stm32cubeide_1.3.0/stm32cubeide/plugins/com.st.stm32cube.ide.mcu.externaltools.gnu-tools-for-stm32.7-2018-q2-update.win32_1.5.0.202011040924/tools/bin/../lib/gcc/arm-none-eabi/7.3.1/../../../../arm-none-eabi/lib/thumb/v7-m\libstdc++_nano.a(eh_terminate.o)
                0x000000000800969c                std::terminate()
 .text.abort    0x00000000080096a6        0xe c:/st/stm32cubeide_1.3.0/stm32cubeide/plugins/com.st.stm32cube.ide.mcu.externaltools.gnu-tools-for-stm32.7-2018-q2-update.win32_1.5.0.202011040924/tools/bin/../lib/gcc/arm-none-eabi/7.3.1/../../../../arm-none-eabi/lib/thumb/v7-m\libc_nano.a(lib_a-abort.o)
                0x00000000080096a6                abort
 .text.__errno  0x00000000080096b4        0xc c:/st/stm32cubeide_1.3.0/stm32cubeide/plugins/com.st.stm32cube.ide.mcu.externaltools.gnu-tools-for-stm32.7-2018-q2-update.win32_1.5.0.202011040924/tools/bin/../lib/gcc/arm-none-eabi/7.3.1/../../../../arm-none-eabi/lib/thumb/v7-m\libc_nano.a(lib_a-errno.o)
                0x00000000080096b4                __errno
 .text.__libc_init_array
                0x00000000080096c0       0x48 c:/st/stm32cubeide_1.3.0/stm32cubeide/plugins/com.st.stm32cube.ide.mcu.externaltools.gnu-tools-for-stm32.7-2018-q2-update.win32_1.5.0.202011040924/tools/bin/../lib/gcc/arm-none-eabi/7.3.1/../../../../arm-none-eabi/lib/thumb/v7-m\libc_nano.a(lib_a-init.o)
                0x00000000080096c0                __libc_init_array
 .text.memcpy   0x0000000008009708       0x16 c:/st/stm32cubeide_1.3.0/stm32cubeide/plugins/com.st.stm32cube.ide.mcu.externaltools.gnu-tools-for-stm32.7-2018-q2-update.win32_1.5.0.202011040924/tools/bin/../lib/gcc/arm-none-eabi/7.3.1/../../../../arm-none-eabi/lib/thumb/v7-m\libc_nano.a(lib_a-memcpy-stub.o)
                0x0000000008009708                memcpy
 .text.memset   0x000000000800971e       0x10 c:/st/stm32cubeide_1.3.0/stm32cubeide/plugins/com.st.stm32cube.ide.mcu.externaltools.gnu-tools-for-stm32.7-2018-q2-update.win32_1.5.0.202011040924/tools/bin/../lib/gcc/arm-none-eabi/7.3.1/../../../../arm-none-eabi/lib/thumb/v7-m\libc_nano.a(lib_a-memset.o)
                0x000000000800971e                memset
 *fill*         0x000000000800972e        0x2 
 .text.realloc  0x0000000008009730       0x10 c:/st/stm32cubeide_1.3.0/stm32cubeide/plugins/com.st.stm32cube.ide.mcu.externaltools.gnu-tools-for-stm32.7-2018-q2-update.win32_1.5.0.202011040924/tools/bin/../lib/gcc/arm-none-eabi/7.3.1/../../../../arm-none-eabi/lib/thumb/v7-m\libc_nano.a(lib_a-realloc.o)
                0x0000000008009730                realloc
 .text._raise_r
                0x0000000008009740       0x50 c:/st/stm32cubeide_1.3.0/stm32cubeide/plugins/com.st.stm32cube.ide.mcu.externaltools.gnu-tools-for-stm32.7-2018-q2-update.win32_1.5.0.202011040924/tools/bin/../lib/gcc/arm-none-eabi/7.3.1/../../../../arm-none-eabi/lib/thumb/v7-m\libc_nano.a(lib_a-signal.o)
                0x0000000008009740                _raise_r
 .text.raise    0x0000000008009790       0x10 c:/st/stm32cubeide_1.3.0/stm32cubeide/plugins/com.st.stm32cube.ide.mcu.externaltools.gnu-tools-for-stm32.7-2018-q2-update.win32_1.5.0.202011040924/tools/bin/../lib/gcc/arm-none-eabi/7.3.1/../../../../arm-none-eabi/lib/thumb/v7-m\libc_nano.a(lib_a-signal.o)
                0x0000000008009790                raise
 .text._kill_r  0x00000000080097a0       0x24 c:/st/stm32cubeide_1.3.0/stm32cubeide/plugins/com.st.stm32cube.ide.mcu.externaltools.gnu-tools-for-stm32.7-2018-q2-update.win32_1.5.0.202011040924/tools/bin/../lib/gcc/arm-none-eabi/7.3.1/../../../../arm-none-eabi/lib/thumb/v7-m\libc_nano.a(lib_a-signalr.o)
                0x00000000080097a0                _kill_r
 .text._getpid_r
                0x00000000080097c4        0x4 c:/st/stm32cubeide_1.3.0/stm32cubeide/plugins/com.st.stm32cube.ide.mcu.externaltools.gnu-tools-for-stm32.7-2018-q2-update.win32_1.5.0.202011040924/tools/bin/../lib/gcc/arm-none-eabi/7.3.1/../../../../arm-none-eabi/lib/thumb/v7-m\libc_nano.a(lib_a-signalr.o)
                0x00000000080097c4                _getpid_r
 .text._malloc_r
                0x00000000080097c8       0xb4 c:/st/stm32cubeide_1.3.0/stm32cubeide/plugins/com.st.stm32cube.ide.mcu.externaltools.gnu-tools-for-stm32.7-2018-q2-update.win32_1.5.0.202011040924/tools/bin/../lib/gcc/arm-none-eabi/7.3.1/../../../../arm-none-eabi/lib/thumb/v7-m\libc_nano.a(lib_a-nano-mallocr.o)
                0x00000000080097c8                _malloc_r
 .text._realloc_r
                0x000000000800987c       0x4c c:/st/stm32cubeide_1.3.0/stm32cubeide/plugins/com.st.stm32cube.ide.mcu.externaltools.gnu-tools-for-stm32.7-2018-q2-update.win32_1.5.0.202011040924/tools/bin/../lib/gcc/arm-none-eabi/7.3.1/../../../../arm-none-eabi/lib/thumb/v7-m\libc_nano.a(lib_a-nano-reallocr.o)
                0x000000000800987c                _realloc_r
 .text._sbrk_r  0x00000000080098c8       0x20 c:/st/stm32cubeide_1.3.0/stm32cubeide/plugins/com.st.stm32cube.ide.mcu.externaltools.gnu-tools-for-stm32.7-2018-q2-update.win32_1.5.0.202011040924/tools/bin/../lib/gcc/arm-none-eabi/7.3.1/../../../../arm-none-eabi/lib/thumb/v7-m\libc_nano.a(lib_a-sbrkr.o)
                0x00000000080098c8                _sbrk_r
 .text.__malloc_lock
                0x00000000080098e8        0x2 c:/st/stm32cubeide_1.3.0/stm32cubeide/plugins/com.st.stm32cube.ide.mcu.externaltools.gnu-tools-for-stm32.7-2018-q2-update.win32_1.5.0.202011040924/tools/bin/../lib/gcc/arm-none-eabi/7.3.1/../../../../arm-none-eabi/lib/thumb/v7-m\libc_nano.a(lib_a-mlock.o)
                0x00000000080098e8                __malloc_lock
 .text.__malloc_unlock
                0x00000000080098ea        0x2 c:/st/stm32cubeide_1.3.0/stm32cubeide/plugins/com.st.stm32cube.ide.mcu.externaltools.gnu-tools-for-stm32.7-2018-q2-update.win32_1.5.0.202011040924/tools/bin/../lib/gcc/arm-none-eabi/7.3.1/../../../../arm-none-eabi/lib/thumb/v7-m\libc_nano.a(lib_a-mlock.o)
                0x00000000080098ea                __malloc_unlock
 .text._free_r  0x00000000080098ec       0x98 c:/st/stm32cubeide_1.3.0/stm32cubeide/plugins/com.st.stm32cube.ide.mcu.externaltools.gnu-tools-for-stm32.7-2018-q2-update.win32_1.5.0.202011040924/tools/bin/../lib/gcc/arm-none-eabi/7.3.1/../../../../arm-none-eabi/lib/thumb/v7-m\libc_nano.a(lib_a-nano-freer.o)
                0x00000000080098ec                _free_r
 .text._malloc_usable_size_r
                0x0000000008009984       0x10 c:/st/stm32cubeide_1.3.0/stm32cubeide/plugins/com.st.stm32cube.ide.mcu.externaltools.gnu-tools-for-stm32.7-2018-q2-update.win32_1.5.0.202011040924/tools/bin/../lib/gcc/arm-none-eabi/7.3.1/../../../../arm-none-eabi/lib/thumb/v7-m\libc_nano.a(lib_a-nano-msizer.o)
                0x0000000008009984                _malloc_usable_size_r
 *(.glue_7)
 .glue_7        0x0000000008009994        0x0 linker stubs
 *(.glue_7t)
 .glue_7t       0x0000000008009994        0x0 linker stubs
 *(.eh_frame)
 .eh_frame      0x0000000008009994        0x0 c:/st/stm32cubeide_1.3.0/stm32cubeide/plugins/com.st.stm32cube.ide.mcu.externaltools.gnu-tools-for-stm32.7-2018-q2-update.win32_1.5.0.202011040924/tools/bin/../lib/gcc/arm-none-eabi/7.3.1/thumb/v7-m/crtbegin.o
 *(.init)
 .init          0x0000000008009994        0x4 c:/st/stm32cubeide_1.3.0/stm32cubeide/plugins/com.st.stm32cube.ide.mcu.externaltools.gnu-tools-for-stm32.7-2018-q2-update.win32_1.5.0.202011040924/tools/bin/../lib/gcc/arm-none-eabi/7.3.1/thumb/v7-m/crti.o
                0x0000000008009994                _init
 .init          0x0000000008009998        0x8 c:/st/stm32cubeide_1.3.0/stm32cubeide/plugins/com.st.stm32cube.ide.mcu.externaltools.gnu-tools-for-stm32.7-2018-q2-update.win32_1.5.0.202011040924/tools/bin/../lib/gcc/arm-none-eabi/7.3.1/thumb/v7-m/crtn.o
 *(.fini)
 .fini          0x00000000080099a0        0x4 c:/st/stm32cubeide_1.3.0/stm32cubeide/plugins/com.st.stm32cube.ide.mcu.externaltools.gnu-tools-for-stm32.7-2018-q2-update.win32_1.5.0.202011040924/tools/bin/../lib/gcc/arm-none-eabi/7.3.1/thumb/v7-m/crti.o
                0x00000000080099a0                _fini
 .fini          0x00000000080099a4        0x8 c:/st/stm32cubeide_1.3.0/stm32cubeide/plugins/com.st.stm32cube.ide.mcu.externaltools.gnu-tools-for-stm32.7-2018-q2-update.win32_1.5.0.202011040924/tools/bin/../lib/gcc/arm-none-eabi/7.3.1/thumb/v7-m/crtn.o
                0x00000000080099ac                . = ALIGN (0x4)
                0x00000000080099ac                _etext = .

.vfp11_veneer   0x00000000080099ac        0x0
 .vfp11_veneer  0x00000000080099ac        0x0 linker stubs

.v4_bx          0x00000000080099ac        0x0
 .v4_bx         0x00000000080099ac        0x0 linker stubs

.iplt           0x00000000080099ac        0x0
 .iplt          0x00000000080099ac        0x0 c:/st/stm32cubeide_1.3.0/stm32cubeide/plugins/com.st.stm32cube.ide.mcu.externaltools.gnu-tools-for-stm32.7-2018-q2-update.win32_1.5.0.202011040924/tools/bin/../lib/gcc/arm-none-eabi/7.3.1/thumb/v7-m/crtbegin.o

.rodata         0x00000000080099ac      0x6c8
                0x00000000080099ac                . = ALIGN (0x4)
 *(.rodata)
 .rodata        0x00000000080099ac        0xc Core/Src/main.o
 .rodata        0x00000000080099b8      0x2e1 Core/Src/maincpp.o
 *fill*         0x0000000008009c99        0x3 
 .rodata        0x0000000008009c9c      0x216 Core/Src/xl430.o
 *fill*         0x0000000008009eb2        0x2 
 .rodata        0x0000000008009eb4       0x12 Drivers/STM32F1xx_HAL_Driver/Src/stm32f1xx_hal_rcc.o
 *fill*         0x0000000008009ec6        0x2 
 .rodata        0x0000000008009ec8        0x5 Middlewares/Third_Party/FreeRTOS/Source/tasks.o
 *fill*         0x0000000008009ecd        0x3 
 .rodata        0x0000000008009ed0        0xd Middlewares/Third_Party/FreeRTOS/Source/timers.o
 *(.rodata*)
 *fill*         0x0000000008009edd        0x3 
 .rodata.defaultTask_attributes
                0x0000000008009ee0       0x24 Core/Src/main.o
                0x0000000008009ee0                defaultTask_attributes
 .rodata._ZN14rosserial_msgsL12REQUESTPARAME
                0x0000000008009f04       0x1c Core/Src/maincpp.o
 .rodata._ZL5WRITE
                0x0000000008009f20        0x1 Core/Src/maincpp.o
 .rodata._ZL6REG_WR
                0x0000000008009f21        0x1 Core/Src/maincpp.o
 .rodata._ZL13TORQUE_ENABLE
                0x0000000008009f22        0x2 Core/Src/maincpp.o
 .rodata._ZL13GOAL_VELOCITY
                0x0000000008009f24        0x2 Core/Src/maincpp.o
 *fill*         0x0000000008009f26        0x2 
 .rodata._ZTVN3ros10SubscriberIN13geometry_msgs5TwistEvEE
                0x0000000008009f28       0x18 Core/Src/maincpp.o
                0x0000000008009f28                vtable for ros::Subscriber<geometry_msgs::Twist, void>
 .rodata._ZTVN3ros11NodeHandle_I13STM32HardwareLi25ELi25ELi512ELi512EEE
                0x0000000008009f40       0x14 Core/Src/maincpp.o
                0x0000000008009f40                vtable for ros::NodeHandle_<STM32Hardware, 25, 25, 512, 512>
 .rodata._ZTVN13geometry_msgs5TwistE
                0x0000000008009f54       0x18 Core/Src/maincpp.o
                0x0000000008009f54                vtable for geometry_msgs::Twist
 .rodata._ZTVN13geometry_msgs7Vector3E
                0x0000000008009f6c       0x18 Core/Src/maincpp.o
                0x0000000008009f6c                vtable for geometry_msgs::Vector3
 .rodata._ZTVN8std_msgs6StringE
                0x0000000008009f84       0x18 Core/Src/maincpp.o
                0x0000000008009f84                vtable for std_msgs::String
 .rodata._ZTVN3ros11Subscriber_E
                0x0000000008009f9c       0x18 Core/Src/maincpp.o
                0x0000000008009f9c                vtable for ros::Subscriber_
 .rodata._ZTVN3ros15NodeHandleBase_E
                0x0000000008009fb4       0x14 Core/Src/maincpp.o
                0x0000000008009fb4                vtable for ros::NodeHandleBase_
 .rodata._ZTVN14rosserial_msgs20RequestParamResponseE
                0x0000000008009fc8       0x18 Core/Src/maincpp.o
                0x0000000008009fc8                vtable for rosserial_msgs::RequestParamResponse
 .rodata._ZTVN14rosserial_msgs19RequestParamRequestE
                0x0000000008009fe0       0x18 Core/Src/maincpp.o
                0x0000000008009fe0                vtable for rosserial_msgs::RequestParamRequest
 .rodata._ZTVN14rosserial_msgs3LogE
                0x0000000008009ff8       0x18 Core/Src/maincpp.o
                0x0000000008009ff8                vtable for rosserial_msgs::Log
 .rodata._ZTVN14rosserial_msgs9TopicInfoE
                0x000000000800a010       0x18 Core/Src/maincpp.o
                0x000000000800a010                vtable for rosserial_msgs::TopicInfo
 .rodata._ZTVN8std_msgs4TimeE
                0x000000000800a028       0x18 Core/Src/maincpp.o
                0x000000000800a028                vtable for std_msgs::Time
 .rodata._ZTVN3ros3MsgE
                0x000000000800a040       0x18 Core/Src/maincpp.o
                0x000000000800a040                vtable for ros::Msg
 .rodata.AHBPrescTable
                0x000000000800a058       0x10 Core/Src/system_stm32f1xx.o
                0x000000000800a058                AHBPrescTable
 .rodata.APBPrescTable
                0x000000000800a068        0x8 Core/Src/system_stm32f1xx.o
                0x000000000800a068                APBPrescTable
 .rodata.header
                0x000000000800a070        0x4 Core/Src/xl430.o
                0x000000000800a070                header
                0x000000000800a074                . = ALIGN (0x4)

.rel.dyn        0x000000000800a074        0x0
 .rel.iplt      0x000000000800a074        0x0 c:/st/stm32cubeide_1.3.0/stm32cubeide/plugins/com.st.stm32cube.ide.mcu.externaltools.gnu-tools-for-stm32.7-2018-q2-update.win32_1.5.0.202011040924/tools/bin/../lib/gcc/arm-none-eabi/7.3.1/thumb/v7-m/crtbegin.o

.ARM.extab      0x000000000800a074        0x0
                0x000000000800a074                . = ALIGN (0x4)
 *(.ARM.extab* .gnu.linkonce.armextab.*)
                0x000000000800a074                . = ALIGN (0x4)

.ARM            0x000000000800a074        0x0
                0x000000000800a074                . = ALIGN (0x4)
                0x000000000800a074                __exidx_start = .
 *(.ARM.exidx*)
                0x000000000800a074                __exidx_end = .
                0x000000000800a074                . = ALIGN (0x4)

.preinit_array  0x000000000800a074        0x0
                0x000000000800a074                . = ALIGN (0x4)
                0x000000000800a074                PROVIDE (__preinit_array_start = .)
 *(.preinit_array*)
                0x000000000800a074                PROVIDE (__preinit_array_end = .)
                0x000000000800a074                . = ALIGN (0x4)

.init_array     0x000000000800a074        0x8
                0x000000000800a074                . = ALIGN (0x4)
                0x000000000800a074                PROVIDE (__init_array_start = .)
 *(SORT_BY_NAME(.init_array.*))
 *(.init_array*)
 .init_array    0x000000000800a074        0x4 c:/st/stm32cubeide_1.3.0/stm32cubeide/plugins/com.st.stm32cube.ide.mcu.externaltools.gnu-tools-for-stm32.7-2018-q2-update.win32_1.5.0.202011040924/tools/bin/../lib/gcc/arm-none-eabi/7.3.1/thumb/v7-m/crtbegin.o
 .init_array    0x000000000800a078        0x4 Core/Src/maincpp.o
                0x000000000800a07c                PROVIDE (__init_array_end = .)
                0x000000000800a07c                . = ALIGN (0x4)

.fini_array     0x000000000800a07c        0x4
                0x000000000800a07c                . = ALIGN (0x4)
                [!provide]                        PROVIDE (__fini_array_start = .)
 *(SORT_BY_NAME(.fini_array.*))
 *(.fini_array*)
 .fini_array    0x000000000800a07c        0x4 c:/st/stm32cubeide_1.3.0/stm32cubeide/plugins/com.st.stm32cube.ide.mcu.externaltools.gnu-tools-for-stm32.7-2018-q2-update.win32_1.5.0.202011040924/tools/bin/../lib/gcc/arm-none-eabi/7.3.1/thumb/v7-m/crtbegin.o
                [!provide]                        PROVIDE (__fini_array_end = .)
                0x000000000800a080                . = ALIGN (0x4)
                0x000000000800a080                _sidata = LOADADDR (.data)

.data           0x0000000020000000       0x90 load address 0x000000000800a080
                0x0000000020000000                . = ALIGN (0x4)
                0x0000000020000000                _sdata = .
 *(.data)
 *(.data*)
 .data.hello    0x0000000020000000        0xd Core/Src/maincpp.o
                0x0000000020000000                hello
 *fill*         0x000000002000000d        0x3 
 .data._roverBase_width
                0x0000000020000010        0x4 Core/Src/maincpp.o
                0x0000000020000010                _roverBase_width
 .data._wheelRadius
                0x0000000020000014        0x4 Core/Src/maincpp.o
                0x0000000020000014                _wheelRadius
 .data.SystemCoreClock
                0x0000000020000018        0x4 Core/Src/system_stm32f1xx.o
                0x0000000020000018                SystemCoreClock
 .data.uwTickPrio
                0x000000002000001c        0x4 Drivers/STM32F1xx_HAL_Driver/Src/stm32f1xx_hal.o
                0x000000002000001c                uwTickPrio
 .data.uwTickFreq
                0x0000000020000020        0x1 Drivers/STM32F1xx_HAL_Driver/Src/stm32f1xx_hal.o
                0x0000000020000020                uwTickFreq
 *fill*         0x0000000020000021        0x3 
 .data.uxCriticalNesting
                0x0000000020000024        0x4 Middlewares/Third_Party/FreeRTOS/Source/portable/GCC/ARM_CM3/port.o
 .data._ZN10__cxxabiv119__terminate_handlerE
                0x0000000020000028        0x4 c:/st/stm32cubeide_1.3.0/stm32cubeide/plugins/com.st.stm32cube.ide.mcu.externaltools.gnu-tools-for-stm32.7-2018-q2-update.win32_1.5.0.202011040924/tools/bin/../lib/gcc/arm-none-eabi/7.3.1/../../../../arm-none-eabi/lib/thumb/v7-m\libstdc++_nano.a(eh_term_handler.o)
                0x0000000020000028                __cxxabiv1::__terminate_handler
 .data._impure_ptr
                0x000000002000002c        0x4 c:/st/stm32cubeide_1.3.0/stm32cubeide/plugins/com.st.stm32cube.ide.mcu.externaltools.gnu-tools-for-stm32.7-2018-q2-update.win32_1.5.0.202011040924/tools/bin/../lib/gcc/arm-none-eabi/7.3.1/../../../../arm-none-eabi/lib/thumb/v7-m\libc_nano.a(lib_a-impure.o)
                0x000000002000002c                _impure_ptr
 .data.impure_data
                0x0000000020000030       0x60 c:/st/stm32cubeide_1.3.0/stm32cubeide/plugins/com.st.stm32cube.ide.mcu.externaltools.gnu-tools-for-stm32.7-2018-q2-update.win32_1.5.0.202011040924/tools/bin/../lib/gcc/arm-none-eabi/7.3.1/../../../../arm-none-eabi/lib/thumb/v7-m\libc_nano.a(lib_a-impure.o)
 *(.RamFunc)
 *(.RamFunc*)
                0x0000000020000090                . = ALIGN (0x4)
                0x0000000020000090                _edata = .

.igot.plt       0x0000000020000090        0x0 load address 0x000000000800a110
 .igot.plt      0x0000000020000090        0x0 c:/st/stm32cubeide_1.3.0/stm32cubeide/plugins/com.st.stm32cube.ide.mcu.externaltools.gnu-tools-for-stm32.7-2018-q2-update.win32_1.5.0.202011040924/tools/bin/../lib/gcc/arm-none-eabi/7.3.1/thumb/v7-m/crtbegin.o
                0x0000000020000090                . = ALIGN (0x4)

.bss            0x0000000020000090     0x2634 load address 0x000000000800a110
                0x0000000020000090                _sbss = .
                0x0000000020000090                __bss_start__ = _sbss
 *(.bss)
 .bss           0x0000000020000090       0x1c c:/st/stm32cubeide_1.3.0/stm32cubeide/plugins/com.st.stm32cube.ide.mcu.externaltools.gnu-tools-for-stm32.7-2018-q2-update.win32_1.5.0.202011040924/tools/bin/../lib/gcc/arm-none-eabi/7.3.1/thumb/v7-m/crtbegin.o
 *(.bss*)
 .bss._huart    0x00000000200000ac       0x40 Core/Src/maincpp.o
                0x00000000200000ac                _huart
 .bss.rx_buffer
                0x00000000200000ec       0x40 Core/Src/maincpp.o
                0x00000000200000ec                rx_buffer
 .bss._rxData   0x000000002000012c       0x42 Core/Src/maincpp.o
                0x000000002000012c                _rxData
 .bss._ZZN13STM32Hardware5flushEvE5mutex
                0x000000002000016e        0x1 Core/Src/maincpp.o
                0x000000002000016e                STM32Hardware::flush()::mutex
 *fill*         0x000000002000016f        0x1 
 .bss.nh        0x0000000020000170      0x93c Core/Src/maincpp.o
                0x0000000020000170                nh
 .bss.str_msg   0x0000000020000aac        0x8 Core/Src/maincpp.o
                0x0000000020000aac                str_msg
 .bss.chatter   0x0000000020000ab4       0x14 Core/Src/maincpp.o
                0x0000000020000ab4                chatter
 .bss._sub      0x0000000020000ac8       0x60 Core/Src/maincpp.o
                0x0000000020000ac8                _sub
 .bss.__sbrk_heap_end
                0x0000000020000b28        0x4 Core/Src/sysmem.o
 .bss.KernelState
                0x0000000020000b2c        0x4 Middlewares/Third_Party/FreeRTOS/Source/CMSIS_RTOS_V2/cmsis_os2.o
 .bss.Idle_TCB  0x0000000020000b30       0x5c Middlewares/Third_Party/FreeRTOS/Source/CMSIS_RTOS_V2/cmsis_os2.o
 .bss.Idle_Stack
                0x0000000020000b8c      0x200 Middlewares/Third_Party/FreeRTOS/Source/CMSIS_RTOS_V2/cmsis_os2.o
 .bss.Timer_TCB
                0x0000000020000d8c       0x5c Middlewares/Third_Party/FreeRTOS/Source/CMSIS_RTOS_V2/cmsis_os2.o
 .bss.Timer_Stack
                0x0000000020000de8      0x400 Middlewares/Third_Party/FreeRTOS/Source/CMSIS_RTOS_V2/cmsis_os2.o
 .bss.pxCurrentTCB
                0x00000000200011e8        0x4 Middlewares/Third_Party/FreeRTOS/Source/tasks.o
                0x00000000200011e8                pxCurrentTCB
 .bss.pxReadyTasksLists
                0x00000000200011ec      0x460 Middlewares/Third_Party/FreeRTOS/Source/tasks.o
 .bss.xDelayedTaskList1
                0x000000002000164c       0x14 Middlewares/Third_Party/FreeRTOS/Source/tasks.o
 .bss.xDelayedTaskList2
                0x0000000020001660       0x14 Middlewares/Third_Party/FreeRTOS/Source/tasks.o
 .bss.pxDelayedTaskList
                0x0000000020001674        0x4 Middlewares/Third_Party/FreeRTOS/Source/tasks.o
 .bss.pxOverflowDelayedTaskList
                0x0000000020001678        0x4 Middlewares/Third_Party/FreeRTOS/Source/tasks.o
 .bss.xPendingReadyList
                0x000000002000167c       0x14 Middlewares/Third_Party/FreeRTOS/Source/tasks.o
 .bss.xTasksWaitingTermination
                0x0000000020001690       0x14 Middlewares/Third_Party/FreeRTOS/Source/tasks.o
 .bss.uxDeletedTasksWaitingCleanUp
                0x00000000200016a4        0x4 Middlewares/Third_Party/FreeRTOS/Source/tasks.o
 .bss.xSuspendedTaskList
                0x00000000200016a8       0x14 Middlewares/Third_Party/FreeRTOS/Source/tasks.o
 .bss.uxCurrentNumberOfTasks
                0x00000000200016bc        0x4 Middlewares/Third_Party/FreeRTOS/Source/tasks.o
 .bss.xTickCount
                0x00000000200016c0        0x4 Middlewares/Third_Party/FreeRTOS/Source/tasks.o
 .bss.uxTopReadyPriority
                0x00000000200016c4        0x4 Middlewares/Third_Party/FreeRTOS/Source/tasks.o
 .bss.xSchedulerRunning
                0x00000000200016c8        0x4 Middlewares/Third_Party/FreeRTOS/Source/tasks.o
 .bss.uxPendedTicks
                0x00000000200016cc        0x4 Middlewares/Third_Party/FreeRTOS/Source/tasks.o
 .bss.xYieldPending
                0x00000000200016d0        0x4 Middlewares/Third_Party/FreeRTOS/Source/tasks.o
 .bss.xNumOfOverflows
                0x00000000200016d4        0x4 Middlewares/Third_Party/FreeRTOS/Source/tasks.o
 .bss.uxTaskNumber
                0x00000000200016d8        0x4 Middlewares/Third_Party/FreeRTOS/Source/tasks.o
 .bss.xNextTaskUnblockTime
                0x00000000200016dc        0x4 Middlewares/Third_Party/FreeRTOS/Source/tasks.o
 .bss.xIdleTaskHandle
                0x00000000200016e0        0x4 Middlewares/Third_Party/FreeRTOS/Source/tasks.o
 .bss.uxSchedulerSuspended
                0x00000000200016e4        0x4 Middlewares/Third_Party/FreeRTOS/Source/tasks.o
 .bss.xActiveTimerList1
                0x00000000200016e8       0x14 Middlewares/Third_Party/FreeRTOS/Source/timers.o
 .bss.xActiveTimerList2
                0x00000000200016fc       0x14 Middlewares/Third_Party/FreeRTOS/Source/timers.o
 .bss.pxCurrentTimerList
                0x0000000020001710        0x4 Middlewares/Third_Party/FreeRTOS/Source/timers.o
 .bss.pxOverflowTimerList
                0x0000000020001714        0x4 Middlewares/Third_Party/FreeRTOS/Source/timers.o
 .bss.xTimerQueue
                0x0000000020001718        0x4 Middlewares/Third_Party/FreeRTOS/Source/timers.o
 .bss.xTimerTaskHandle
                0x000000002000171c        0x4 Middlewares/Third_Party/FreeRTOS/Source/timers.o
 .bss.xLastTime.5452
                0x0000000020001720        0x4 Middlewares/Third_Party/FreeRTOS/Source/timers.o
 .bss.ucStaticTimerQueueStorage.5503
                0x0000000020001724       0xa0 Middlewares/Third_Party/FreeRTOS/Source/timers.o
 .bss.xStaticTimerQueue.5502
                0x00000000200017c4       0x50 Middlewares/Third_Party/FreeRTOS/Source/timers.o
 .bss.ucMaxSysCallPriority
                0x0000000020001814        0x1 Middlewares/Third_Party/FreeRTOS/Source/portable/GCC/ARM_CM3/port.o
 *fill*         0x0000000020001815        0x3 
 .bss.ulMaxPRIGROUPValue
                0x0000000020001818        0x4 Middlewares/Third_Party/FreeRTOS/Source/portable/GCC/ARM_CM3/port.o
 .bss.ucHeap    0x000000002000181c      0xc00 Middlewares/Third_Party/FreeRTOS/Source/portable/MemMang/heap_4.o
 .bss.xStart    0x000000002000241c        0x8 Middlewares/Third_Party/FreeRTOS/Source/portable/MemMang/heap_4.o
 .bss.pxEnd     0x0000000020002424        0x4 Middlewares/Third_Party/FreeRTOS/Source/portable/MemMang/heap_4.o
 .bss.xFreeBytesRemaining
                0x0000000020002428        0x4 Middlewares/Third_Party/FreeRTOS/Source/portable/MemMang/heap_4.o
 .bss.xMinimumEverFreeBytesRemaining
                0x000000002000242c        0x4 Middlewares/Third_Party/FreeRTOS/Source/portable/MemMang/heap_4.o
 .bss.xBlockAllocatedBit
                0x0000000020002430        0x4 Middlewares/Third_Party/FreeRTOS/Source/portable/MemMang/heap_4.o
 .bss.__malloc_free_list
                0x0000000020002434        0x4 c:/st/stm32cubeide_1.3.0/stm32cubeide/plugins/com.st.stm32cube.ide.mcu.externaltools.gnu-tools-for-stm32.7-2018-q2-update.win32_1.5.0.202011040924/tools/bin/../lib/gcc/arm-none-eabi/7.3.1/../../../../arm-none-eabi/lib/thumb/v7-m\libc_nano.a(lib_a-nano-mallocr.o)
                0x0000000020002434                __malloc_free_list
 .bss.__malloc_sbrk_start